0 verbose cli /usr/local/bin/node /usr/local/bin/npm
1 info using npm@11.6.2
2 info using node@v25.2.1
3 silly config load:file:/usr/local/lib/node_modules/npm/npmrc
4 silly config load:file:/Users/abdulbakibilici/Projects/efish/.npmrc
5 silly config load:file:/Users/abdulbakibilici/.npmrc
6 silly config load:file:/usr/local/etc/npmrc
7 verbose title npm i
8 verbose argv "i"
9 verbose logfile logs-max:10 dir:/Users/abdulbakibilici/Projects/efish/.npm-cache/_logs/2026-02-19T08_58_27_182Z-
10 verbose logfile /Users/abdulbakibilici/Projects/efish/.npm-cache/_logs/2026-02-19T08_58_27_182Z-debug-0.log
11 silly logfile start cleaning logs, removing 1 files
12 silly packumentCache heap:4496293888 maxSize:1124073472 maxEntrySize:562036736
13 silly logfile done cleaning log files
14 silly idealTree buildDeps
15 silly reify moves {}
16 silly audit bulk request {
16 silly audit   '@0no-co/graphql.web': [ '1.2.0' ],
16 silly audit   '@babel/code-frame': [ '7.27.1', '7.10.4' ],
16 silly audit   '@babel/compat-data': [ '7.28.5' ],
16 silly audit   '@babel/core': [ '7.28.5' ],
16 silly audit   '@babel/generator': [ '7.28.5' ],
16 silly audit   '@babel/helper-annotate-as-pure': [ '7.27.3' ],
16 silly audit   '@babel/helper-compilation-targets': [ '7.27.2' ],
16 silly audit   '@babel/helper-create-class-features-plugin': [ '7.28.5' ],
16 silly audit   '@babel/helper-create-regexp-features-plugin': [ '7.28.5' ],
16 silly audit   '@babel/helper-define-polyfill-provider': [ '0.6.5' ],
16 silly audit   '@babel/helper-globals': [ '7.28.0' ],
16 silly audit   '@babel/helper-member-expression-to-functions': [ '7.28.5' ],
16 silly audit   '@babel/helper-module-imports': [ '7.27.1' ],
16 silly audit   '@babel/helper-module-transforms': [ '7.28.3' ],
16 silly audit   '@babel/helper-optimise-call-expression': [ '7.27.1' ],
16 silly audit   '@babel/helper-plugin-utils': [ '7.27.1' ],
16 silly audit   '@babel/helper-remap-async-to-generator': [ '7.27.1' ],
16 silly audit   '@babel/helper-replace-supers': [ '7.27.1' ],
16 silly audit   '@babel/helper-skip-transparent-expression-wrappers': [ '7.27.1' ],
16 silly audit   '@babel/helper-string-parser': [ '7.27.1' ],
16 silly audit   '@babel/helper-validator-identifier': [ '7.28.5' ],
16 silly audit   '@babel/helper-validator-option': [ '7.27.1' ],
16 silly audit   '@babel/helper-wrap-function': [ '7.28.3' ],
16 silly audit   '@babel/helpers': [ '7.28.4' ],
16 silly audit   '@babel/highlight': [ '7.25.9' ],
16 silly audit   'ansi-styles': [ '3.2.1', '4.3.0', '5.2.0' ],
16 silly audit   chalk: [ '2.4.2', '4.1.2' ],
16 silly audit   'color-convert': [ '1.9.3', '2.0.1' ],
16 silly audit   'color-name': [ '1.1.3', '1.1.4' ],
16 silly audit   'escape-string-regexp': [ '1.0.5', '4.0.0', '2.0.0' ],
16 silly audit   'has-flag': [ '3.0.0', '4.0.0' ],
16 silly audit   'supports-color': [ '5.5.0', '8.1.1', '7.2.0' ],
16 silly audit   '@babel/parser': [ '7.28.5' ],
16 silly audit   '@babel/plugin-proposal-decorators': [ '7.28.0' ],
16 silly audit   '@babel/plugin-proposal-export-default-from': [ '7.27.1' ],
16 silly audit   '@babel/plugin-syntax-async-generators': [ '7.8.4' ],
16 silly audit   '@babel/plugin-syntax-bigint': [ '7.8.3' ],
16 silly audit   '@babel/plugin-syntax-class-properties': [ '7.12.13' ],
16 silly audit   '@babel/plugin-syntax-class-static-block': [ '7.14.5' ],
16 silly audit   '@babel/plugin-syntax-decorators': [ '7.27.1' ],
16 silly audit   '@babel/plugin-syntax-dynamic-import': [ '7.8.3' ],
16 silly audit   '@babel/plugin-syntax-export-default-from': [ '7.27.1' ],
16 silly audit   '@babel/plugin-syntax-flow': [ '7.27.1' ],
16 silly audit   '@babel/plugin-syntax-import-attributes': [ '7.27.1' ],
16 silly audit   '@babel/plugin-syntax-import-meta': [ '7.10.4' ],
16 silly audit   '@babel/plugin-syntax-json-strings': [ '7.8.3' ],
16 silly audit   '@babel/plugin-syntax-jsx': [ '7.27.1' ],
16 silly audit   '@babel/plugin-syntax-logical-assignment-operators': [ '7.10.4' ],
16 silly audit   '@babel/plugin-syntax-nullish-coalescing-operator': [ '7.8.3' ],
16 silly audit   '@babel/plugin-syntax-numeric-separator': [ '7.10.4' ],
16 silly audit   '@babel/plugin-syntax-object-rest-spread': [ '7.8.3' ],
16 silly audit   '@babel/plugin-syntax-optional-catch-binding': [ '7.8.3' ],
16 silly audit   '@babel/plugin-syntax-optional-chaining': [ '7.8.3' ],
16 silly audit   '@babel/plugin-syntax-private-property-in-object': [ '7.14.5' ],
16 silly audit   '@babel/plugin-syntax-top-level-await': [ '7.14.5' ],
16 silly audit   '@babel/plugin-syntax-typescript': [ '7.27.1' ],
16 silly audit   '@babel/plugin-transform-arrow-functions': [ '7.27.1' ],
16 silly audit   '@babel/plugin-transform-async-generator-functions': [ '7.28.0' ],
16 silly audit   '@babel/plugin-transform-async-to-generator': [ '7.27.1' ],
16 silly audit   '@babel/plugin-transform-block-scoping': [ '7.28.5' ],
16 silly audit   '@babel/plugin-transform-class-properties': [ '7.27.1' ],
16 silly audit   '@babel/plugin-transform-class-static-block': [ '7.28.3' ],
16 silly audit   '@babel/plugin-transform-classes': [ '7.28.4' ],
16 silly audit   '@babel/plugin-transform-computed-properties': [ '7.27.1' ],
16 silly audit   '@babel/plugin-transform-destructuring': [ '7.28.5' ],
16 silly audit   '@babel/plugin-transform-export-namespace-from': [ '7.27.1' ],
16 silly audit   '@babel/plugin-transform-flow-strip-types': [ '7.27.1' ],
16 silly audit   '@babel/plugin-transform-for-of': [ '7.27.1' ],
16 silly audit   '@babel/plugin-transform-function-name': [ '7.27.1' ],
16 silly audit   '@babel/plugin-transform-literals': [ '7.27.1' ],
16 silly audit   '@babel/plugin-transform-logical-assignment-operators': [ '7.28.5' ],
16 silly audit   '@babel/plugin-transform-modules-commonjs': [ '7.27.1' ],
16 silly audit   '@babel/plugin-transform-named-capturing-groups-regex': [ '7.27.1' ],
16 silly audit   '@babel/plugin-transform-nullish-coalescing-operator': [ '7.27.1' ],
16 silly audit   '@babel/plugin-transform-numeric-separator': [ '7.27.1' ],
16 silly audit   '@babel/plugin-transform-object-rest-spread': [ '7.28.4' ],
16 silly audit   '@babel/plugin-transform-optional-catch-binding': [ '7.27.1' ],
16 silly audit   '@babel/plugin-transform-optional-chaining': [ '7.28.5' ],
16 silly audit   '@babel/plugin-transform-parameters': [ '7.27.7' ],
16 silly audit   '@babel/plugin-transform-private-methods': [ '7.27.1' ],
16 silly audit   '@babel/plugin-transform-private-property-in-object': [ '7.27.1' ],
16 silly audit   '@babel/plugin-transform-react-display-name': [ '7.28.0' ],
16 silly audit   '@babel/plugin-transform-react-jsx': [ '7.27.1' ],
16 silly audit   '@babel/plugin-transform-react-jsx-development': [ '7.27.1' ],
16 silly audit   '@babel/plugin-transform-react-jsx-self': [ '7.27.1' ],
16 silly audit   '@babel/plugin-transform-react-jsx-source': [ '7.27.1' ],
16 silly audit   '@babel/plugin-transform-react-pure-annotations': [ '7.27.1' ],
16 silly audit   '@babel/plugin-transform-regenerator': [ '7.28.4' ],
16 silly audit   '@babel/plugin-transform-runtime': [ '7.28.5' ],
16 silly audit   '@babel/plugin-transform-shorthand-properties': [ '7.27.1' ],
16 silly audit   '@babel/plugin-transform-spread': [ '7.27.1' ],
16 silly audit   '@babel/plugin-transform-sticky-regex': [ '7.27.1' ],
16 silly audit   '@babel/plugin-transform-template-literals': [ '7.27.1' ],
16 silly audit   '@babel/plugin-transform-typescript': [ '7.28.5' ],
16 silly audit   '@babel/plugin-transform-unicode-regex': [ '7.27.1' ],
16 silly audit   '@babel/preset-react': [ '7.28.5' ],
16 silly audit   '@babel/preset-typescript': [ '7.28.5' ],
16 silly audit   '@babel/runtime': [ '7.28.4' ],
16 silly audit   '@babel/template': [ '7.27.2' ],
16 silly audit   '@babel/traverse': [ '7.28.5' ],
16 silly audit   '@babel/types': [ '7.28.5' ],
16 silly audit   '@egjs/hammerjs': [ '2.0.17' ],
16 silly audit   '@emnapi/core': [ '1.7.1' ],
16 silly audit   '@emnapi/runtime': [ '1.7.1' ],
16 silly audit   '@emnapi/wasi-threads': [ '1.1.0' ],
16 silly audit   '@eslint-community/eslint-utils': [ '4.9.0' ],
16 silly audit   'eslint-visitor-keys': [ '3.4.3', '4.2.1' ],
16 silly audit   '@eslint-community/regexpp': [ '4.12.2' ],
16 silly audit   '@eslint/config-array': [ '0.21.1' ],
16 silly audit   '@eslint/config-helpers': [ '0.4.2' ],
16 silly audit   '@eslint/core': [ '0.17.0' ],
16 silly audit   '@eslint/eslintrc': [ '3.3.3' ],
16 silly audit   '@eslint/js': [ '9.39.1' ],
16 silly audit   '@eslint/object-schema': [ '2.1.7' ],
16 silly audit   '@eslint/plugin-kit': [ '0.4.1' ],
16 silly audit   '@expo/code-signing-certificates': [ '0.0.5' ],
16 silly audit   '@expo/config': [ '12.0.12' ],
16 silly audit   '@expo/config-plugins': [ '54.0.4' ],
16 silly audit   semver: [ '7.7.3', '7.6.3', '7.7.2', '6.3.1' ],
16 silly audit   '@expo/config-types': [ '54.0.10' ],
16 silly audit   '@expo/devcert': [ '1.2.1' ],
16 silly audit   debug: [ '3.2.7', '2.6.9', '4.4.3' ],
16 silly audit   '@expo/devtools': [ '0.1.8' ],
16 silly audit   '@expo/env': [ '2.0.8' ],
16 silly audit   '@expo/fingerprint': [ '0.15.4' ],
16 silly audit   'brace-expansion': [ '2.0.2', '1.1.12' ],
16 silly audit   minimatch: [ '9.0.5', '10.1.1', '3.1.2' ],
16 silly audit   '@expo/image-utils': [ '0.8.8' ],
16 silly audit   '@expo/json-file': [ '10.0.8' ],
16 silly audit   '@expo/metro': [ '54.1.0' ],
16 silly audit   '@expo/metro-config': [ '54.0.11' ],
16 silly audit   '@expo/metro-runtime': [ '6.1.2' ],
16 silly audit   '@expo/osascript': [ '2.3.8' ],
16 silly audit   '@expo/package-manager': [ '1.9.9' ],
16 silly audit   '@expo/plist': [ '0.4.8' ],
16 silly audit   '@expo/prebuild-config': [ '54.0.7' ],
16 silly audit   '@expo/schema-utils': [ '0.1.8' ],
16 silly audit   '@expo/sdk-runtime-versions': [ '1.0.0' ],
16 silly audit   '@expo/spawn-async': [ '1.7.2' ],
16 silly audit   '@expo/sudo-prompt': [ '9.3.2' ],
16 silly audit   '@expo/vector-icons': [ '15.0.3' ],
16 silly audit   '@expo/ws-tunnel': [ '1.0.6' ],
16 silly audit   '@expo/xcpretty': [ '4.3.2' ],
16 silly audit   '@gorhom/bottom-sheet': [ '5.2.8' ],
16 silly audit   '@gorhom/portal': [ '1.0.14' ],
16 silly audit   '@humanfs/core': [ '0.19.1' ],
16 silly audit   '@humanfs/node': [ '0.16.7' ],
16 silly audit   '@humanwhocodes/module-importer': [ '1.0.1' ],
16 silly audit   '@humanwhocodes/retry': [ '0.4.3' ],
16 silly audit   '@isaacs/balanced-match': [ '4.0.1' ],
16 silly audit   '@isaacs/brace-expansion': [ '5.0.0' ],
16 silly audit   '@isaacs/fs-minipass': [ '4.0.1' ],
16 silly audit   '@isaacs/ttlcache': [ '1.4.1' ],
16 silly audit   '@istanbuljs/load-nyc-config': [ '1.1.0' ],
16 silly audit   argparse: [ '1.0.10', '2.0.1' ],
16 silly audit   camelcase: [ '5.3.1', '6.3.0' ],
16 silly audit   'find-up': [ '4.1.0', '5.0.0' ],
16 silly audit   'js-yaml': [ '3.14.2', '4.1.1' ],
16 silly audit   'locate-path': [ '5.0.0', '6.0.0' ],
16 silly audit   'p-limit': [ '2.3.0', '3.1.0' ],
16 silly audit   'p-locate': [ '4.1.0', '5.0.0' ],
16 silly audit   '@istanbuljs/schema': [ '0.1.3' ],
16 silly audit   '@jest/create-cache-key-function': [ '29.7.0' ],
16 silly audit   '@jest/environment': [ '29.7.0' ],
16 silly audit   '@jest/fake-timers': [ '29.7.0' ],
16 silly audit   '@jest/schemas': [ '29.6.3' ],
16 silly audit   '@jest/transform': [ '29.7.0' ],
16 silly audit   '@jest/types': [ '29.6.3' ],
16 silly audit   '@jridgewell/gen-mapping': [ '0.3.13' ],
16 silly audit   '@jridgewell/remapping': [ '2.3.5' ],
16 silly audit   '@jridgewell/resolve-uri': [ '3.1.2' ],
16 silly audit   '@jridgewell/source-map': [ '0.3.11' ],
16 silly audit   '@jridgewell/sourcemap-codec': [ '1.5.5' ],
16 silly audit   '@jridgewell/trace-mapping': [ '0.3.31' ],
16 silly audit   '@napi-rs/wasm-runtime': [ '0.2.12' ],
16 silly audit   '@nolyfill/is-core-module': [ '1.0.39' ],
16 silly audit   '@radix-ui/primitive': [ '1.1.3' ],
16 silly audit   '@radix-ui/react-compose-refs': [ '1.1.2' ],
16 silly audit   '@radix-ui/react-context': [ '1.1.2' ],
16 silly audit   '@radix-ui/react-direction': [ '1.1.1' ],
16 silly audit   '@radix-ui/react-focus-guards': [ '1.1.3' ],
16 silly audit   '@radix-ui/react-id': [ '1.1.1' ],
16 silly audit   '@radix-ui/react-slot': [ '1.2.0', '1.2.3' ],
16 silly audit   '@radix-ui/react-use-callback-ref': [ '1.1.1' ],
16 silly audit   '@radix-ui/react-use-controllable-state': [ '1.2.2' ],
16 silly audit   '@radix-ui/react-use-effect-event': [ '0.0.2' ],
16 silly audit   '@radix-ui/react-use-escape-keydown': [ '1.1.1' ],
16 silly audit   '@radix-ui/react-use-layout-effect': [ '1.1.1' ],
16 silly audit   '@react-native-async-storage/async-storage': [ '2.2.0' ],
16 silly audit   '@react-native/assets-registry': [ '0.81.5' ],
16 silly audit   '@react-native/babel-plugin-codegen': [ '0.81.5' ],
16 silly audit   '@react-native/babel-preset': [ '0.81.5' ],
16 silly audit   '@react-native/codegen': [ '0.81.5' ],
16 silly audit   glob: [ '7.2.3', '13.0.0' ],
16 silly audit   '@react-native/community-cli-plugin': [ '0.81.5' ],
16 silly audit   '@react-native/debugger-frontend': [ '0.81.5' ],
16 silly audit   '@react-native/dev-middleware': [ '0.81.5' ],
16 silly audit   ws: [ '6.2.3', '8.18.3', '7.5.10' ],
16 silly audit   '@react-native/gradle-plugin': [ '0.81.5' ],
16 silly audit   '@react-native/js-polyfills': [ '0.81.5' ],
16 silly audit   '@react-native/normalize-colors': [ '0.81.5', '0.74.89' ],
16 silly audit   '@react-navigation/bottom-tabs': [ '7.8.12' ],
16 silly audit   '@react-navigation/core': [ '7.13.6' ],
16 silly audit   '@react-navigation/elements': [ '2.9.2' ],
16 silly audit   '@react-navigation/native': [ '7.1.25' ],
16 silly audit   '@react-navigation/native-stack': [ '7.8.6' ],
16 silly audit   '@react-navigation/routers': [ '7.5.2' ],
16 silly audit   '@rtsao/scc': [ '1.1.0' ],
16 silly audit   '@sentry-internal/browser-utils': [ '10.38.0' ],
16 silly audit   '@sentry-internal/feedback': [ '10.38.0' ],
16 silly audit   '@sentry-internal/replay': [ '10.38.0' ],
16 silly audit   '@sentry-internal/replay-canvas': [ '10.38.0' ],
16 silly audit   '@sentry/babel-plugin-component-annotate': [ '4.9.1' ],
16 silly audit   '@sentry/browser': [ '10.38.0' ],
16 silly audit   '@sentry/cli': [ '3.2.0' ],
16 silly audit   '@sentry/cli-darwin': [ '3.2.0' ],
16 silly audit   '@sentry/cli-linux-arm': [ '3.2.0' ],
16 silly audit   '@sentry/cli-linux-arm64': [ '3.2.0' ],
16 silly audit   '@sentry/cli-linux-i686': [ '3.2.0' ],
16 silly audit   '@sentry/cli-linux-x64': [ '3.2.0' ],
16 silly audit   '@sentry/cli-win32-arm64': [ '3.2.0' ],
16 silly audit   '@sentry/cli-win32-i686': [ '3.2.0' ],
16 silly audit   '@sentry/cli-win32-x64': [ '3.2.0' ],
16 silly audit   '@sentry/core': [ '10.38.0' ],
16 silly audit   '@sentry/react': [ '10.38.0' ],
16 silly audit   '@sentry/react-native': [ '8.0.0' ],
16 silly audit   '@sentry/types': [ '10.38.0' ],
16 silly audit   '@sinclair/typebox': [ '0.27.8' ],
16 silly audit   '@sinonjs/commons': [ '3.0.1' ],
16 silly audit   '@sinonjs/fake-timers': [ '10.3.0' ],
16 silly audit   '@tybys/wasm-util': [ '0.10.1' ],
16 silly audit   '@types/babel__core': [ '7.20.5' ],
16 silly audit   '@types/babel__generator': [ '7.27.0' ],
16 silly audit   '@types/babel__template': [ '7.4.4' ],
16 silly audit   '@types/babel__traverse': [ '7.28.0' ],
16 silly audit   '@types/estree': [ '1.0.8' ],
16 silly audit   '@types/geojson': [ '7946.0.16' ],
16 silly audit   '@types/graceful-fs': [ '4.1.9' ],
16 silly audit   '@types/hammerjs': [ '2.0.46' ],
16 silly audit   '@types/istanbul-lib-coverage': [ '2.0.6' ],
16 silly audit   '@types/istanbul-lib-report': [ '3.0.3' ],
16 silly audit   '@types/istanbul-reports': [ '3.0.4' ],
16 silly audit   '@types/json-schema': [ '7.0.15' ],
16 silly audit   '@types/json5': [ '0.0.29' ],
16 silly audit   '@types/node': [ '25.0.1' ],
16 silly audit   '@types/react': [ '19.1.17' ],
16 silly audit   '@types/stack-utils': [ '2.0.3' ],
16 silly audit   '@types/yargs': [ '17.0.35' ],
16 silly audit   '@types/yargs-parser': [ '21.0.3' ],
16 silly audit   '@typescript-eslint/eslint-plugin': [ '8.49.0' ],
16 silly audit   ignore: [ '7.0.5', '5.3.2' ],
16 silly audit   '@typescript-eslint/parser': [ '8.49.0' ],
16 silly audit   '@typescript-eslint/project-service': [ '8.49.0' ],
16 silly audit   '@typescript-eslint/scope-manager': [ '8.49.0' ],
16 silly audit   '@typescript-eslint/tsconfig-utils': [ '8.49.0' ],
16 silly audit   '@typescript-eslint/type-utils': [ '8.49.0' ],
16 silly audit   '@typescript-eslint/types': [ '8.49.0' ],
16 silly audit   '@typescript-eslint/typescript-estree': [ '8.49.0' ],
16 silly audit   '@typescript-eslint/utils': [ '8.49.0' ],
16 silly audit   '@typescript-eslint/visitor-keys': [ '8.49.0' ],
16 silly audit   '@ungap/structured-clone': [ '1.3.0' ],
16 silly audit   '@unrs/resolver-binding-android-arm-eabi': [ '1.11.1' ],
16 silly audit   '@unrs/resolver-binding-android-arm64': [ '1.11.1' ],
16 silly audit   '@unrs/resolver-binding-darwin-arm64': [ '1.11.1' ],
16 silly audit   '@unrs/resolver-binding-darwin-x64': [ '1.11.1' ],
16 silly audit   '@unrs/resolver-binding-freebsd-x64': [ '1.11.1' ],
16 silly audit   '@unrs/resolver-binding-linux-arm-gnueabihf': [ '1.11.1' ],
16 silly audit   '@unrs/resolver-binding-linux-arm-musleabihf': [ '1.11.1' ],
16 silly audit   '@unrs/resolver-binding-linux-arm64-gnu': [ '1.11.1' ],
16 silly audit   '@unrs/resolver-binding-linux-arm64-musl': [ '1.11.1' ],
16 silly audit   '@unrs/resolver-binding-linux-ppc64-gnu': [ '1.11.1' ],
16 silly audit   '@unrs/resolver-binding-linux-riscv64-gnu': [ '1.11.1' ],
16 silly audit   '@unrs/resolver-binding-linux-riscv64-musl': [ '1.11.1' ],
16 silly audit   '@unrs/resolver-binding-linux-s390x-gnu': [ '1.11.1' ],
16 silly audit   '@unrs/resolver-binding-linux-x64-gnu': [ '1.11.1' ],
16 silly audit   '@unrs/resolver-binding-linux-x64-musl': [ '1.11.1' ],
16 silly audit   '@unrs/resolver-binding-wasm32-wasi': [ '1.11.1' ],
16 silly audit   '@unrs/resolver-binding-win32-arm64-msvc': [ '1.11.1' ],
16 silly audit   '@unrs/resolver-binding-win32-ia32-msvc': [ '1.11.1' ],
16 silly audit   '@unrs/resolver-binding-win32-x64-msvc': [ '1.11.1' ],
16 silly audit   '@urql/core': [ '5.2.0' ],
16 silly audit   '@urql/exchange-retry': [ '1.3.2' ],
16 silly audit   '@xmldom/xmldom': [ '0.8.11' ],
16 silly audit   'abort-controller': [ '3.0.0' ],
16 silly audit   accepts: [ '1.3.8' ],
16 silly audit   acorn: [ '8.15.0' ],
16 silly audit   'acorn-jsx': [ '5.3.2' ],
16 silly audit   'agent-base': [ '7.1.4' ],
16 silly audit   ajv: [ '6.12.6' ],
16 silly audit   anser: [ '1.4.10' ],
16 silly audit   'ansi-escapes': [ '4.3.2' ],
16 silly audit   'type-fest': [ '0.21.3', '0.7.1' ],
16 silly audit   'ansi-regex': [ '5.0.1', '4.1.1' ],
16 silly audit   'any-promise': [ '1.3.0' ],
16 silly audit   anymatch: [ '3.1.3' ],
16 silly audit   arg: [ '5.0.2' ],
16 silly audit   'aria-hidden': [ '1.2.6' ],
16 silly audit   'array-buffer-byte-length': [ '1.0.2' ],
16 silly audit   'array-includes': [ '3.1.9' ],
16 silly audit   'array.prototype.findlast': [ '1.2.5' ],
16 silly audit   'array.prototype.findlastindex': [ '1.2.6' ],
16 silly audit   'array.prototype.flat': [ '1.3.3' ],
16 silly audit   'array.prototype.flatmap': [ '1.3.3' ],
16 silly audit   'array.prototype.tosorted': [ '1.1.4' ],
16 silly audit   'arraybuffer.prototype.slice': [ '1.0.4' ],
16 silly audit   asap: [ '2.0.6' ],
16 silly audit   'async-function': [ '1.0.0' ],
16 silly audit   'async-limiter': [ '1.0.1' ],
16 silly audit   asynckit: [ '0.4.0' ],
16 silly audit   'available-typed-arrays': [ '1.0.7' ],
16 silly audit   axios: [ '1.13.2' ],
16 silly audit   'babel-jest': [ '29.7.0' ],
16 silly audit   'babel-plugin-istanbul': [ '6.1.1' ],
16 silly audit   'babel-plugin-jest-hoist': [ '29.6.3' ],
16 silly audit   'babel-plugin-polyfill-corejs2': [ '0.4.14' ],
16 silly audit   'babel-plugin-polyfill-corejs3': [ '0.13.0' ],
16 silly audit   'babel-plugin-polyfill-regenerator': [ '0.6.5' ],
16 silly audit   'babel-plugin-react-compiler': [ '1.0.0' ],
16 silly audit   'babel-plugin-react-native-web': [ '0.21.2' ],
16 silly audit   'babel-plugin-syntax-hermes-parser': [ '0.29.1' ],
16 silly audit   'babel-plugin-transform-flow-enums': [ '0.0.2' ],
16 silly audit   'babel-preset-current-node-syntax': [ '1.2.0' ],
16 silly audit   'babel-preset-expo': [ '54.0.8' ],
16 silly audit   'babel-preset-jest': [ '29.6.3' ],
16 silly audit   'balanced-match': [ '1.0.2' ],
16 silly audit   'base64-js': [ '1.5.1' ],
16 silly audit   'baseline-browser-mapping': [ '2.9.6' ],
16 silly audit   'better-opn': [ '3.0.2' ],
16 silly audit   open: [ '8.4.2', '7.4.2' ],
16 silly audit   'big-integer': [ '1.6.52' ],
16 silly audit   boolbase: [ '1.0.0' ],
16 silly audit   'bplist-creator': [ '0.1.0' ],
16 silly audit   'bplist-parser': [ '0.3.1' ],
16 silly audit   braces: [ '3.0.3' ],
16 silly audit   browserslist: [ '4.28.1' ],
16 silly audit   bser: [ '2.1.1' ],
16 silly audit   buffer: [ '5.7.1' ],
16 silly audit   'buffer-from': [ '1.1.2' ],
16 silly audit   bytes: [ '3.1.2' ],
16 silly audit   'call-bind': [ '1.0.8' ],
16 silly audit   'call-bind-apply-helpers': [ '1.0.2' ],
16 silly audit   'call-bound': [ '1.0.4' ],
16 silly audit   callsites: [ '3.1.0' ],
16 silly audit   'caniuse-lite': [ '1.0.30001760' ],
16 silly audit   chownr: [ '3.0.0' ],
16 silly audit   'chrome-launcher': [ '0.15.2' ],
16 silly audit   'chromium-edge-launcher': [ '0.2.0' ],
16 silly audit   'ci-info': [ '2.0.0', '3.9.0' ],
16 silly audit   'cli-cursor': [ '2.1.0' ],
16 silly audit   'cli-spinners': [ '2.9.2' ],
16 silly audit   'client-only': [ '0.0.1' ],
16 silly audit   cliui: [ '8.0.1' ],
16 silly audit   clone: [ '1.0.4' ],
16 silly audit   color: [ '4.2.3' ],
16 silly audit   'color-string': [ '1.9.1' ],
16 silly audit   'combined-stream': [ '1.0.8' ],
16 silly audit   commander: [ '7.2.0', '12.1.0', '4.1.1', '2.20.3' ],
16 silly audit   compressible: [ '2.0.18' ],
16 silly audit   compression: [ '1.8.1' ],
16 silly audit   ms: [ '2.0.0', '2.1.3' ],
16 silly audit   negotiator: [ '0.6.4', '0.6.3' ],
16 silly audit   'concat-map': [ '0.0.1' ],
16 silly audit   connect: [ '3.7.0' ],
16 silly audit   'convert-source-map': [ '2.0.0' ],
16 silly audit   'core-js-compat': [ '3.47.0' ],
16 silly audit   'cross-fetch': [ '3.2.0' ],
16 silly audit   'cross-spawn': [ '7.0.6' ],
16 silly audit   'crypto-random-string': [ '2.0.0' ],
16 silly audit   'css-in-js-utils': [ '3.1.0' ],
16 silly audit   'css-select': [ '5.2.2' ],
16 silly audit   'css-tree': [ '1.1.3' ],
16 silly audit   'source-map': [ '0.6.1', '0.5.7' ],
16 silly audit   'css-what': [ '6.2.2' ],
16 silly audit   csstype: [ '3.2.3' ],
16 silly audit   'data-view-buffer': [ '1.0.2' ],
16 silly audit   'data-view-byte-length': [ '1.0.2' ],
16 silly audit   'data-view-byte-offset': [ '1.0.1' ],
16 silly audit   'decode-uri-component': [ '0.2.2' ],
16 silly audit   'deep-extend': [ '0.6.0' ],
16 silly audit   'deep-is': [ '0.1.4' ],
16 silly audit   deepmerge: [ '4.3.1' ],
16 silly audit   defaults: [ '1.0.4' ],
16 silly audit   'define-data-property': [ '1.1.4' ],
16 silly audit   'define-lazy-prop': [ '2.0.0' ],
16 silly audit   'define-properties': [ '1.2.1' ],
16 silly audit   'delayed-stream': [ '1.0.0' ],
16 silly audit   depd: [ '2.0.0' ],
16 silly audit   destroy: [ '1.2.0' ],
16 silly audit   'detect-libc': [ '2.1.2' ],
16 silly audit   'detect-node-es': [ '1.1.0' ],
16 silly audit   doctrine: [ '2.1.0' ],
16 silly audit   'dom-serializer': [ '2.0.0' ],
16 silly audit   domelementtype: [ '2.3.0' ],
16 silly audit   domhandler: [ '5.0.3' ],
16 silly audit   domutils: [ '3.2.2' ],
16 silly audit   dotenv: [ '16.4.7' ],
16 silly audit   'dotenv-expand': [ '11.0.7' ],
16 silly audit   'dunder-proto': [ '1.0.1' ],
16 silly audit   'ee-first': [ '1.1.1' ],
16 silly audit   'electron-to-chromium': [ '1.5.267' ],
16 silly audit   'emoji-regex': [ '8.0.0' ],
16 silly audit   encodeurl: [ '1.0.2', '2.0.0' ],
16 silly audit   entities: [ '4.5.0' ],
16 silly audit   'env-editor': [ '0.4.2' ],
16 silly audit   'error-stack-parser': [ '2.1.4' ],
16 silly audit   'es-abstract': [ '1.24.0' ],
16 silly audit   'es-define-property': [ '1.0.1' ],
16 silly audit   'es-errors': [ '1.3.0' ],
16 silly audit   'es-iterator-helpers': [ '1.2.1' ],
16 silly audit   'es-object-atoms': [ '1.1.1' ],
16 silly audit   'es-set-tostringtag': [ '2.1.0' ],
16 silly audit   'es-shim-unscopables': [ '1.1.0' ],
16 silly audit   'es-to-primitive': [ '1.3.0' ],
16 silly audit   escalade: [ '3.2.0' ],
16 silly audit   'escape-html': [ '1.0.3' ],
16 silly audit   eslint: [ '9.39.1' ],
16 silly audit   'eslint-config-expo': [ '10.0.0' ],
16 silly audit   globals: [ '16.5.0', '14.0.0' ],
16 silly audit   'eslint-import-resolver-node': [ '0.3.9' ],
16 silly audit   'eslint-import-resolver-typescript': [ '3.10.1' ],
16 silly audit   'eslint-module-utils': [ '2.12.1' ],
16 silly audit   'eslint-plugin-expo': [ '1.0.0' ],
16 silly audit   'eslint-plugin-import': [ '2.32.0' ],
16 silly audit   'eslint-plugin-react': [ '7.37.5' ],
16 silly audit   'eslint-plugin-react-hooks': [ '5.2.0' ],
16 silly audit   resolve: [ '2.0.0-next.5', '1.7.1', '1.22.11' ],
16 silly audit   'eslint-scope': [ '8.4.0' ],
16 silly audit   espree: [ '10.4.0' ],
16 silly audit   esprima: [ '4.0.1' ],
16 silly audit   esquery: [ '1.6.0' ],
16 silly audit   esrecurse: [ '4.3.0' ],
16 silly audit   estraverse: [ '5.3.0' ],
16 silly audit   esutils: [ '2.0.3' ],
16 silly audit   etag: [ '1.8.1' ],
16 silly audit   'event-target-shim': [ '5.0.1' ],
16 silly audit   'exec-async': [ '2.2.0' ],
16 silly audit   expo: [ '54.0.29' ],
16 silly audit   'expo-application': [ '7.0.8' ],
16 silly audit   'expo-asset': [ '12.0.11' ],
16 silly audit   'expo-camera': [ '17.0.10' ],
16 silly audit   'expo-constants': [ '18.0.12' ],
16 silly audit   'expo-device': [ '8.0.10' ],
16 silly audit   'ua-parser-js': [ '0.7.41', '1.0.41' ],
16 silly audit   'expo-file-system': [ '19.0.21' ],
16 silly audit   'expo-font': [ '14.0.10' ],
16 silly audit   'expo-haptics': [ '15.0.8' ],
16 silly audit   'expo-image': [ '3.0.11' ],
16 silly audit   'expo-keep-awake': [ '15.0.8' ],
16 silly audit   'expo-linear-gradient': [ '15.0.8' ],
16 silly audit   'expo-linking': [ '8.0.10' ],
16 silly audit   'expo-location': [ '19.0.8' ],
16 silly audit   'expo-modules-autolinking': [ '3.0.23' ],
16 silly audit   'expo-modules-core': [ '3.0.29' ],
16 silly audit   'expo-router': [ '6.0.19' ],
16 silly audit   '@radix-ui/react-collection': [ '1.1.7' ],
16 silly audit   '@radix-ui/react-presence': [ '1.1.5' ],
16 silly audit   '@radix-ui/react-primitive': [ '2.1.3' ],
16 silly audit   '@radix-ui/react-roving-focus': [ '1.1.11' ],
16 silly audit   '@radix-ui/react-tabs': [ '1.1.13' ],
16 silly audit   'expo-secure-store': [ '15.0.8' ],
16 silly audit   'expo-sensors': [ '15.0.8' ],
16 silly audit   'expo-server': [ '1.0.5' ],
16 silly audit   'expo-splash-screen': [ '31.0.12' ],
16 silly audit   'expo-status-bar': [ '3.0.9' ],
16 silly audit   'expo-symbols': [ '1.0.8' ],
16 silly audit   'expo-system-ui': [ '6.0.9' ],
16 silly audit   'expo-web-browser': [ '15.0.10' ],
16 silly audit   '@expo/cli': [ '54.0.19' ],
16 silly audit   picomatch: [ '3.0.1', '2.3.1', '4.0.3' ],
16 silly audit   'exponential-backoff': [ '3.1.3' ],
16 silly audit   'fast-deep-equal': [ '3.1.3' ],
16 silly audit   'fast-json-stable-stringify': [ '2.1.0' ],
16 silly audit   'fast-levenshtein': [ '2.0.6' ],
16 silly audit   'fb-watchman': [ '2.0.2' ],
16 silly audit   fbjs: [ '3.0.5' ],
16 silly audit   'fbjs-css-vars': [ '1.0.2' ],
16 silly audit   promise: [ '7.3.1', '8.3.0' ],
16 silly audit   'file-entry-cache': [ '8.0.0' ],
16 silly audit   'fill-range': [ '7.1.1' ],
16 silly audit   'filter-obj': [ '1.1.0' ],
16 silly audit   finalhandler: [ '1.1.2' ],
16 silly audit   'flat-cache': [ '4.0.1' ],
16 silly audit   flatted: [ '3.3.3' ],
16 silly audit   'flow-enums-runtime': [ '0.0.6' ],
16 silly audit   'follow-redirects': [ '1.15.11' ],
16 silly audit   fontfaceobserver: [ '2.3.0' ],
16 silly audit   'for-each': [ '0.3.5' ],
16 silly audit   'form-data': [ '4.0.5' ],
16 silly audit   'freeport-async': [ '2.0.0' ],
16 silly audit   fresh: [ '0.5.2' ],
16 silly audit   'fs.realpath': [ '1.0.0' ],
16 silly audit   fsevents: [ '2.3.3' ],
16 silly audit   'function-bind': [ '1.1.2' ],
16 silly audit   'function.prototype.name': [ '1.1.8' ],
16 silly audit   'functions-have-names': [ '1.2.3' ],
16 silly audit   'generator-function': [ '2.0.1' ],
16 silly audit   gensync: [ '1.0.0-beta.2' ],
16 silly audit   'get-caller-file': [ '2.0.5' ],
16 silly audit   'get-intrinsic': [ '1.3.0' ],
16 silly audit   'get-nonce': [ '1.0.1' ],
16 silly audit   'get-package-type': [ '0.1.0' ],
16 silly audit   'get-proto': [ '1.0.1' ],
16 silly audit   'get-symbol-description': [ '1.1.0' ],
16 silly audit   'get-tsconfig': [ '4.13.0' ],
16 silly audit   getenv: [ '2.0.0' ],
16 silly audit   'glob-parent': [ '6.0.2' ],
16 silly audit   'global-dirs': [ '0.1.1' ],
16 silly audit   globalthis: [ '1.0.4' ],
16 silly audit   gopd: [ '1.2.0' ],
16 silly audit   'graceful-fs': [ '4.2.11' ],
16 silly audit   'has-bigints': [ '1.1.0' ],
16 silly audit   'has-property-descriptors': [ '1.0.2' ],
16 silly audit   'has-proto': [ '1.2.0' ],
16 silly audit   'has-symbols': [ '1.1.0' ],
16 silly audit   'has-tostringtag': [ '1.0.2' ],
16 silly audit   hasown: [ '2.0.2' ],
16 silly audit   'hermes-estree': [ '0.29.1', '0.32.0' ],
16 silly audit   'hermes-parser': [ '0.29.1', '0.32.0' ],
16 silly audit   'hoist-non-react-statics': [ '3.3.2' ],
16 silly audit   'react-is': [ '16.13.1', '18.3.1', '19.2.3' ],
16 silly audit   'hosted-git-info': [ '7.0.2' ],
16 silly audit   'lru-cache': [ '10.4.3', '5.1.1', '11.2.4' ],
16 silly audit   'http-errors': [ '2.0.0' ],
16 silly audit   statuses: [ '2.0.1', '1.5.0' ],
16 silly audit   'https-proxy-agent': [ '7.0.6' ],
16 silly audit   'hyphenate-style-name': [ '1.1.0' ],
16 silly audit   ieee754: [ '1.2.1' ],
16 silly audit   'image-size': [ '1.2.1' ],
16 silly audit   'import-fresh': [ '3.3.1' ],
16 silly audit   'resolve-from': [ '4.0.0', '5.0.0' ],
16 silly audit   imurmurhash: [ '0.1.4' ],
16 silly audit   inflight: [ '1.0.6' ],
16 silly audit   inherits: [ '2.0.4' ],
16 silly audit   ini: [ '1.3.8' ],
16 silly audit   'inline-style-prefixer': [ '7.0.1' ],
16 silly audit   'internal-slot': [ '1.1.0' ],
16 silly audit   invariant: [ '2.2.4' ],
16 silly audit   'is-array-buffer': [ '3.0.5' ],
16 silly audit   'is-arrayish': [ '0.3.4' ],
16 silly audit   'is-async-function': [ '2.1.1' ],
16 silly audit   'is-bigint': [ '1.1.0' ],
16 silly audit   'is-boolean-object': [ '1.2.2' ],
16 silly audit   'is-bun-module': [ '2.0.0' ],
16 silly audit   'is-callable': [ '1.2.7' ],
16 silly audit   'is-core-module': [ '2.16.1' ],
16 silly audit   'is-data-view': [ '1.0.2' ],
16 silly audit   'is-date-object': [ '1.1.0' ],
16 silly audit   'is-docker': [ '2.2.1' ],
16 silly audit   'is-extglob': [ '2.1.1' ],
16 silly audit   'is-finalizationregistry': [ '1.1.1' ],
16 silly audit   'is-fullwidth-code-point': [ '3.0.0' ],
16 silly audit   'is-generator-function': [ '1.1.2' ],
16 silly audit   'is-glob': [ '4.0.3' ],
16 silly audit   'is-map': [ '2.0.3' ],
16 silly audit   'is-negative-zero': [ '2.0.3' ],
16 silly audit   'is-number': [ '7.0.0' ],
16 silly audit   'is-number-object': [ '1.1.1' ],
16 silly audit   'is-plain-obj': [ '2.1.0' ],
16 silly audit   'is-regex': [ '1.2.1' ],
16 silly audit   'is-set': [ '2.0.3' ],
16 silly audit   'is-shared-array-buffer': [ '1.0.4' ],
16 silly audit   'is-string': [ '1.1.1' ],
16 silly audit   'is-symbol': [ '1.1.1' ],
16 silly audit   'is-typed-array': [ '1.1.15' ],
16 silly audit   'is-weakmap': [ '2.0.2' ],
16 silly audit   'is-weakref': [ '1.1.1' ],
16 silly audit   'is-weakset': [ '2.0.4' ],
16 silly audit   'is-wsl': [ '2.2.0' ],
16 silly audit   isarray: [ '2.0.5' ],
16 silly audit   isexe: [ '2.0.0' ],
16 silly audit   'istanbul-lib-coverage': [ '3.2.2' ],
16 silly audit   'istanbul-lib-instrument': [ '5.2.1' ],
16 silly audit   'iterator.prototype': [ '1.1.5' ],
16 silly audit   'jest-environment-node': [ '29.7.0' ],
16 silly audit   'jest-get-type': [ '29.6.3' ],
16 silly audit   'jest-haste-map': [ '29.7.0' ],
16 silly audit   'jest-message-util': [ '29.7.0' ],
16 silly audit   'jest-mock': [ '29.7.0' ],
16 silly audit   'jest-regex-util': [ '29.6.3' ],
16 silly audit   'jest-util': [ '29.7.0' ],
16 silly audit   'jest-validate': [ '29.7.0' ],
16 silly audit   'jest-worker': [ '29.7.0' ],
16 silly audit   'jimp-compact': [ '0.16.1' ],
16 silly audit   'js-tokens': [ '4.0.0' ],
16 silly audit   'jsc-safe-url': [ '0.2.4' ],
16 silly audit   jsesc: [ '3.1.0' ],
16 silly audit   'json-buffer': [ '3.0.1' ],
16 silly audit   'json-schema-traverse': [ '0.4.1' ],
16 silly audit   'json-stable-stringify-without-jsonify': [ '1.0.1' ],
16 silly audit   json5: [ '2.2.3', '1.0.2' ],
16 silly audit   'jsx-ast-utils': [ '3.3.5' ],
16 silly audit   keyv: [ '4.5.4' ],
16 silly audit   kleur: [ '3.0.3' ],
16 silly audit   'lan-network': [ '0.1.7' ],
16 silly audit   leven: [ '3.1.0' ],
16 silly audit   levn: [ '0.4.1' ],
16 silly audit   'lighthouse-logger': [ '1.4.2' ],
16 silly audit   lightningcss: [ '1.30.2' ],
16 silly audit   'lightningcss-android-arm64': [ '1.30.2' ],
16 silly audit   'lightningcss-darwin-arm64': [ '1.30.2' ],
16 silly audit   'lightningcss-darwin-x64': [ '1.30.2' ],
16 silly audit   'lightningcss-freebsd-x64': [ '1.30.2' ],
16 silly audit   'lightningcss-linux-arm-gnueabihf': [ '1.30.2' ],
16 silly audit   'lightningcss-linux-arm64-gnu': [ '1.30.2' ],
16 silly audit   'lightningcss-linux-arm64-musl': [ '1.30.2' ],
16 silly audit   'lightningcss-linux-x64-gnu': [ '1.30.2' ],
16 silly audit   'lightningcss-linux-x64-musl': [ '1.30.2' ],
16 silly audit   'lightningcss-win32-arm64-msvc': [ '1.30.2' ],
16 silly audit   'lightningcss-win32-x64-msvc': [ '1.30.2' ],
16 silly audit   'lines-and-columns': [ '1.2.4' ],
16 silly audit   'lodash.debounce': [ '4.0.8' ],
16 silly audit   'lodash.merge': [ '4.6.2' ],
16 silly audit   'lodash.throttle': [ '4.1.1' ],
16 silly audit   'log-symbols': [ '2.2.0' ],
16 silly audit   'loose-envify': [ '1.4.0' ],
16 silly audit   'lottie-react-native': [ '7.3.5' ],
16 silly audit   makeerror: [ '1.0.12' ],
16 silly audit   marky: [ '1.3.0' ],
16 silly audit   'math-intrinsics': [ '1.1.0' ],
16 silly audit   'mdn-data': [ '2.0.14' ],
16 silly audit   'memoize-one': [ '5.2.1', '6.0.0' ],
16 silly audit   'merge-options': [ '3.0.4' ],
16 silly audit   'merge-stream': [ '2.0.0' ],
16 silly audit   metro: [ '0.83.2' ],
16 silly audit   'metro-babel-transformer': [ '0.83.2' ],
16 silly audit   'metro-cache': [ '0.83.2' ],
16 silly audit   'metro-cache-key': [ '0.83.2' ],
16 silly audit   'metro-config': [ '0.83.2' ],
16 silly audit   'metro-core': [ '0.83.2' ],
16 silly audit   'metro-file-map': [ '0.83.2' ],
16 silly audit   'metro-minify-terser': [ '0.83.2' ],
16 silly audit   'metro-resolver': [ '0.83.2' ],
16 silly audit   'metro-runtime': [ '0.83.2' ],
16 silly audit   'metro-source-map': [ '0.83.2' ],
16 silly audit   'metro-symbolicate': [ '0.83.2' ],
16 silly audit   'metro-transform-plugins': [ '0.83.2' ],
16 silly audit   'metro-transform-worker': [ '0.83.2' ],
16 silly audit   micromatch: [ '4.0.8' ],
16 silly audit   mime: [ '1.6.0' ],
16 silly audit   'mime-db': [ '1.52.0' ],
16 silly audit   'mime-types': [ '2.1.35' ],
16 silly audit   'mimic-fn': [ '1.2.0' ],
16 silly audit   minimist: [ '1.2.8' ],
16 silly audit   minipass: [ '7.1.2' ],
16 silly audit   minizlib: [ '3.1.0' ],
16 silly audit   mkdirp: [ '1.0.4' ],
16 silly audit   mz: [ '2.7.0' ],
16 silly audit   nanoid: [ '3.3.11' ],
16 silly audit   'napi-postinstall': [ '0.3.4' ],
16 silly audit   'natural-compare': [ '1.4.0' ],
16 silly audit   'nested-error-stacks': [ '2.0.1' ],
16 silly audit   'node-fetch': [ '2.7.0' ],
16 silly audit   'node-forge': [ '1.3.3' ],
16 silly audit   'node-int64': [ '0.4.0' ],
16 silly audit   'node-releases': [ '2.0.27' ],
16 silly audit   'normalize-path': [ '3.0.0' ],
16 silly audit   'npm-package-arg': [ '11.0.3' ],
16 silly audit   'nth-check': [ '2.1.1' ],
16 silly audit   nullthrows: [ '1.1.1' ],
16 silly audit   ob1: [ '0.83.2' ],
16 silly audit   'object-assign': [ '4.1.1' ],
16 silly audit   'object-inspect': [ '1.13.4' ],
16 silly audit   'object-keys': [ '1.1.1' ],
16 silly audit   'object.assign': [ '4.1.7' ],
16 silly audit   'object.entries': [ '1.1.9' ],
16 silly audit   'object.fromentries': [ '2.0.8' ],
16 silly audit   'object.groupby': [ '1.0.3' ],
16 silly audit   'object.values': [ '1.2.1' ],
16 silly audit   'on-finished': [ '2.3.0', '2.4.1' ],
16 silly audit   'on-headers': [ '1.1.0' ],
16 silly audit   once: [ '1.4.0' ],
16 silly audit   onetime: [ '2.0.1' ],
16 silly audit   optionator: [ '0.9.4' ],
16 silly audit   ora: [ '3.4.0' ],
16 silly audit   'strip-ansi': [ '5.2.0', '6.0.1' ],
16 silly audit   'own-keys': [ '1.0.1' ],
16 silly audit   'p-try': [ '2.2.0' ],
16 silly audit   'parent-module': [ '1.0.1' ],
16 silly audit   'parse-png': [ '2.1.0' ],
16 silly audit   parseurl: [ '1.3.3' ],
16 silly audit   'path-exists': [ '4.0.0' ],
16 silly audit   'path-is-absolute': [ '1.0.1' ],
16 silly audit   'path-key': [ '3.1.1' ],
16 silly audit   'path-parse': [ '1.0.7' ],
16 silly audit   'path-scurry': [ '2.0.1' ],
16 silly audit   picocolors: [ '1.1.1' ],
16 silly audit   pirates: [ '4.0.7' ],
16 silly audit   plist: [ '3.1.0' ],
16 silly audit   pngjs: [ '3.4.0' ],
16 silly audit   'possible-typed-array-names': [ '1.1.0' ],
16 silly audit   postcss: [ '8.4.49' ],
16 silly audit   'postcss-value-parser': [ '4.2.0' ],
16 silly audit   'prelude-ls': [ '1.2.1' ],
16 silly audit   'pretty-bytes': [ '5.6.0' ],
16 silly audit   'pretty-format': [ '29.7.0' ],
16 silly audit   'proc-log': [ '4.2.0' ],
16 silly audit   progress: [ '2.0.3' ],
16 silly audit   prompts: [ '2.4.2' ],
16 silly audit   'prop-types': [ '15.8.1' ],
16 silly audit   'proxy-from-env': [ '1.1.0' ],
16 silly audit   punycode: [ '2.3.1' ],
16 silly audit   'qrcode-terminal': [ '0.11.0' ],
16 silly audit   'query-string': [ '7.1.3' ],
16 silly audit   queue: [ '6.0.2' ],
16 silly audit   'range-parser': [ '1.2.1' ],
16 silly audit   rc: [ '1.2.8' ],
16 silly audit   'strip-json-comments': [ '2.0.1', '3.1.1' ],
16 silly audit   react: [ '19.1.0' ],
16 silly audit   'react-devtools-core': [ '6.1.5' ],
16 silly audit   'react-dom': [ '19.1.0' ],
16 silly audit   'react-fast-compare': [ '3.2.2' ],
16 silly audit   'react-freeze': [ '1.0.4' ],
16 silly audit   'react-native': [ '0.81.5' ],
16 silly audit   'react-native-dotenv': [ '3.4.11' ],
16 silly audit   'react-native-gesture-handler': [ '2.28.0' ],
16 silly audit   'react-native-is-edge-to-edge': [ '1.2.1' ],
16 silly audit   'react-native-maps': [ '1.18.0' ],
16 silly audit   'react-native-reanimated': [ '4.1.6' ],
16 silly audit   'react-native-safe-area-context': [ '5.6.2' ],
16 silly audit   'react-native-screens': [ '4.16.0' ],
16 silly audit   'react-native-svg': [ '15.12.1' ],
16 silly audit   'react-native-web': [ '0.21.2' ],
16 silly audit   'react-native-worklets': [ '0.5.1' ],
16 silly audit   '@react-native/virtualized-lists': [ '0.81.5' ],
16 silly audit   'react-refresh': [ '0.14.2' ],
16 silly audit   'react-remove-scroll': [ '2.7.2' ],
16 silly audit   'react-remove-scroll-bar': [ '2.3.8' ],
16 silly audit   'react-style-singleton': [ '2.2.3' ],
16 silly audit   'reflect.getprototypeof': [ '1.0.10' ],
16 silly audit   regenerate: [ '1.4.2' ],
16 silly audit   'regenerate-unicode-properties': [ '10.2.2' ],
16 silly audit   'regenerator-runtime': [ '0.13.11' ],
16 silly audit   'regexp.prototype.flags': [ '1.5.4' ],
16 silly audit   'regexpu-core': [ '6.4.0' ],
16 silly audit   regjsgen: [ '0.8.0' ],
16 silly audit   regjsparser: [ '0.13.0' ],
16 silly audit   'require-directory': [ '2.1.1' ],
16 silly audit   'require-from-string': [ '2.0.2' ],
16 silly audit   requireg: [ '0.2.2' ],
16 silly audit   'resolve-global': [ '1.0.0' ],
16 silly audit   'resolve-pkg-maps': [ '1.0.0' ],
16 silly audit   'resolve-workspace-root': [ '2.0.0' ],
16 silly audit   'resolve.exports': [ '2.0.3' ],
16 silly audit   'restore-cursor': [ '2.0.0' ],
16 silly audit   rimraf: [ '3.0.2' ],
16 silly audit   'safe-array-concat': [ '1.1.3' ],
16 silly audit   'safe-buffer': [ '5.2.1' ],
16 silly audit   'safe-push-apply': [ '1.0.0' ],
16 silly audit   'safe-regex-test': [ '1.1.0' ],
16 silly audit   sax: [ '1.4.3' ],
16 silly audit   scheduler: [ '0.26.0' ],
16 silly audit   send: [ '0.19.0' ],
16 silly audit   'serialize-error': [ '2.1.0' ],
16 silly audit   'serve-static': [ '1.16.2' ],
16 silly audit   'server-only': [ '0.0.1' ],
16 silly audit   'set-function-length': [ '1.2.2' ],
16 silly audit   'set-function-name': [ '2.0.2' ],
16 silly audit   'set-proto': [ '1.0.0' ],
16 silly audit   setimmediate: [ '1.0.5' ],
16 silly audit   setprototypeof: [ '1.2.0' ],
16 silly audit   'sf-symbols-typescript': [ '2.2.0' ],
16 silly audit   shallowequal: [ '1.1.0' ],
16 silly audit   'shebang-command': [ '2.0.0' ],
16 silly audit   'shebang-regex': [ '3.0.0' ],
16 silly audit   'shell-quote': [ '1.8.3' ],
16 silly audit   'side-channel': [ '1.1.0' ],
16 silly audit   'side-channel-list': [ '1.0.0' ],
16 silly audit   'side-channel-map': [ '1.0.1' ],
16 silly audit   'side-channel-weakmap': [ '1.0.2' ],
16 silly audit   'signal-exit': [ '3.0.7' ],
16 silly audit   'simple-plist': [ '1.3.1' ],
16 silly audit   'simple-swizzle': [ '0.2.4' ],
16 silly audit   sisteransi: [ '1.0.5' ],
16 silly audit   slash: [ '3.0.0' ],
16 silly audit   slugify: [ '1.6.6' ],
16 silly audit   'source-map-js': [ '1.2.1' ],
16 silly audit   'source-map-support': [ '0.5.21' ],
16 silly audit   'split-on-first': [ '1.1.0' ],
16 silly audit   'sprintf-js': [ '1.0.3' ],
16 silly audit   'stable-hash': [ '0.0.5' ],
16 silly audit   'stack-utils': [ '2.0.6' ],
16 silly audit   stackframe: [ '1.3.4' ],
16 silly audit   'stacktrace-parser': [ '0.1.11' ],
16 silly audit   'stop-iteration-iterator': [ '1.1.0' ],
16 silly audit   'stream-buffers': [ '2.2.0' ],
16 silly audit   'strict-uri-encode': [ '2.0.0' ],
16 silly audit   'string-width': [ '4.2.3' ],
16 silly audit   'string.prototype.matchall': [ '4.0.12' ],
16 silly audit   'string.prototype.repeat': [ '1.0.0' ],
16 silly audit   'string.prototype.trim': [ '1.2.10' ],
16 silly audit   'string.prototype.trimend': [ '1.0.9' ],
16 silly audit   'string.prototype.trimstart': [ '1.0.8' ],
16 silly audit   'strip-bom': [ '3.0.0' ],
16 silly audit   'structured-headers': [ '0.4.1' ],
16 silly audit   styleq: [ '0.1.3' ],
16 silly audit   sucrase: [ '3.35.1' ],
16 silly audit   'supports-hyperlinks': [ '2.3.0' ],
16 silly audit   'supports-preserve-symlinks-flag': [ '1.0.0' ],
16 silly audit   tar: [ '7.5.2' ],
16 silly audit   yallist: [ '5.0.0', '3.1.1' ],
16 silly audit   'temp-dir': [ '2.0.0' ],
16 silly audit   'terminal-link': [ '2.1.1' ],
16 silly audit   terser: [ '5.44.1' ],
16 silly audit   'test-exclude': [ '6.0.0' ],
16 silly audit   thenify: [ '3.3.1' ],
16 silly audit   'thenify-all': [ '1.6.0' ],
16 silly audit   throat: [ '5.0.0' ],
16 silly audit   tinyglobby: [ '0.2.15' ],
16 silly audit   fdir: [ '6.5.0' ],
16 silly audit   tmpl: [ '1.0.5' ],
16 silly audit   'to-regex-range': [ '5.0.1' ],
16 silly audit   toidentifier: [ '1.0.1' ],
16 silly audit   tr46: [ '0.0.3' ],
16 silly audit   'ts-api-utils': [ '2.1.0' ],
16 silly audit   'ts-interface-checker': [ '0.1.13' ],
16 silly audit   'tsconfig-paths': [ '3.15.0' ],
16 silly audit   tslib: [ '2.8.1' ],
16 silly audit   'type-check': [ '0.4.0' ],
16 silly audit   'type-detect': [ '4.0.8' ],
16 silly audit   'typed-array-buffer': [ '1.0.3' ],
16 silly audit   'typed-array-byte-length': [ '1.0.3' ],
16 silly audit   'typed-array-byte-offset': [ '1.0.4' ],
16 silly audit   'typed-array-length': [ '1.0.7' ],
16 silly audit   typescript: [ '5.9.3' ],
16 silly audit   'unbox-primitive': [ '1.1.0' ],
16 silly audit   undici: [ '6.22.0' ],
16 silly audit   'undici-types': [ '7.16.0' ],
16 silly audit   'unicode-canonical-property-names-ecmascript': [ '2.0.1' ],
16 silly audit   'unicode-match-property-ecmascript': [ '2.0.0' ],
16 silly audit   'unicode-match-property-value-ecmascript': [ '2.2.1' ],
16 silly audit   'unicode-property-aliases-ecmascript': [ '2.2.0' ],
16 silly audit   'unique-string': [ '2.0.0' ],
16 silly audit   unpipe: [ '1.0.0' ],
16 silly audit   'unrs-resolver': [ '1.11.1' ],
16 silly audit   'update-browserslist-db': [ '1.2.2' ],
16 silly audit   'uri-js': [ '4.4.1' ],
16 silly audit   'use-callback-ref': [ '1.3.3' ],
16 silly audit   'use-latest-callback': [ '0.2.6' ],
16 silly audit   'use-sidecar': [ '1.1.3' ],
16 silly audit   'use-sync-external-store': [ '1.6.0' ],
16 silly audit   'utils-merge': [ '1.0.1' ],
16 silly audit   uuid: [ '7.0.3' ],
16 silly audit   'validate-npm-package-name': [ '5.0.1' ],
16 silly audit   vary: [ '1.1.2' ],
16 silly audit   vaul: [ '1.1.2' ],
16 silly audit   '@radix-ui/react-dialog': [ '1.1.15' ],
16 silly audit   '@radix-ui/react-dismissable-layer': [ '1.1.11' ],
16 silly audit   '@radix-ui/react-focus-scope': [ '1.1.7' ],
16 silly audit   '@radix-ui/react-portal': [ '1.1.9' ],
16 silly audit   vlq: [ '1.0.1' ],
16 silly audit   walker: [ '1.0.8' ],
16 silly audit   'warn-once': [ '0.1.1' ],
16 silly audit   wcwidth: [ '1.0.1' ],
16 silly audit   'webidl-conversions': [ '3.0.1', '5.0.0' ],
16 silly audit   'whatwg-fetch': [ '3.6.20' ],
16 silly audit   'whatwg-url': [ '5.0.0' ],
16 silly audit   'whatwg-url-without-unicode': [ '8.0.0-3' ],
16 silly audit   which: [ '2.0.2' ],
16 silly audit   'which-boxed-primitive': [ '1.1.1' ],
16 silly audit   'which-builtin-type': [ '1.2.1' ],
16 silly audit   'which-collection': [ '1.0.2' ],
16 silly audit   'which-typed-array': [ '1.1.19' ],
16 silly audit   wonka: [ '6.3.5' ],
16 silly audit   'word-wrap': [ '1.2.5' ],
16 silly audit   'wrap-ansi': [ '7.0.0' ],
16 silly audit   wrappy: [ '1.0.2' ],
16 silly audit   'write-file-atomic': [ '4.0.2' ],
16 silly audit   xcode: [ '3.0.1' ],
16 silly audit   xml2js: [ '0.6.0' ],
16 silly audit   xmlbuilder: [ '11.0.1', '15.1.1' ],
16 silly audit   y18n: [ '5.0.8' ],
16 silly audit   yaml: [ '2.8.2' ],
16 silly audit   yargs: [ '17.7.2' ],
16 silly audit   'yargs-parser': [ '21.1.1' ],
16 silly audit   'yocto-queue': [ '0.1.0' ]
16 silly audit }
17 http cache @sentry/types@https://registry.npmjs.org/@sentry/types/-/types-10.38.0.tgz 0ms (cache hit)
18 http cache expo-sensors@https://registry.npmjs.org/expo-sensors/-/expo-sensors-15.0.8.tgz 0ms (cache hit)
19 http cache @sentry/core@https://registry.npmjs.org/@sentry/core/-/core-10.38.0.tgz 0ms (cache hit)
20 http cache @sentry/react@https://registry.npmjs.org/@sentry/react/-/react-10.38.0.tgz 0ms (cache hit)
21 http cache @sentry/cli-darwin@https://registry.npmjs.org/@sentry/cli-darwin/-/cli-darwin-3.2.0.tgz 0ms (cache hit)
22 http cache @sentry/react-native@https://registry.npmjs.org/@sentry/react-native/-/react-native-8.0.0.tgz 0ms (cache hit)
23 http cache @sentry/cli@https://registry.npmjs.org/@sentry/cli/-/cli-3.2.0.tgz 0ms (cache hit)
24 http cache @sentry-internal/replay-canvas@https://registry.npmjs.org/@sentry-internal/replay-canvas/-/replay-canvas-10.38.0.tgz 0ms (cache hit)
25 http cache @sentry/browser@https://registry.npmjs.org/@sentry/browser/-/browser-10.38.0.tgz 0ms (cache hit)
26 http cache @sentry-internal/replay@https://registry.npmjs.org/@sentry-internal/replay/-/replay-10.38.0.tgz 0ms (cache hit)
27 http cache @sentry-internal/feedback@https://registry.npmjs.org/@sentry-internal/feedback/-/feedback-10.38.0.tgz 0ms (cache hit)
28 silly tarball no local data for @sentry/types@https://registry.npmjs.org/@sentry/types/-/types-10.38.0.tgz. Extracting by manifest.
29 http cache @sentry/babel-plugin-component-annotate@https://registry.npmjs.org/@sentry/babel-plugin-component-annotate/-/babel-plugin-component-annotate-4.9.1.tgz 0ms (cache hit)
30 silly tarball no local data for expo-sensors@https://registry.npmjs.org/expo-sensors/-/expo-sensors-15.0.8.tgz. Extracting by manifest.
31 silly tarball no local data for @sentry/core@https://registry.npmjs.org/@sentry/core/-/core-10.38.0.tgz. Extracting by manifest.
32 silly tarball no local data for @sentry/react@https://registry.npmjs.org/@sentry/react/-/react-10.38.0.tgz. Extracting by manifest.
33 silly tarball no local data for @sentry/cli-darwin@https://registry.npmjs.org/@sentry/cli-darwin/-/cli-darwin-3.2.0.tgz. Extracting by manifest.
34 silly tarball no local data for @sentry/react-native@https://registry.npmjs.org/@sentry/react-native/-/react-native-8.0.0.tgz. Extracting by manifest.
35 silly tarball no local data for @sentry/cli@https://registry.npmjs.org/@sentry/cli/-/cli-3.2.0.tgz. Extracting by manifest.
36 silly tarball no local data for @sentry-internal/replay-canvas@https://registry.npmjs.org/@sentry-internal/replay-canvas/-/replay-canvas-10.38.0.tgz. Extracting by manifest.
37 silly tarball no local data for @sentry/browser@https://registry.npmjs.org/@sentry/browser/-/browser-10.38.0.tgz. Extracting by manifest.
38 silly tarball no local data for @sentry-internal/replay@https://registry.npmjs.org/@sentry-internal/replay/-/replay-10.38.0.tgz. Extracting by manifest.
39 silly tarball no local data for @sentry-internal/feedback@https://registry.npmjs.org/@sentry-internal/feedback/-/feedback-10.38.0.tgz. Extracting by manifest.
40 silly tarball no local data for @sentry/babel-plugin-component-annotate@https://registry.npmjs.org/@sentry/babel-plugin-component-annotate/-/babel-plugin-component-annotate-4.9.1.tgz. Extracting by manifest.
41 http cache @sentry-internal/browser-utils@https://registry.npmjs.org/@sentry-internal/browser-utils/-/browser-utils-10.38.0.tgz 0ms (cache hit)
42 silly tarball no local data for @sentry-internal/browser-utils@https://registry.npmjs.org/@sentry-internal/browser-utils/-/browser-utils-10.38.0.tgz. Extracting by manifest.
43 http fetch GET 200 https://registry.npmjs.org/expo-sensors/-/expo-sensors-15.0.8.tgz 400ms (cache miss)
44 http fetch POST 200 https://registry.npmjs.org/-/npm/v1/security/advisories/bulk 528ms
45 silly audit report {
45 silly audit report   minimatch: [
45 silly audit report     {
45 silly audit report       id: 1113296,
45 silly audit report       url: 'https://github.com/advisories/GHSA-3ppc-4f35-3m26',
45 silly audit report       title: 'minimatch has a ReDoS via repeated wildcards with non-matching literal in pattern',
45 silly audit report       severity: 'high',
45 silly audit report       vulnerable_versions: '<10.2.1',
45 silly audit report       cwe: [Array],
45 silly audit report       cvss: [Object]
45 silly audit report     }
45 silly audit report   ],
45 silly audit report   '@isaacs/brace-expansion': [
45 silly audit report     {
45 silly audit report       id: 1112954,
45 silly audit report       url: 'https://github.com/advisories/GHSA-7h2j-956f-4vf2',
45 silly audit report       title: '@isaacs/brace-expansion has Uncontrolled Resource Consumption',
45 silly audit report       severity: 'high',
45 silly audit report       vulnerable_versions: '<=5.0.0',
45 silly audit report       cwe: [Array],
45 silly audit report       cvss: [Object]
45 silly audit report     }
45 silly audit report   ],
45 silly audit report   ajv: [
45 silly audit report     {
45 silly audit report       id: 1113214,
45 silly audit report       url: 'https://github.com/advisories/GHSA-2g4f-4pwh-qvx6',
45 silly audit report       title: 'ajv has ReDoS when using `$data` option',
45 silly audit report       severity: 'moderate',
45 silly audit report       vulnerable_versions: '<8.18.0',
45 silly audit report       cwe: [Array],
45 silly audit report       cvss: [Object]
45 silly audit report     }
45 silly audit report   ],
45 silly audit report   axios: [
45 silly audit report     {
45 silly audit report       id: 1113275,
45 silly audit report       url: 'https://github.com/advisories/GHSA-43fc-jf86-j433',
45 silly audit report       title: 'Axios is Vulnerable to Denial of Service via __proto__ Key in mergeConfig',
45 silly audit report       severity: 'high',
45 silly audit report       vulnerable_versions: '>=1.0.0 <=1.13.4',
45 silly audit report       cwe: [Array],
45 silly audit report       cvss: [Object]
45 silly audit report     }
45 silly audit report   ],
45 silly audit report   tar: [
45 silly audit report     {
45 silly audit report       id: 1112329,
45 silly audit report       url: 'https://github.com/advisories/GHSA-r6q2-hw4h-h46w',
45 silly audit report       title: 'Race Condition in node-tar Path Reservations via Unicode Ligature Collisions on macOS APFS',
45 silly audit report       severity: 'high',
45 silly audit report       vulnerable_versions: '<=7.5.3',
45 silly audit report       cwe: [Array],
45 silly audit report       cvss: [Object]
45 silly audit report     },
45 silly audit report     {
45 silly audit report       id: 1112659,
45 silly audit report       url: 'https://github.com/advisories/GHSA-34x7-hfp2-rc4v',
45 silly audit report       title: 'node-tar Vulnerable to Arbitrary File Creation/Overwrite via Hardlink Path Traversal',
45 silly audit report       severity: 'high',
45 silly audit report       vulnerable_versions: '<7.5.7',
45 silly audit report       cwe: [Array],
45 silly audit report       cvss: [Object]
45 silly audit report     },
45 silly audit report     {
45 silly audit report       id: 1113249,
45 silly audit report       url: 'https://github.com/advisories/GHSA-83g3-92jg-28cx',
45 silly audit report       title: 'Arbitrary File Read/Write via Hardlink Target Escape Through Symlink Chain in node-tar Extraction',
45 silly audit report       severity: 'high',
45 silly audit report       vulnerable_versions: '<7.5.8',
45 silly audit report       cwe: [Array],
45 silly audit report       cvss: [Object]
45 silly audit report     },
45 silly audit report     {
45 silly audit report       id: 1113300,
45 silly audit report       url: 'https://github.com/advisories/GHSA-8qq5-rm4j-mr97',
45 silly audit report       title: 'node-tar is Vulnerable to Arbitrary File Overwrite and Symlink Poisoning via Insufficient Path Sanitization',
45 silly audit report       severity: 'high',
45 silly audit report       vulnerable_versions: '<=7.5.2',
45 silly audit report       cwe: [Array],
45 silly audit report       cvss: [Object]
45 silly audit report     }
45 silly audit report   ],
45 silly audit report   undici: [
45 silly audit report     {
45 silly audit report       id: 1112496,
45 silly audit report       url: 'https://github.com/advisories/GHSA-g9mf-h72j-4rw9',
45 silly audit report       title: 'Undici has an unbounded decompression chain in HTTP responses on Node.js Fetch API via Content-Encoding leads to resource exhaustion',
45 silly audit report       severity: 'moderate',
45 silly audit report       vulnerable_versions: '<6.23.0',
45 silly audit report       cwe: [Array],
45 silly audit report       cvss: [Object]
45 silly audit report     }
45 silly audit report   ]
45 silly audit report }
46 silly packumentCache corgi:https://registry.npmjs.org/minimatch cache-miss
47 silly packumentCache corgi:https://registry.npmjs.org/@isaacs%2fbrace-expansion cache-miss
48 silly packumentCache corgi:https://registry.npmjs.org/ajv cache-miss
49 silly packumentCache corgi:https://registry.npmjs.org/axios cache-miss
50 silly packumentCache corgi:https://registry.npmjs.org/tar cache-miss
51 silly packumentCache corgi:https://registry.npmjs.org/undici cache-miss
52 http fetch GET 200 https://registry.npmjs.org/@sentry/cli/-/cli-3.2.0.tgz 630ms (cache miss)
53 http fetch GET 200 https://registry.npmjs.org/minimatch 326ms (cache miss)
54 silly packumentCache corgi:https://registry.npmjs.org/minimatch set size:undefined disposed:false
55 http fetch GET 200 https://registry.npmjs.org/axios 413ms (cache miss)
56 silly packumentCache corgi:https://registry.npmjs.org/axios set size:undefined disposed:false
57 http fetch GET 200 https://registry.npmjs.org/@sentry/types/-/types-10.38.0.tgz 947ms (cache miss)
58 http fetch GET 200 https://registry.npmjs.org/@sentry-internal/feedback/-/feedback-10.38.0.tgz 953ms (cache miss)
59 http fetch GET 200 https://registry.npmjs.org/@sentry/react/-/react-10.38.0.tgz 959ms (cache miss)
60 http fetch GET 200 https://registry.npmjs.org/undici 698ms (cache miss)
61 silly packumentCache corgi:https://registry.npmjs.org/undici set size:undefined disposed:false
62 http fetch GET 200 https://registry.npmjs.org/tar 756ms (cache miss)
63 silly packumentCache corgi:https://registry.npmjs.org/tar set size:undefined disposed:false
64 http fetch GET 200 https://registry.npmjs.org/@sentry/babel-plugin-component-annotate/-/babel-plugin-component-annotate-4.9.1.tgz 1275ms (cache miss)
65 http fetch GET 200 https://registry.npmjs.org/@sentry-internal/browser-utils/-/browser-utils-10.38.0.tgz 1287ms (cache miss)
66 http fetch GET 200 https://registry.npmjs.org/@isaacs%2fbrace-expansion 790ms (cache miss)
67 silly packumentCache corgi:https://registry.npmjs.org/@isaacs%2fbrace-expansion set size:undefined disposed:false
68 http fetch GET 200 https://registry.npmjs.org/@sentry/browser/-/browser-10.38.0.tgz 1384ms (cache miss)
69 http fetch GET 200 https://registry.npmjs.org/ajv 903ms (cache miss)
70 silly packumentCache corgi:https://registry.npmjs.org/ajv set size:undefined disposed:false
71 silly packumentCache corgi:https://registry.npmjs.org/@expo%2ffingerprint cache-miss
72 silly packumentCache corgi:https://registry.npmjs.org/@expo%2fmetro-config cache-miss
73 silly packumentCache corgi:https://registry.npmjs.org/@typescript-eslint%2ftypescript-estree cache-miss
74 silly packumentCache corgi:https://registry.npmjs.org/@expo%2fcli cache-miss
75 silly packumentCache corgi:https://registry.npmjs.org/glob cache-miss
76 silly packumentCache corgi:https://registry.npmjs.org/@eslint%2fconfig-array cache-miss
77 silly packumentCache corgi:https://registry.npmjs.org/@eslint%2feslintrc cache-miss
78 silly packumentCache corgi:https://registry.npmjs.org/eslint cache-miss
79 silly packumentCache corgi:https://registry.npmjs.org/eslint-plugin-import cache-miss
80 silly packumentCache corgi:https://registry.npmjs.org/eslint-plugin-react cache-miss
81 silly packumentCache corgi:https://registry.npmjs.org/test-exclude cache-miss
82 http fetch GET 200 https://registry.npmjs.org/glob 356ms (cache miss)
83 silly packumentCache corgi:https://registry.npmjs.org/glob set size:undefined disposed:false
84 http fetch GET 200 https://registry.npmjs.org/@expo%2ffingerprint 405ms (cache miss)
85 silly packumentCache corgi:https://registry.npmjs.org/@expo%2ffingerprint set size:undefined disposed:false
86 http fetch GET 200 https://registry.npmjs.org/@sentry-internal/replay/-/replay-10.38.0.tgz 1836ms (cache miss)
87 http fetch GET 200 https://registry.npmjs.org/@eslint%2feslintrc 478ms (cache miss)
88 silly packumentCache corgi:https://registry.npmjs.org/@eslint%2feslintrc set size:undefined disposed:false
89 http fetch GET 200 https://registry.npmjs.org/@expo%2fcli 483ms (cache miss)
90 silly packumentCache corgi:https://registry.npmjs.org/@expo%2fcli set size:undefined disposed:false
91 http fetch GET 200 https://registry.npmjs.org/test-exclude 493ms (cache miss)
92 silly packumentCache corgi:https://registry.npmjs.org/test-exclude set size:undefined disposed:false
93 http fetch GET 200 https://registry.npmjs.org/eslint-plugin-import 570ms (cache miss)
94 silly packumentCache corgi:https://registry.npmjs.org/eslint-plugin-import set size:undefined disposed:false
95 http fetch GET 200 https://registry.npmjs.org/eslint-plugin-react 663ms (cache miss)
96 silly packumentCache corgi:https://registry.npmjs.org/eslint-plugin-react set size:undefined disposed:false
97 http fetch GET 200 https://registry.npmjs.org/eslint 726ms (cache miss)
98 silly packumentCache corgi:https://registry.npmjs.org/eslint set size:undefined disposed:false
99 http fetch GET 200 https://registry.npmjs.org/@expo%2fmetro-config 733ms (cache miss)
100 silly packumentCache corgi:https://registry.npmjs.org/@expo%2fmetro-config set size:undefined disposed:false
101 http fetch GET 200 https://registry.npmjs.org/@eslint%2fconfig-array 752ms (cache miss)
102 silly packumentCache corgi:https://registry.npmjs.org/@eslint%2fconfig-array set size:undefined disposed:false
103 http fetch GET 200 https://registry.npmjs.org/@sentry-internal/replay-canvas/-/replay-canvas-10.38.0.tgz 2191ms (cache miss)
104 http fetch GET 200 https://registry.npmjs.org/@sentry/core/-/core-10.38.0.tgz 2835ms (cache miss)
105 http fetch GET 200 https://registry.npmjs.org/@sentry/react-native/-/react-native-8.0.0.tgz 3086ms (cache miss)
106 http fetch GET 200 https://registry.npmjs.org/@typescript-eslint%2ftypescript-estree 2933ms (cache miss)
107 silly packumentCache corgi:https://registry.npmjs.org/@typescript-eslint%2ftypescript-estree set size:undefined disposed:false
108 silly packumentCache corgi:https://registry.npmjs.org/@sentry%2fcli cache-miss
109 http fetch GET 200 https://registry.npmjs.org/@sentry%2fcli 1171ms (cache miss)
110 silly packumentCache corgi:https://registry.npmjs.org/@sentry%2fcli set size:undefined disposed:false
111 silly packumentCache corgi:https://registry.npmjs.org/@react-native%2fcodegen cache-miss
112 silly packumentCache corgi:https://registry.npmjs.org/react-native cache-miss
113 silly packumentCache corgi:https://registry.npmjs.org/rimraf cache-miss
114 http fetch GET 200 https://registry.npmjs.org/rimraf 86ms (cache miss)
115 silly packumentCache corgi:https://registry.npmjs.org/rimraf set size:undefined disposed:false
116 http fetch GET 200 https://registry.npmjs.org/@react-native%2fcodegen 385ms (cache miss)
117 silly packumentCache corgi:https://registry.npmjs.org/@react-native%2fcodegen set size:undefined disposed:false
118 http fetch GET 200 https://registry.npmjs.org/@sentry/cli-darwin/-/cli-darwin-3.2.0.tgz 6070ms (cache miss)
119 info run @sentry/cli@3.2.0 postinstall node_modules/@sentry/cli node ./scripts/install.js
120 info run @sentry/cli@3.2.0 postinstall { code: 0, signal: null }
121 http fetch GET 200 https://registry.npmjs.org/react-native 1163ms (cache miss)
122 silly packumentCache corgi:https://registry.npmjs.org/react-native set size:undefined disposed:false
123 silly packumentCache corgi:https://registry.npmjs.org/expo cache-miss
124 http fetch GET 200 https://registry.npmjs.org/expo 763ms (cache miss)
125 silly packumentCache corgi:https://registry.npmjs.org/expo set size:undefined disposed:false
126 silly packumentCache corgi:https://registry.npmjs.org/babel-plugin-istanbul cache-miss
127 http fetch GET 200 https://registry.npmjs.org/babel-plugin-istanbul 87ms (cache miss)
128 silly packumentCache corgi:https://registry.npmjs.org/babel-plugin-istanbul set size:undefined disposed:false
129 silly packumentCache corgi:https://registry.npmjs.org/eslint-config-expo cache-miss
130 silly packumentCache corgi:https://registry.npmjs.org/eslint-import-resolver-typescript cache-miss
131 http fetch GET 200 https://registry.npmjs.org/eslint-import-resolver-typescript 69ms (cache miss)
132 silly packumentCache corgi:https://registry.npmjs.org/eslint-import-resolver-typescript set size:undefined disposed:false
133 http fetch GET 200 https://registry.npmjs.org/eslint-config-expo 72ms (cache miss)
134 silly packumentCache corgi:https://registry.npmjs.org/eslint-config-expo set size:undefined disposed:false
135 silly packumentCache corgi:https://registry.npmjs.org/@eslint-community%2feslint-utils cache-miss
136 silly packumentCache corgi:https://registry.npmjs.org/@typescript-eslint%2feslint-plugin cache-miss
137 silly packumentCache corgi:https://registry.npmjs.org/@typescript-eslint%2fparser cache-miss
138 silly packumentCache corgi:https://registry.npmjs.org/@typescript-eslint%2ftype-utils cache-miss
139 silly packumentCache corgi:https://registry.npmjs.org/@typescript-eslint%2futils cache-miss
140 silly packumentCache corgi:https://registry.npmjs.org/eslint-plugin-expo cache-miss
141 silly packumentCache corgi:https://registry.npmjs.org/eslint-plugin-react-hooks cache-miss
142 http fetch GET 200 https://registry.npmjs.org/@eslint-community%2feslint-utils 101ms (cache miss)
143 silly packumentCache corgi:https://registry.npmjs.org/@eslint-community%2feslint-utils set size:undefined disposed:false
144 http fetch GET 200 https://registry.npmjs.org/eslint-plugin-expo 111ms (cache miss)
145 silly packumentCache corgi:https://registry.npmjs.org/eslint-plugin-expo set size:undefined disposed:false
146 http fetch GET 200 https://registry.npmjs.org/@typescript-eslint%2futils 1054ms (cache miss)
147 silly packumentCache corgi:https://registry.npmjs.org/@typescript-eslint%2futils set size:undefined disposed:false
148 http fetch GET 200 https://registry.npmjs.org/@typescript-eslint%2fparser 1339ms (cache miss)
149 silly packumentCache corgi:https://registry.npmjs.org/@typescript-eslint%2fparser set size:undefined disposed:false
150 http fetch GET 200 https://registry.npmjs.org/@typescript-eslint%2ftype-utils 2180ms (cache miss)
151 silly packumentCache corgi:https://registry.npmjs.org/@typescript-eslint%2ftype-utils set size:undefined disposed:false
152 http fetch GET 200 https://registry.npmjs.org/eslint-plugin-react-hooks 2372ms (cache miss)
153 silly packumentCache corgi:https://registry.npmjs.org/eslint-plugin-react-hooks set size:undefined disposed:false
154 http fetch GET 200 https://registry.npmjs.org/@typescript-eslint%2feslint-plugin 4752ms (cache miss)
155 silly packumentCache corgi:https://registry.npmjs.org/@typescript-eslint%2feslint-plugin set size:undefined disposed:false
156 silly packumentCache corgi:https://registry.npmjs.org/chromium-edge-launcher cache-miss
157 http fetch GET 200 https://registry.npmjs.org/chromium-edge-launcher 49ms (cache miss)
158 silly packumentCache corgi:https://registry.npmjs.org/chromium-edge-launcher set size:undefined disposed:false
159 silly packumentCache corgi:https://registry.npmjs.org/@react-native%2fbabel-plugin-codegen cache-miss
160 http fetch GET 200 https://registry.npmjs.org/@react-native%2fbabel-plugin-codegen 706ms (cache miss)
161 silly packumentCache corgi:https://registry.npmjs.org/@react-native%2fbabel-plugin-codegen set size:undefined disposed:false
162 silly packumentCache corgi:https://registry.npmjs.org/@expo%2fdevtools cache-miss
163 silly packumentCache corgi:https://registry.npmjs.org/@expo%2fmetro-runtime cache-miss
164 silly packumentCache corgi:https://registry.npmjs.org/@expo%2fvector-icons cache-miss
165 silly packumentCache corgi:https://registry.npmjs.org/@gorhom%2fbottom-sheet cache-miss
166 silly packumentCache corgi:https://registry.npmjs.org/@gorhom%2fportal cache-miss
167 silly packumentCache corgi:https://registry.npmjs.org/@react-native-async-storage%2fasync-storage cache-miss
168 silly packumentCache corgi:https://registry.npmjs.org/@react-navigation%2fbottom-tabs cache-miss
169 silly packumentCache corgi:https://registry.npmjs.org/@react-navigation%2felements cache-miss
170 silly packumentCache corgi:https://registry.npmjs.org/@react-navigation%2fnative cache-miss
171 silly packumentCache corgi:https://registry.npmjs.org/@react-navigation%2fnative-stack cache-miss
172 silly packumentCache corgi:https://registry.npmjs.org/@sentry%2freact-native cache-miss
173 silly packumentCache corgi:https://registry.npmjs.org/expo-asset cache-miss
174 silly packumentCache corgi:https://registry.npmjs.org/expo-camera cache-miss
175 silly packumentCache corgi:https://registry.npmjs.org/expo-constants cache-miss
176 silly packumentCache corgi:https://registry.npmjs.org/expo-file-system cache-miss
177 silly packumentCache corgi:https://registry.npmjs.org/expo-font cache-miss
178 silly packumentCache corgi:https://registry.npmjs.org/expo-image cache-miss
179 silly packumentCache corgi:https://registry.npmjs.org/expo-linear-gradient cache-miss
180 silly packumentCache corgi:https://registry.npmjs.org/expo-linking cache-miss
181 silly packumentCache corgi:https://registry.npmjs.org/expo-modules-core cache-miss
182 silly packumentCache corgi:https://registry.npmjs.org/expo-router cache-miss
183 silly packumentCache corgi:https://registry.npmjs.org/expo-sensors cache-miss
184 silly packumentCache corgi:https://registry.npmjs.org/expo-status-bar cache-miss
185 silly packumentCache corgi:https://registry.npmjs.org/expo-symbols cache-miss
186 silly packumentCache corgi:https://registry.npmjs.org/expo-system-ui cache-miss
187 silly packumentCache corgi:https://registry.npmjs.org/expo-web-browser cache-miss
188 silly packumentCache corgi:https://registry.npmjs.org/lottie-react-native cache-miss
189 silly packumentCache corgi:https://registry.npmjs.org/react-native-gesture-handler cache-miss
190 silly packumentCache corgi:https://registry.npmjs.org/react-native-is-edge-to-edge cache-miss
191 silly packumentCache corgi:https://registry.npmjs.org/react-native-maps cache-miss
192 silly packumentCache corgi:https://registry.npmjs.org/react-native-reanimated cache-miss
193 silly packumentCache corgi:https://registry.npmjs.org/react-native-safe-area-context cache-miss
194 silly packumentCache corgi:https://registry.npmjs.org/react-native-screens cache-miss
195 silly packumentCache corgi:https://registry.npmjs.org/react-native-svg cache-miss
196 silly packumentCache corgi:https://registry.npmjs.org/react-native-worklets cache-miss
197 silly packumentCache corgi:https://registry.npmjs.org/@react-native%2fvirtualized-lists cache-miss
198 http fetch GET 200 https://registry.npmjs.org/@expo%2fdevtools 73ms (cache miss)
199 silly packumentCache corgi:https://registry.npmjs.org/@expo%2fdevtools set size:undefined disposed:false
200 http fetch GET 200 https://registry.npmjs.org/@react-navigation%2felements 159ms (cache miss)
201 silly packumentCache corgi:https://registry.npmjs.org/@react-navigation%2felements set size:undefined disposed:false
202 http fetch GET 200 https://registry.npmjs.org/@expo%2fvector-icons 174ms (cache miss)
203 silly packumentCache corgi:https://registry.npmjs.org/@expo%2fvector-icons set size:undefined disposed:false
204 http fetch GET 200 https://registry.npmjs.org/@gorhom%2fportal 175ms (cache miss)
205 silly packumentCache corgi:https://registry.npmjs.org/@gorhom%2fportal set size:undefined disposed:false
206 http fetch GET 200 https://registry.npmjs.org/expo-constants 193ms (cache miss)
207 silly packumentCache corgi:https://registry.npmjs.org/expo-constants set size:undefined disposed:false
208 http fetch GET 200 https://registry.npmjs.org/expo-font 213ms (cache miss)
209 silly packumentCache corgi:https://registry.npmjs.org/expo-font set size:undefined disposed:false
210 http fetch GET 200 https://registry.npmjs.org/@react-navigation%2fnative-stack 216ms (cache miss)
211 silly packumentCache corgi:https://registry.npmjs.org/@react-navigation%2fnative-stack set size:undefined disposed:false
212 http fetch GET 200 https://registry.npmjs.org/@react-native-async-storage%2fasync-storage 262ms (cache miss)
213 silly packumentCache corgi:https://registry.npmjs.org/@react-native-async-storage%2fasync-storage set size:undefined disposed:false
214 http fetch GET 200 https://registry.npmjs.org/expo-file-system 271ms (cache miss)
215 silly packumentCache corgi:https://registry.npmjs.org/expo-file-system set size:undefined disposed:false
216 http fetch GET 200 https://registry.npmjs.org/expo-router 285ms (cache miss)
217 silly packumentCache corgi:https://registry.npmjs.org/expo-router set size:undefined disposed:false
218 http fetch GET 200 https://registry.npmjs.org/expo-symbols 360ms (cache miss)
219 silly packumentCache corgi:https://registry.npmjs.org/expo-symbols set size:undefined disposed:false
220 http fetch GET 200 https://registry.npmjs.org/expo-system-ui 363ms (cache miss)
221 silly packumentCache corgi:https://registry.npmjs.org/expo-system-ui set size:undefined disposed:false
222 http fetch GET 200 https://registry.npmjs.org/expo-modules-core 375ms (cache miss)
223 silly packumentCache corgi:https://registry.npmjs.org/expo-modules-core set size:undefined disposed:false
224 http fetch GET 200 https://registry.npmjs.org/expo-camera 378ms (cache miss)
225 silly packumentCache corgi:https://registry.npmjs.org/expo-camera set size:undefined disposed:false
226 http fetch GET 200 https://registry.npmjs.org/@expo%2fmetro-runtime 395ms (cache miss)
227 silly packumentCache corgi:https://registry.npmjs.org/@expo%2fmetro-runtime set size:undefined disposed:false
228 http fetch GET 200 https://registry.npmjs.org/expo-linear-gradient 395ms (cache miss)
229 silly packumentCache corgi:https://registry.npmjs.org/expo-linear-gradient set size:undefined disposed:false
230 http fetch GET 200 https://registry.npmjs.org/@react-navigation%2fbottom-tabs 397ms (cache miss)
231 silly packumentCache corgi:https://registry.npmjs.org/@react-navigation%2fbottom-tabs set size:undefined disposed:false
232 http fetch GET 200 https://registry.npmjs.org/expo-status-bar 420ms (cache miss)
233 silly packumentCache corgi:https://registry.npmjs.org/expo-status-bar set size:undefined disposed:false
234 http fetch GET 200 https://registry.npmjs.org/lottie-react-native 421ms (cache miss)
235 silly packumentCache corgi:https://registry.npmjs.org/lottie-react-native set size:undefined disposed:false
236 http fetch GET 200 https://registry.npmjs.org/expo-image 433ms (cache miss)
237 silly packumentCache corgi:https://registry.npmjs.org/expo-image set size:undefined disposed:false
238 http fetch GET 200 https://registry.npmjs.org/react-native-is-edge-to-edge 435ms (cache miss)
239 silly packumentCache corgi:https://registry.npmjs.org/react-native-is-edge-to-edge set size:undefined disposed:false
240 http fetch GET 200 https://registry.npmjs.org/expo-web-browser 626ms (cache miss)
241 silly packumentCache corgi:https://registry.npmjs.org/expo-web-browser set size:undefined disposed:false
242 http fetch GET 200 https://registry.npmjs.org/react-native-gesture-handler 661ms (cache miss)
243 silly packumentCache corgi:https://registry.npmjs.org/react-native-gesture-handler set size:undefined disposed:false
244 http fetch GET 200 https://registry.npmjs.org/@react-navigation%2fnative 689ms (cache miss)
245 silly packumentCache corgi:https://registry.npmjs.org/@react-navigation%2fnative set size:undefined disposed:false
246 http fetch GET 200 https://registry.npmjs.org/@gorhom%2fbottom-sheet 693ms (cache miss)
247 silly packumentCache corgi:https://registry.npmjs.org/@gorhom%2fbottom-sheet set size:undefined disposed:false
248 http fetch GET 200 https://registry.npmjs.org/expo-linking 693ms (cache miss)
249 silly packumentCache corgi:https://registry.npmjs.org/expo-linking set size:undefined disposed:false
250 http fetch GET 200 https://registry.npmjs.org/expo-sensors 695ms (cache miss)
251 silly packumentCache corgi:https://registry.npmjs.org/expo-sensors set size:undefined disposed:false
252 http fetch GET 200 https://registry.npmjs.org/@react-native%2fvirtualized-lists 755ms (cache miss)
253 silly packumentCache corgi:https://registry.npmjs.org/@react-native%2fvirtualized-lists set size:undefined disposed:false
254 http fetch GET 200 https://registry.npmjs.org/expo-asset 797ms (cache miss)
255 silly packumentCache corgi:https://registry.npmjs.org/expo-asset set size:undefined disposed:false
256 http fetch GET 200 https://registry.npmjs.org/react-native-screens 926ms (cache miss)
257 silly packumentCache corgi:https://registry.npmjs.org/react-native-screens set size:undefined disposed:false
258 http fetch GET 200 https://registry.npmjs.org/react-native-safe-area-context 939ms (cache miss)
259 silly packumentCache corgi:https://registry.npmjs.org/react-native-safe-area-context set size:undefined disposed:false
260 http fetch GET 200 https://registry.npmjs.org/react-native-maps 943ms (cache miss)
261 silly packumentCache corgi:https://registry.npmjs.org/react-native-maps set size:undefined disposed:false
262 http fetch GET 200 https://registry.npmjs.org/react-native-reanimated 981ms (cache miss)
263 silly packumentCache corgi:https://registry.npmjs.org/react-native-reanimated set size:undefined disposed:false
264 http fetch GET 200 https://registry.npmjs.org/react-native-svg 997ms (cache miss)
265 silly packumentCache corgi:https://registry.npmjs.org/react-native-svg set size:undefined disposed:false
266 http fetch GET 200 https://registry.npmjs.org/react-native-worklets 1300ms (cache miss)
267 silly packumentCache corgi:https://registry.npmjs.org/react-native-worklets set size:undefined disposed:false
268 http fetch GET 200 https://registry.npmjs.org/@sentry%2freact-native 1324ms (cache miss)
269 silly packumentCache corgi:https://registry.npmjs.org/@sentry%2freact-native set size:undefined disposed:false
270 silly packumentCache corgi:https://registry.npmjs.org/@expo%2fprebuild-config cache-miss
271 silly packumentCache corgi:https://registry.npmjs.org/babel-preset-expo cache-miss
272 silly packumentCache corgi:https://registry.npmjs.org/expo-application cache-miss
273 silly packumentCache corgi:https://registry.npmjs.org/expo-device cache-miss
274 silly packumentCache corgi:https://registry.npmjs.org/expo-haptics cache-miss
275 silly packumentCache corgi:https://registry.npmjs.org/expo-keep-awake cache-miss
276 silly packumentCache corgi:https://registry.npmjs.org/expo-location cache-miss
277 silly packumentCache corgi:https://registry.npmjs.org/expo-secure-store cache-miss
278 silly packumentCache corgi:https://registry.npmjs.org/expo-splash-screen cache-miss
279 http fetch GET 200 https://registry.npmjs.org/expo-keep-awake 185ms (cache miss)
280 silly packumentCache corgi:https://registry.npmjs.org/expo-keep-awake set size:undefined disposed:false
281 http fetch GET 200 https://registry.npmjs.org/expo-application 271ms (cache miss)
282 silly packumentCache corgi:https://registry.npmjs.org/expo-application set size:undefined disposed:false
283 http fetch GET 200 https://registry.npmjs.org/expo-haptics 275ms (cache miss)
284 silly packumentCache corgi:https://registry.npmjs.org/expo-haptics set size:undefined disposed:false
285 http fetch GET 200 https://registry.npmjs.org/expo-splash-screen 278ms (cache miss)
286 silly packumentCache corgi:https://registry.npmjs.org/expo-splash-screen set size:undefined disposed:false
287 http fetch GET 200 https://registry.npmjs.org/expo-secure-store 290ms (cache miss)
288 silly packumentCache corgi:https://registry.npmjs.org/expo-secure-store set size:undefined disposed:false
289 http fetch GET 200 https://registry.npmjs.org/expo-location 293ms (cache miss)
290 silly packumentCache corgi:https://registry.npmjs.org/expo-location set size:undefined disposed:false
291 http fetch GET 200 https://registry.npmjs.org/expo-device 332ms (cache miss)
292 silly packumentCache corgi:https://registry.npmjs.org/expo-device set size:undefined disposed:false
293 http fetch GET 200 https://registry.npmjs.org/@expo%2fprebuild-config 425ms (cache miss)
294 silly packumentCache corgi:https://registry.npmjs.org/@expo%2fprebuild-config set size:undefined disposed:false
295 http fetch GET 200 https://registry.npmjs.org/babel-preset-expo 938ms (cache miss)
296 silly packumentCache corgi:https://registry.npmjs.org/babel-preset-expo set size:undefined disposed:false
297 silly packumentCache corgi:https://registry.npmjs.org/@jest%2ftransform cache-miss
298 silly packumentCache corgi:https://registry.npmjs.org/babel-jest cache-miss
299 http fetch GET 200 https://registry.npmjs.org/babel-jest 120ms (cache miss)
300 silly packumentCache corgi:https://registry.npmjs.org/babel-jest set size:undefined disposed:false
301 http fetch GET 200 https://registry.npmjs.org/@jest%2ftransform 152ms (cache miss)
302 silly packumentCache corgi:https://registry.npmjs.org/@jest%2ftransform set size:undefined disposed:false
303 silly packumentCache corgi:https://registry.npmjs.org/@react-native%2fdev-middleware cache-miss
304 http fetch GET 200 https://registry.npmjs.org/@react-native%2fdev-middleware 247ms (cache miss)
305 silly packumentCache corgi:https://registry.npmjs.org/@react-native%2fdev-middleware set size:undefined disposed:false
306 silly packumentCache corgi:https://registry.npmjs.org/@react-native%2fbabel-preset cache-miss
307 http fetch GET 200 https://registry.npmjs.org/@react-native%2fbabel-preset 343ms (cache miss)
308 silly packumentCache corgi:https://registry.npmjs.org/@react-native%2fbabel-preset set size:undefined disposed:false
309 silly packumentCache corgi:https://registry.npmjs.org/@react-native%2fcommunity-cli-plugin cache-miss
310 http fetch GET 200 https://registry.npmjs.org/@react-native%2fcommunity-cli-plugin 862ms (cache miss)
311 silly packumentCache corgi:https://registry.npmjs.org/@react-native%2fcommunity-cli-plugin set size:undefined disposed:false
312 silly ADD node_modules/expo-sensors
313 silly ADD node_modules/@sentry/types
314 silly ADD node_modules/@sentry/react-native
315 silly ADD node_modules/@sentry/react
316 silly ADD node_modules/@sentry/core
317 silly ADD node_modules/@sentry/cli-darwin
318 silly ADD node_modules/@sentry/cli
319 silly ADD node_modules/@sentry/browser
320 silly ADD node_modules/@sentry/babel-plugin-component-annotate
321 silly ADD node_modules/@sentry-internal/replay-canvas
322 silly ADD node_modules/@sentry-internal/replay
323 silly ADD node_modules/@sentry-internal/feedback
324 silly ADD node_modules/@sentry-internal/browser-utils
325 verbose cwd /Users/abdulbakibilici/Projects/efish
326 verbose os Darwin 25.3.0
327 verbose node v25.2.1
328 verbose npm  v11.6.2
329 verbose exit 0
330 info ok
