0 verbose cli /usr/local/bin/node /usr/local/bin/npm
1 info using npm@11.6.2
2 info using node@v25.2.1
3 silly config load:file:/usr/local/lib/node_modules/npm/npmrc
4 silly config load:file:/Users/abdulbakibilici/Projects/efish/.npmrc
5 silly config load:file:/Users/abdulbakibilici/.npmrc
6 silly config load:file:/usr/local/etc/npmrc
7 verbose title npm view expo-constants description dist-tags.latest homepage version time
8 verbose argv "view" "--json" "--" "expo-constants" "description" "dist-tags.latest" "homepage" "version" "time"
9 verbose logfile logs-max:10 dir:/Users/abdulbakibilici/Projects/efish/.npm-cache/_logs/2026-03-12T14_52_01_250Z-
10 verbose logfile /Users/abdulbakibilici/Projects/efish/.npm-cache/_logs/2026-03-12T14_52_01_250Z-debug-0.log
11 silly logfile done cleaning log files
12 http fetch GET https://registry.npmjs.org/npm attempt 1 failed with ECONNRESET
13 http fetch GET https://registry.npmjs.org/expo-constants attempt 1 failed with ECONNRESET
14 http fetch GET https://registry.npmjs.org/npm attempt 2 failed with ERR_SSL_PACKET_LENGTH_TOO_LONG
15 http fetch GET https://registry.npmjs.org/expo-constants attempt 2 failed with ERR_SSL_PACKET_LENGTH_TOO_LONG
16 http fetch GET https://registry.npmjs.org/npm attempt 3 failed with ENETUNREACH
17 http fetch GET https://registry.npmjs.org/expo-constants attempt 3 failed with ENETUNREACH
18 verbose type system
19 verbose stack FetchError: request to https://registry.npmjs.org/expo-constants failed, reason: 
19 verbose stack     at ClientRequest.<anonymous> (/usr/local/lib/node_modules/npm/node_modules/minipass-fetch/lib/index.js:130:14)
19 verbose stack     at ClientRequest.emit (node:events:508:28)
19 verbose stack     at emitErrorEvent (node:_http_client:108:11)
19 verbose stack     at _destroy (node:_http_client:962:9)
19 verbose stack     at onSocketNT (node:_http_client:982:5)
19 verbose stack     at process.processTicksAndRejections (node:internal/process/task_queues:90:21)
20 error code ENETUNREACH
21 error errno ENETUNREACH
22 error request to https://registry.npmjs.org/expo-constants failed, reason: 
23 verbose cwd /Users/abdulbakibilici/Projects/efish
24 verbose os Darwin 25.3.0
25 verbose node v25.2.1
26 verbose npm  v11.6.2
27 verbose exit 1
28 verbose code 1
29 error A complete log of this run can be found in: /Users/abdulbakibilici/Projects/efish/.npm-cache/_logs/2026-03-12T14_52_01_250Z-debug-0.log
