0 verbose cli /usr/local/bin/node /usr/local/bin/npm
1 info using npm@11.6.2
2 info using node@v25.2.1
3 silly config load:file:/usr/local/lib/node_modules/npm/npmrc
4 silly config load:file:/Users/abdulbakibilici/Projects/efish/.npmrc
5 silly config load:file:/Users/abdulbakibilici/.npmrc
6 silly config load:file:/usr/local/etc/npmrc
7 verbose title npm i iconsax-react-native
8 verbose argv "i" "iconsax-react-native"
9 verbose logfile logs-max:10 dir:/Users/abdulbakibilici/Projects/efish/.npm-cache/_logs/2026-02-19T10_52_13_730Z-
10 verbose logfile /Users/abdulbakibilici/Projects/efish/.npm-cache/_logs/2026-02-19T10_52_13_730Z-debug-0.log
11 silly logfile start cleaning logs, removing 1 files
12 silly packumentCache heap:4496293888 maxSize:1124073472 maxEntrySize:562036736
13 silly logfile done cleaning log files
14 silly idealTree buildDeps
15 silly fetch manifest iconsax-react-native@*
16 silly packumentCache full:https://registry.npmjs.org/iconsax-react-native cache-miss
17 http fetch GET 200 https://registry.npmjs.org/iconsax-react-native 701ms (cache miss)
18 silly packumentCache full:https://registry.npmjs.org/iconsax-react-native set size:undefined disposed:false
19 silly fetch manifest react@19.1.0
20 silly packumentCache full:https://registry.npmjs.org/react cache-miss
21 http fetch GET 200 https://registry.npmjs.org/react 471ms (cache miss)
22 silly packumentCache full:https://registry.npmjs.org/react set size:undefined disposed:false
23 silly fetch manifest react-native@0.81.5
24 silly packumentCache full:https://registry.npmjs.org/react-native cache-miss
25 http fetch GET 200 https://registry.npmjs.org/react-native 832ms (cache miss)
26 silly packumentCache full:https://registry.npmjs.org/react-native set size:undefined disposed:false
27 silly fetch manifest @types/react@~19.1.0
28 silly packumentCache full:https://registry.npmjs.org/@types%2freact cache-miss
29 http fetch GET 200 https://registry.npmjs.org/@types%2freact 122ms (cache miss)
30 silly packumentCache full:https://registry.npmjs.org/@types%2freact set size:undefined disposed:false
31 silly fetch manifest react-native-svg@15.12.1
32 silly packumentCache full:https://registry.npmjs.org/react-native-svg cache-miss
33 http fetch GET 200 https://registry.npmjs.org/react-native-svg 77ms (cache miss)
34 silly packumentCache full:https://registry.npmjs.org/react-native-svg set size:undefined disposed:false
35 silly placeDep ROOT iconsax-react-native@0.0.8 OK for: efish@1.0.0 want: *
36 silly reify moves {}
37 silly audit bulk request {
37 silly audit   '@0no-co/graphql.web': [ '1.2.0' ],
37 silly audit   '@babel/code-frame': [ '7.27.1', '7.10.4' ],
37 silly audit   '@babel/compat-data': [ '7.28.5' ],
37 silly audit   '@babel/core': [ '7.28.5' ],
37 silly audit   '@babel/generator': [ '7.28.5' ],
37 silly audit   '@babel/helper-annotate-as-pure': [ '7.27.3' ],
37 silly audit   '@babel/helper-compilation-targets': [ '7.27.2' ],
37 silly audit   '@babel/helper-create-class-features-plugin': [ '7.28.5' ],
37 silly audit   '@babel/helper-create-regexp-features-plugin': [ '7.28.5' ],
37 silly audit   '@babel/helper-define-polyfill-provider': [ '0.6.5' ],
37 silly audit   '@babel/helper-globals': [ '7.28.0' ],
37 silly audit   '@babel/helper-member-expression-to-functions': [ '7.28.5' ],
37 silly audit   '@babel/helper-module-imports': [ '7.27.1' ],
37 silly audit   '@babel/helper-module-transforms': [ '7.28.3' ],
37 silly audit   '@babel/helper-optimise-call-expression': [ '7.27.1' ],
37 silly audit   '@babel/helper-plugin-utils': [ '7.27.1' ],
37 silly audit   '@babel/helper-remap-async-to-generator': [ '7.27.1' ],
37 silly audit   '@babel/helper-replace-supers': [ '7.27.1' ],
37 silly audit   '@babel/helper-skip-transparent-expression-wrappers': [ '7.27.1' ],
37 silly audit   '@babel/helper-string-parser': [ '7.27.1' ],
37 silly audit   '@babel/helper-validator-identifier': [ '7.28.5' ],
37 silly audit   '@babel/helper-validator-option': [ '7.27.1' ],
37 silly audit   '@babel/helper-wrap-function': [ '7.28.3' ],
37 silly audit   '@babel/helpers': [ '7.28.4' ],
37 silly audit   '@babel/highlight': [ '7.25.9' ],
37 silly audit   'ansi-styles': [ '3.2.1', '4.3.0', '5.2.0' ],
37 silly audit   chalk: [ '2.4.2', '4.1.2' ],
37 silly audit   'color-convert': [ '1.9.3', '2.0.1' ],
37 silly audit   'color-name': [ '1.1.3', '1.1.4' ],
37 silly audit   'escape-string-regexp': [ '1.0.5', '4.0.0', '2.0.0' ],
37 silly audit   'has-flag': [ '3.0.0', '4.0.0' ],
37 silly audit   'supports-color': [ '5.5.0', '8.1.1', '7.2.0' ],
37 silly audit   '@babel/parser': [ '7.28.5' ],
37 silly audit   '@babel/plugin-proposal-decorators': [ '7.28.0' ],
37 silly audit   '@babel/plugin-proposal-export-default-from': [ '7.27.1' ],
37 silly audit   '@babel/plugin-syntax-async-generators': [ '7.8.4' ],
37 silly audit   '@babel/plugin-syntax-bigint': [ '7.8.3' ],
37 silly audit   '@babel/plugin-syntax-class-properties': [ '7.12.13' ],
37 silly audit   '@babel/plugin-syntax-class-static-block': [ '7.14.5' ],
37 silly audit   '@babel/plugin-syntax-decorators': [ '7.27.1' ],
37 silly audit   '@babel/plugin-syntax-dynamic-import': [ '7.8.3' ],
37 silly audit   '@babel/plugin-syntax-export-default-from': [ '7.27.1' ],
37 silly audit   '@babel/plugin-syntax-flow': [ '7.27.1' ],
37 silly audit   '@babel/plugin-syntax-import-attributes': [ '7.27.1' ],
37 silly audit   '@babel/plugin-syntax-import-meta': [ '7.10.4' ],
37 silly audit   '@babel/plugin-syntax-json-strings': [ '7.8.3' ],
37 silly audit   '@babel/plugin-syntax-jsx': [ '7.27.1' ],
37 silly audit   '@babel/plugin-syntax-logical-assignment-operators': [ '7.10.4' ],
37 silly audit   '@babel/plugin-syntax-nullish-coalescing-operator': [ '7.8.3' ],
37 silly audit   '@babel/plugin-syntax-numeric-separator': [ '7.10.4' ],
37 silly audit   '@babel/plugin-syntax-object-rest-spread': [ '7.8.3' ],
37 silly audit   '@babel/plugin-syntax-optional-catch-binding': [ '7.8.3' ],
37 silly audit   '@babel/plugin-syntax-optional-chaining': [ '7.8.3' ],
37 silly audit   '@babel/plugin-syntax-private-property-in-object': [ '7.14.5' ],
37 silly audit   '@babel/plugin-syntax-top-level-await': [ '7.14.5' ],
37 silly audit   '@babel/plugin-syntax-typescript': [ '7.27.1' ],
37 silly audit   '@babel/plugin-transform-arrow-functions': [ '7.27.1' ],
37 silly audit   '@babel/plugin-transform-async-generator-functions': [ '7.28.0' ],
37 silly audit   '@babel/plugin-transform-async-to-generator': [ '7.27.1' ],
37 silly audit   '@babel/plugin-transform-block-scoping': [ '7.28.5' ],
37 silly audit   '@babel/plugin-transform-class-properties': [ '7.27.1' ],
37 silly audit   '@babel/plugin-transform-class-static-block': [ '7.28.3' ],
37 silly audit   '@babel/plugin-transform-classes': [ '7.28.4' ],
37 silly audit   '@babel/plugin-transform-computed-properties': [ '7.27.1' ],
37 silly audit   '@babel/plugin-transform-destructuring': [ '7.28.5' ],
37 silly audit   '@babel/plugin-transform-export-namespace-from': [ '7.27.1' ],
37 silly audit   '@babel/plugin-transform-flow-strip-types': [ '7.27.1' ],
37 silly audit   '@babel/plugin-transform-for-of': [ '7.27.1' ],
37 silly audit   '@babel/plugin-transform-function-name': [ '7.27.1' ],
37 silly audit   '@babel/plugin-transform-literals': [ '7.27.1' ],
37 silly audit   '@babel/plugin-transform-logical-assignment-operators': [ '7.28.5' ],
37 silly audit   '@babel/plugin-transform-modules-commonjs': [ '7.27.1' ],
37 silly audit   '@babel/plugin-transform-named-capturing-groups-regex': [ '7.27.1' ],
37 silly audit   '@babel/plugin-transform-nullish-coalescing-operator': [ '7.27.1' ],
37 silly audit   '@babel/plugin-transform-numeric-separator': [ '7.27.1' ],
37 silly audit   '@babel/plugin-transform-object-rest-spread': [ '7.28.4' ],
37 silly audit   '@babel/plugin-transform-optional-catch-binding': [ '7.27.1' ],
37 silly audit   '@babel/plugin-transform-optional-chaining': [ '7.28.5' ],
37 silly audit   '@babel/plugin-transform-parameters': [ '7.27.7' ],
37 silly audit   '@babel/plugin-transform-private-methods': [ '7.27.1' ],
37 silly audit   '@babel/plugin-transform-private-property-in-object': [ '7.27.1' ],
37 silly audit   '@babel/plugin-transform-react-display-name': [ '7.28.0' ],
37 silly audit   '@babel/plugin-transform-react-jsx': [ '7.27.1' ],
37 silly audit   '@babel/plugin-transform-react-jsx-development': [ '7.27.1' ],
37 silly audit   '@babel/plugin-transform-react-jsx-self': [ '7.27.1' ],
37 silly audit   '@babel/plugin-transform-react-jsx-source': [ '7.27.1' ],
37 silly audit   '@babel/plugin-transform-react-pure-annotations': [ '7.27.1' ],
37 silly audit   '@babel/plugin-transform-regenerator': [ '7.28.4' ],
37 silly audit   '@babel/plugin-transform-runtime': [ '7.28.5' ],
37 silly audit   '@babel/plugin-transform-shorthand-properties': [ '7.27.1' ],
37 silly audit   '@babel/plugin-transform-spread': [ '7.27.1' ],
37 silly audit   '@babel/plugin-transform-sticky-regex': [ '7.27.1' ],
37 silly audit   '@babel/plugin-transform-template-literals': [ '7.27.1' ],
37 silly audit   '@babel/plugin-transform-typescript': [ '7.28.5' ],
37 silly audit   '@babel/plugin-transform-unicode-regex': [ '7.27.1' ],
37 silly audit   '@babel/preset-react': [ '7.28.5' ],
37 silly audit   '@babel/preset-typescript': [ '7.28.5' ],
37 silly audit   '@babel/runtime': [ '7.28.4' ],
37 silly audit   '@babel/template': [ '7.27.2' ],
37 silly audit   '@babel/traverse': [ '7.28.5' ],
37 silly audit   '@babel/types': [ '7.28.5' ],
37 silly audit   '@egjs/hammerjs': [ '2.0.17' ],
37 silly audit   '@emnapi/core': [ '1.7.1' ],
37 silly audit   '@emnapi/runtime': [ '1.7.1' ],
37 silly audit   '@emnapi/wasi-threads': [ '1.1.0' ],
37 silly audit   '@eslint-community/eslint-utils': [ '4.9.0' ],
37 silly audit   'eslint-visitor-keys': [ '3.4.3', '4.2.1' ],
37 silly audit   '@eslint-community/regexpp': [ '4.12.2' ],
37 silly audit   '@eslint/config-array': [ '0.21.1' ],
37 silly audit   '@eslint/config-helpers': [ '0.4.2' ],
37 silly audit   '@eslint/core': [ '0.17.0' ],
37 silly audit   '@eslint/eslintrc': [ '3.3.3' ],
37 silly audit   '@eslint/js': [ '9.39.1' ],
37 silly audit   '@eslint/object-schema': [ '2.1.7' ],
37 silly audit   '@eslint/plugin-kit': [ '0.4.1' ],
37 silly audit   '@expo/code-signing-certificates': [ '0.0.5' ],
37 silly audit   '@expo/config': [ '12.0.12' ],
37 silly audit   '@expo/config-plugins': [ '54.0.4' ],
37 silly audit   semver: [ '7.7.3', '7.6.3', '7.7.2', '6.3.1' ],
37 silly audit   '@expo/config-types': [ '54.0.10' ],
37 silly audit   '@expo/devcert': [ '1.2.1' ],
37 silly audit   debug: [ '3.2.7', '2.6.9', '4.4.3' ],
37 silly audit   '@expo/devtools': [ '0.1.8' ],
37 silly audit   '@expo/env': [ '2.0.8' ],
37 silly audit   '@expo/fingerprint': [ '0.15.4' ],
37 silly audit   'brace-expansion': [ '2.0.2', '1.1.12' ],
37 silly audit   minimatch: [ '9.0.5', '10.1.1', '3.1.2' ],
37 silly audit   '@expo/image-utils': [ '0.8.8' ],
37 silly audit   '@expo/json-file': [ '10.0.8' ],
37 silly audit   '@expo/metro': [ '54.1.0' ],
37 silly audit   '@expo/metro-config': [ '54.0.11' ],
37 silly audit   '@expo/metro-runtime': [ '6.1.2' ],
37 silly audit   '@expo/osascript': [ '2.3.8' ],
37 silly audit   '@expo/package-manager': [ '1.9.9' ],
37 silly audit   '@expo/plist': [ '0.4.8' ],
37 silly audit   '@expo/prebuild-config': [ '54.0.7' ],
37 silly audit   '@expo/schema-utils': [ '0.1.8' ],
37 silly audit   '@expo/sdk-runtime-versions': [ '1.0.0' ],
37 silly audit   '@expo/spawn-async': [ '1.7.2' ],
37 silly audit   '@expo/sudo-prompt': [ '9.3.2' ],
37 silly audit   '@expo/vector-icons': [ '15.0.3' ],
37 silly audit   '@expo/ws-tunnel': [ '1.0.6' ],
37 silly audit   '@expo/xcpretty': [ '4.3.2' ],
37 silly audit   '@gorhom/bottom-sheet': [ '5.2.8' ],
37 silly audit   '@gorhom/portal': [ '1.0.14' ],
37 silly audit   '@humanfs/core': [ '0.19.1' ],
37 silly audit   '@humanfs/node': [ '0.16.7' ],
37 silly audit   '@humanwhocodes/module-importer': [ '1.0.1' ],
37 silly audit   '@humanwhocodes/retry': [ '0.4.3' ],
37 silly audit   '@isaacs/balanced-match': [ '4.0.1' ],
37 silly audit   '@isaacs/brace-expansion': [ '5.0.0' ],
37 silly audit   '@isaacs/fs-minipass': [ '4.0.1' ],
37 silly audit   '@isaacs/ttlcache': [ '1.4.1' ],
37 silly audit   '@istanbuljs/load-nyc-config': [ '1.1.0' ],
37 silly audit   argparse: [ '1.0.10', '2.0.1' ],
37 silly audit   camelcase: [ '5.3.1', '6.3.0' ],
37 silly audit   'find-up': [ '4.1.0', '5.0.0' ],
37 silly audit   'js-yaml': [ '3.14.2', '4.1.1' ],
37 silly audit   'locate-path': [ '5.0.0', '6.0.0' ],
37 silly audit   'p-limit': [ '2.3.0', '3.1.0' ],
37 silly audit   'p-locate': [ '4.1.0', '5.0.0' ],
37 silly audit   '@istanbuljs/schema': [ '0.1.3' ],
37 silly audit   '@jest/create-cache-key-function': [ '29.7.0' ],
37 silly audit   '@jest/environment': [ '29.7.0' ],
37 silly audit   '@jest/fake-timers': [ '29.7.0' ],
37 silly audit   '@jest/schemas': [ '29.6.3' ],
37 silly audit   '@jest/transform': [ '29.7.0' ],
37 silly audit   '@jest/types': [ '29.6.3' ],
37 silly audit   '@jridgewell/gen-mapping': [ '0.3.13' ],
37 silly audit   '@jridgewell/remapping': [ '2.3.5' ],
37 silly audit   '@jridgewell/resolve-uri': [ '3.1.2' ],
37 silly audit   '@jridgewell/source-map': [ '0.3.11' ],
37 silly audit   '@jridgewell/sourcemap-codec': [ '1.5.5' ],
37 silly audit   '@jridgewell/trace-mapping': [ '0.3.31' ],
37 silly audit   '@napi-rs/wasm-runtime': [ '0.2.12' ],
37 silly audit   '@nolyfill/is-core-module': [ '1.0.39' ],
37 silly audit   '@radix-ui/primitive': [ '1.1.3' ],
37 silly audit   '@radix-ui/react-compose-refs': [ '1.1.2' ],
37 silly audit   '@radix-ui/react-context': [ '1.1.2' ],
37 silly audit   '@radix-ui/react-direction': [ '1.1.1' ],
37 silly audit   '@radix-ui/react-focus-guards': [ '1.1.3' ],
37 silly audit   '@radix-ui/react-id': [ '1.1.1' ],
37 silly audit   '@radix-ui/react-slot': [ '1.2.0', '1.2.3' ],
37 silly audit   '@radix-ui/react-use-callback-ref': [ '1.1.1' ],
37 silly audit   '@radix-ui/react-use-controllable-state': [ '1.2.2' ],
37 silly audit   '@radix-ui/react-use-effect-event': [ '0.0.2' ],
37 silly audit   '@radix-ui/react-use-escape-keydown': [ '1.1.1' ],
37 silly audit   '@radix-ui/react-use-layout-effect': [ '1.1.1' ],
37 silly audit   '@react-native-async-storage/async-storage': [ '2.2.0' ],
37 silly audit   '@react-native/assets-registry': [ '0.81.5' ],
37 silly audit   '@react-native/babel-plugin-codegen': [ '0.81.5' ],
37 silly audit   '@react-native/babel-preset': [ '0.81.5' ],
37 silly audit   '@react-native/codegen': [ '0.81.5' ],
37 silly audit   glob: [ '7.2.3', '13.0.0' ],
37 silly audit   '@react-native/community-cli-plugin': [ '0.81.5' ],
37 silly audit   '@react-native/debugger-frontend': [ '0.81.5' ],
37 silly audit   '@react-native/dev-middleware': [ '0.81.5' ],
37 silly audit   ws: [ '6.2.3', '8.18.3', '7.5.10' ],
37 silly audit   '@react-native/gradle-plugin': [ '0.81.5' ],
37 silly audit   '@react-native/js-polyfills': [ '0.81.5' ],
37 silly audit   '@react-native/normalize-colors': [ '0.81.5', '0.74.89' ],
37 silly audit   '@react-navigation/bottom-tabs': [ '7.8.12' ],
37 silly audit   '@react-navigation/core': [ '7.13.6' ],
37 silly audit   '@react-navigation/elements': [ '2.9.2' ],
37 silly audit   '@react-navigation/native': [ '7.1.25' ],
37 silly audit   '@react-navigation/native-stack': [ '7.8.6' ],
37 silly audit   '@react-navigation/routers': [ '7.5.2' ],
37 silly audit   '@rtsao/scc': [ '1.1.0' ],
37 silly audit   '@sentry-internal/browser-utils': [ '10.38.0' ],
37 silly audit   '@sentry-internal/feedback': [ '10.38.0' ],
37 silly audit   '@sentry-internal/replay': [ '10.38.0' ],
37 silly audit   '@sentry-internal/replay-canvas': [ '10.38.0' ],
37 silly audit   '@sentry/babel-plugin-component-annotate': [ '4.9.1' ],
37 silly audit   '@sentry/browser': [ '10.38.0' ],
37 silly audit   '@sentry/cli': [ '3.2.0' ],
37 silly audit   '@sentry/cli-darwin': [ '3.2.0' ],
37 silly audit   '@sentry/cli-linux-arm': [ '3.2.0' ],
37 silly audit   '@sentry/cli-linux-arm64': [ '3.2.0' ],
37 silly audit   '@sentry/cli-linux-i686': [ '3.2.0' ],
37 silly audit   '@sentry/cli-linux-x64': [ '3.2.0' ],
37 silly audit   '@sentry/cli-win32-arm64': [ '3.2.0' ],
37 silly audit   '@sentry/cli-win32-i686': [ '3.2.0' ],
37 silly audit   '@sentry/cli-win32-x64': [ '3.2.0' ],
37 silly audit   '@sentry/core': [ '10.38.0' ],
37 silly audit   '@sentry/react': [ '10.38.0' ],
37 silly audit   '@sentry/react-native': [ '8.0.0' ],
37 silly audit   '@sentry/types': [ '10.38.0' ],
37 silly audit   '@sinclair/typebox': [ '0.27.8' ],
37 silly audit   '@sinonjs/commons': [ '3.0.1' ],
37 silly audit   '@sinonjs/fake-timers': [ '10.3.0' ],
37 silly audit   '@tybys/wasm-util': [ '0.10.1' ],
37 silly audit   '@types/babel__core': [ '7.20.5' ],
37 silly audit   '@types/babel__generator': [ '7.27.0' ],
37 silly audit   '@types/babel__template': [ '7.4.4' ],
37 silly audit   '@types/babel__traverse': [ '7.28.0' ],
37 silly audit   '@types/estree': [ '1.0.8' ],
37 silly audit   '@types/geojson': [ '7946.0.16' ],
37 silly audit   '@types/graceful-fs': [ '4.1.9' ],
37 silly audit   '@types/hammerjs': [ '2.0.46' ],
37 silly audit   '@types/istanbul-lib-coverage': [ '2.0.6' ],
37 silly audit   '@types/istanbul-lib-report': [ '3.0.3' ],
37 silly audit   '@types/istanbul-reports': [ '3.0.4' ],
37 silly audit   '@types/json-schema': [ '7.0.15' ],
37 silly audit   '@types/json5': [ '0.0.29' ],
37 silly audit   '@types/node': [ '25.0.1' ],
37 silly audit   '@types/react': [ '19.1.17' ],
37 silly audit   '@types/stack-utils': [ '2.0.3' ],
37 silly audit   '@types/yargs': [ '17.0.35' ],
37 silly audit   '@types/yargs-parser': [ '21.0.3' ],
37 silly audit   '@typescript-eslint/eslint-plugin': [ '8.49.0' ],
37 silly audit   ignore: [ '7.0.5', '5.3.2' ],
37 silly audit   '@typescript-eslint/parser': [ '8.49.0' ],
37 silly audit   '@typescript-eslint/project-service': [ '8.49.0' ],
37 silly audit   '@typescript-eslint/scope-manager': [ '8.49.0' ],
37 silly audit   '@typescript-eslint/tsconfig-utils': [ '8.49.0' ],
37 silly audit   '@typescript-eslint/type-utils': [ '8.49.0' ],
37 silly audit   '@typescript-eslint/types': [ '8.49.0' ],
37 silly audit   '@typescript-eslint/typescript-estree': [ '8.49.0' ],
37 silly audit   '@typescript-eslint/utils': [ '8.49.0' ],
37 silly audit   '@typescript-eslint/visitor-keys': [ '8.49.0' ],
37 silly audit   '@ungap/structured-clone': [ '1.3.0' ],
37 silly audit   '@unrs/resolver-binding-android-arm-eabi': [ '1.11.1' ],
37 silly audit   '@unrs/resolver-binding-android-arm64': [ '1.11.1' ],
37 silly audit   '@unrs/resolver-binding-darwin-arm64': [ '1.11.1' ],
37 silly audit   '@unrs/resolver-binding-darwin-x64': [ '1.11.1' ],
37 silly audit   '@unrs/resolver-binding-freebsd-x64': [ '1.11.1' ],
37 silly audit   '@unrs/resolver-binding-linux-arm-gnueabihf': [ '1.11.1' ],
37 silly audit   '@unrs/resolver-binding-linux-arm-musleabihf': [ '1.11.1' ],
37 silly audit   '@unrs/resolver-binding-linux-arm64-gnu': [ '1.11.1' ],
37 silly audit   '@unrs/resolver-binding-linux-arm64-musl': [ '1.11.1' ],
37 silly audit   '@unrs/resolver-binding-linux-ppc64-gnu': [ '1.11.1' ],
37 silly audit   '@unrs/resolver-binding-linux-riscv64-gnu': [ '1.11.1' ],
37 silly audit   '@unrs/resolver-binding-linux-riscv64-musl': [ '1.11.1' ],
37 silly audit   '@unrs/resolver-binding-linux-s390x-gnu': [ '1.11.1' ],
37 silly audit   '@unrs/resolver-binding-linux-x64-gnu': [ '1.11.1' ],
37 silly audit   '@unrs/resolver-binding-linux-x64-musl': [ '1.11.1' ],
37 silly audit   '@unrs/resolver-binding-wasm32-wasi': [ '1.11.1' ],
37 silly audit   '@unrs/resolver-binding-win32-arm64-msvc': [ '1.11.1' ],
37 silly audit   '@unrs/resolver-binding-win32-ia32-msvc': [ '1.11.1' ],
37 silly audit   '@unrs/resolver-binding-win32-x64-msvc': [ '1.11.1' ],
37 silly audit   '@urql/core': [ '5.2.0' ],
37 silly audit   '@urql/exchange-retry': [ '1.3.2' ],
37 silly audit   '@xmldom/xmldom': [ '0.8.11' ],
37 silly audit   'abort-controller': [ '3.0.0' ],
37 silly audit   accepts: [ '1.3.8' ],
37 silly audit   acorn: [ '8.15.0' ],
37 silly audit   'acorn-jsx': [ '5.3.2' ],
37 silly audit   'agent-base': [ '7.1.4' ],
37 silly audit   ajv: [ '6.12.6' ],
37 silly audit   anser: [ '1.4.10' ],
37 silly audit   'ansi-escapes': [ '4.3.2' ],
37 silly audit   'type-fest': [ '0.21.3', '0.7.1' ],
37 silly audit   'ansi-regex': [ '5.0.1', '4.1.1' ],
37 silly audit   'any-promise': [ '1.3.0' ],
37 silly audit   anymatch: [ '3.1.3' ],
37 silly audit   arg: [ '5.0.2' ],
37 silly audit   'aria-hidden': [ '1.2.6' ],
37 silly audit   'array-buffer-byte-length': [ '1.0.2' ],
37 silly audit   'array-includes': [ '3.1.9' ],
37 silly audit   'array.prototype.findlast': [ '1.2.5' ],
37 silly audit   'array.prototype.findlastindex': [ '1.2.6' ],
37 silly audit   'array.prototype.flat': [ '1.3.3' ],
37 silly audit   'array.prototype.flatmap': [ '1.3.3' ],
37 silly audit   'array.prototype.tosorted': [ '1.1.4' ],
37 silly audit   'arraybuffer.prototype.slice': [ '1.0.4' ],
37 silly audit   asap: [ '2.0.6' ],
37 silly audit   'async-function': [ '1.0.0' ],
37 silly audit   'async-limiter': [ '1.0.1' ],
37 silly audit   asynckit: [ '0.4.0' ],
37 silly audit   'available-typed-arrays': [ '1.0.7' ],
37 silly audit   axios: [ '1.13.2' ],
37 silly audit   'babel-jest': [ '29.7.0' ],
37 silly audit   'babel-plugin-istanbul': [ '6.1.1' ],
37 silly audit   'babel-plugin-jest-hoist': [ '29.6.3' ],
37 silly audit   'babel-plugin-polyfill-corejs2': [ '0.4.14' ],
37 silly audit   'babel-plugin-polyfill-corejs3': [ '0.13.0' ],
37 silly audit   'babel-plugin-polyfill-regenerator': [ '0.6.5' ],
37 silly audit   'babel-plugin-react-compiler': [ '1.0.0' ],
37 silly audit   'babel-plugin-react-native-web': [ '0.21.2' ],
37 silly audit   'babel-plugin-syntax-hermes-parser': [ '0.29.1' ],
37 silly audit   'babel-plugin-transform-flow-enums': [ '0.0.2' ],
37 silly audit   'babel-preset-current-node-syntax': [ '1.2.0' ],
37 silly audit   'babel-preset-expo': [ '54.0.8' ],
37 silly audit   'babel-preset-jest': [ '29.6.3' ],
37 silly audit   'balanced-match': [ '1.0.2' ],
37 silly audit   'base64-js': [ '1.5.1' ],
37 silly audit   'baseline-browser-mapping': [ '2.9.6' ],
37 silly audit   'better-opn': [ '3.0.2' ],
37 silly audit   open: [ '8.4.2', '7.4.2' ],
37 silly audit   'big-integer': [ '1.6.52' ],
37 silly audit   boolbase: [ '1.0.0' ],
37 silly audit   'bplist-creator': [ '0.1.0' ],
37 silly audit   'bplist-parser': [ '0.3.1' ],
37 silly audit   braces: [ '3.0.3' ],
37 silly audit   browserslist: [ '4.28.1' ],
37 silly audit   bser: [ '2.1.1' ],
37 silly audit   buffer: [ '5.7.1' ],
37 silly audit   'buffer-from': [ '1.1.2' ],
37 silly audit   bytes: [ '3.1.2' ],
37 silly audit   'call-bind': [ '1.0.8' ],
37 silly audit   'call-bind-apply-helpers': [ '1.0.2' ],
37 silly audit   'call-bound': [ '1.0.4' ],
37 silly audit   callsites: [ '3.1.0' ],
37 silly audit   'caniuse-lite': [ '1.0.30001760' ],
37 silly audit   chownr: [ '3.0.0' ],
37 silly audit   'chrome-launcher': [ '0.15.2' ],
37 silly audit   'chromium-edge-launcher': [ '0.2.0' ],
37 silly audit   'ci-info': [ '2.0.0', '3.9.0' ],
37 silly audit   'cli-cursor': [ '2.1.0' ],
37 silly audit   'cli-spinners': [ '2.9.2' ],
37 silly audit   'client-only': [ '0.0.1' ],
37 silly audit   cliui: [ '8.0.1' ],
37 silly audit   clone: [ '1.0.4' ],
37 silly audit   color: [ '4.2.3' ],
37 silly audit   'color-string': [ '1.9.1' ],
37 silly audit   'combined-stream': [ '1.0.8' ],
37 silly audit   commander: [ '7.2.0', '12.1.0', '4.1.1', '2.20.3' ],
37 silly audit   compressible: [ '2.0.18' ],
37 silly audit   compression: [ '1.8.1' ],
37 silly audit   ms: [ '2.0.0', '2.1.3' ],
37 silly audit   negotiator: [ '0.6.4', '0.6.3' ],
37 silly audit   'concat-map': [ '0.0.1' ],
37 silly audit   connect: [ '3.7.0' ],
37 silly audit   'convert-source-map': [ '2.0.0' ],
37 silly audit   'core-js-compat': [ '3.47.0' ],
37 silly audit   'cross-fetch': [ '3.2.0' ],
37 silly audit   'cross-spawn': [ '7.0.6' ],
37 silly audit   'crypto-random-string': [ '2.0.0' ],
37 silly audit   'css-in-js-utils': [ '3.1.0' ],
37 silly audit   'css-select': [ '5.2.2' ],
37 silly audit   'css-tree': [ '1.1.3' ],
37 silly audit   'source-map': [ '0.6.1', '0.5.7' ],
37 silly audit   'css-what': [ '6.2.2' ],
37 silly audit   csstype: [ '3.2.3' ],
37 silly audit   'data-view-buffer': [ '1.0.2' ],
37 silly audit   'data-view-byte-length': [ '1.0.2' ],
37 silly audit   'data-view-byte-offset': [ '1.0.1' ],
37 silly audit   'decode-uri-component': [ '0.2.2' ],
37 silly audit   'deep-extend': [ '0.6.0' ],
37 silly audit   'deep-is': [ '0.1.4' ],
37 silly audit   deepmerge: [ '4.3.1' ],
37 silly audit   defaults: [ '1.0.4' ],
37 silly audit   'define-data-property': [ '1.1.4' ],
37 silly audit   'define-lazy-prop': [ '2.0.0' ],
37 silly audit   'define-properties': [ '1.2.1' ],
37 silly audit   'delayed-stream': [ '1.0.0' ],
37 silly audit   depd: [ '2.0.0' ],
37 silly audit   destroy: [ '1.2.0' ],
37 silly audit   'detect-libc': [ '2.1.2' ],
37 silly audit   'detect-node-es': [ '1.1.0' ],
37 silly audit   doctrine: [ '2.1.0' ],
37 silly audit   'dom-serializer': [ '2.0.0' ],
37 silly audit   domelementtype: [ '2.3.0' ],
37 silly audit   domhandler: [ '5.0.3' ],
37 silly audit   domutils: [ '3.2.2' ],
37 silly audit   dotenv: [ '16.4.7' ],
37 silly audit   'dotenv-expand': [ '11.0.7' ],
37 silly audit   'dunder-proto': [ '1.0.1' ],
37 silly audit   'ee-first': [ '1.1.1' ],
37 silly audit   'electron-to-chromium': [ '1.5.267' ],
37 silly audit   'emoji-regex': [ '8.0.0' ],
37 silly audit   encodeurl: [ '1.0.2', '2.0.0' ],
37 silly audit   entities: [ '4.5.0' ],
37 silly audit   'env-editor': [ '0.4.2' ],
37 silly audit   'error-stack-parser': [ '2.1.4' ],
37 silly audit   'es-abstract': [ '1.24.0' ],
37 silly audit   'es-define-property': [ '1.0.1' ],
37 silly audit   'es-errors': [ '1.3.0' ],
37 silly audit   'es-iterator-helpers': [ '1.2.1' ],
37 silly audit   'es-object-atoms': [ '1.1.1' ],
37 silly audit   'es-set-tostringtag': [ '2.1.0' ],
37 silly audit   'es-shim-unscopables': [ '1.1.0' ],
37 silly audit   'es-to-primitive': [ '1.3.0' ],
37 silly audit   escalade: [ '3.2.0' ],
37 silly audit   'escape-html': [ '1.0.3' ],
37 silly audit   eslint: [ '9.39.1' ],
37 silly audit   'eslint-config-expo': [ '10.0.0' ],
37 silly audit   globals: [ '16.5.0', '14.0.0' ],
37 silly audit   'eslint-import-resolver-node': [ '0.3.9' ],
37 silly audit   'eslint-import-resolver-typescript': [ '3.10.1' ],
37 silly audit   'eslint-module-utils': [ '2.12.1' ],
37 silly audit   'eslint-plugin-expo': [ '1.0.0' ],
37 silly audit   'eslint-plugin-import': [ '2.32.0' ],
37 silly audit   'eslint-plugin-react': [ '7.37.5' ],
37 silly audit   'eslint-plugin-react-hooks': [ '5.2.0' ],
37 silly audit   resolve: [ '2.0.0-next.5', '1.7.1', '1.22.11' ],
37 silly audit   'eslint-scope': [ '8.4.0' ],
37 silly audit   espree: [ '10.4.0' ],
37 silly audit   esprima: [ '4.0.1' ],
37 silly audit   esquery: [ '1.6.0' ],
37 silly audit   esrecurse: [ '4.3.0' ],
37 silly audit   estraverse: [ '5.3.0' ],
37 silly audit   esutils: [ '2.0.3' ],
37 silly audit   etag: [ '1.8.1' ],
37 silly audit   'event-target-shim': [ '5.0.1' ],
37 silly audit   'exec-async': [ '2.2.0' ],
37 silly audit   expo: [ '54.0.29' ],
37 silly audit   'expo-application': [ '7.0.8' ],
37 silly audit   'expo-asset': [ '12.0.11' ],
37 silly audit   'expo-camera': [ '17.0.10' ],
37 silly audit   'expo-constants': [ '18.0.12' ],
37 silly audit   'expo-device': [ '8.0.10' ],
37 silly audit   'ua-parser-js': [ '0.7.41', '1.0.41' ],
37 silly audit   'expo-file-system': [ '19.0.21' ],
37 silly audit   'expo-font': [ '14.0.10' ],
37 silly audit   'expo-haptics': [ '15.0.8' ],
37 silly audit   'expo-image': [ '3.0.11' ],
37 silly audit   'expo-keep-awake': [ '15.0.8' ],
37 silly audit   'expo-linear-gradient': [ '15.0.8' ],
37 silly audit   'expo-linking': [ '8.0.10' ],
37 silly audit   'expo-location': [ '19.0.8' ],
37 silly audit   'expo-modules-autolinking': [ '3.0.23' ],
37 silly audit   'expo-modules-core': [ '3.0.29' ],
37 silly audit   'expo-router': [ '6.0.19' ],
37 silly audit   '@radix-ui/react-collection': [ '1.1.7' ],
37 silly audit   '@radix-ui/react-presence': [ '1.1.5' ],
37 silly audit   '@radix-ui/react-primitive': [ '2.1.3' ],
37 silly audit   '@radix-ui/react-roving-focus': [ '1.1.11' ],
37 silly audit   '@radix-ui/react-tabs': [ '1.1.13' ],
37 silly audit   'expo-secure-store': [ '15.0.8' ],
37 silly audit   'expo-sensors': [ '15.0.8' ],
37 silly audit   'expo-server': [ '1.0.5' ],
37 silly audit   'expo-splash-screen': [ '31.0.12' ],
37 silly audit   'expo-status-bar': [ '3.0.9' ],
37 silly audit   'expo-symbols': [ '1.0.8' ],
37 silly audit   'expo-system-ui': [ '6.0.9' ],
37 silly audit   'expo-web-browser': [ '15.0.10' ],
37 silly audit   '@expo/cli': [ '54.0.19' ],
37 silly audit   picomatch: [ '3.0.1', '2.3.1', '4.0.3' ],
37 silly audit   'exponential-backoff': [ '3.1.3' ],
37 silly audit   'fast-deep-equal': [ '3.1.3' ],
37 silly audit   'fast-json-stable-stringify': [ '2.1.0' ],
37 silly audit   'fast-levenshtein': [ '2.0.6' ],
37 silly audit   'fb-watchman': [ '2.0.2' ],
37 silly audit   fbjs: [ '3.0.5' ],
37 silly audit   'fbjs-css-vars': [ '1.0.2' ],
37 silly audit   promise: [ '7.3.1', '8.3.0' ],
37 silly audit   'file-entry-cache': [ '8.0.0' ],
37 silly audit   'fill-range': [ '7.1.1' ],
37 silly audit   'filter-obj': [ '1.1.0' ],
37 silly audit   finalhandler: [ '1.1.2' ],
37 silly audit   'flat-cache': [ '4.0.1' ],
37 silly audit   flatted: [ '3.3.3' ],
37 silly audit   'flow-enums-runtime': [ '0.0.6' ],
37 silly audit   'follow-redirects': [ '1.15.11' ],
37 silly audit   fontfaceobserver: [ '2.3.0' ],
37 silly audit   'for-each': [ '0.3.5' ],
37 silly audit   'form-data': [ '4.0.5' ],
37 silly audit   'freeport-async': [ '2.0.0' ],
37 silly audit   fresh: [ '0.5.2' ],
37 silly audit   'fs.realpath': [ '1.0.0' ],
37 silly audit   fsevents: [ '2.3.3' ],
37 silly audit   'function-bind': [ '1.1.2' ],
37 silly audit   'function.prototype.name': [ '1.1.8' ],
37 silly audit   'functions-have-names': [ '1.2.3' ],
37 silly audit   'generator-function': [ '2.0.1' ],
37 silly audit   gensync: [ '1.0.0-beta.2' ],
37 silly audit   'get-caller-file': [ '2.0.5' ],
37 silly audit   'get-intrinsic': [ '1.3.0' ],
37 silly audit   'get-nonce': [ '1.0.1' ],
37 silly audit   'get-package-type': [ '0.1.0' ],
37 silly audit   'get-proto': [ '1.0.1' ],
37 silly audit   'get-symbol-description': [ '1.1.0' ],
37 silly audit   'get-tsconfig': [ '4.13.0' ],
37 silly audit   getenv: [ '2.0.0' ],
37 silly audit   'glob-parent': [ '6.0.2' ],
37 silly audit   'global-dirs': [ '0.1.1' ],
37 silly audit   globalthis: [ '1.0.4' ],
37 silly audit   gopd: [ '1.2.0' ],
37 silly audit   'graceful-fs': [ '4.2.11' ],
37 silly audit   'has-bigints': [ '1.1.0' ],
37 silly audit   'has-property-descriptors': [ '1.0.2' ],
37 silly audit   'has-proto': [ '1.2.0' ],
37 silly audit   'has-symbols': [ '1.1.0' ],
37 silly audit   'has-tostringtag': [ '1.0.2' ],
37 silly audit   hasown: [ '2.0.2' ],
37 silly audit   'hermes-estree': [ '0.29.1', '0.32.0' ],
37 silly audit   'hermes-parser': [ '0.29.1', '0.32.0' ],
37 silly audit   'hoist-non-react-statics': [ '3.3.2' ],
37 silly audit   'react-is': [ '16.13.1', '18.3.1', '19.2.3' ],
37 silly audit   'hosted-git-info': [ '7.0.2' ],
37 silly audit   'lru-cache': [ '10.4.3', '5.1.1', '11.2.4' ],
37 silly audit   'http-errors': [ '2.0.0' ],
37 silly audit   statuses: [ '2.0.1', '1.5.0' ],
37 silly audit   'https-proxy-agent': [ '7.0.6' ],
37 silly audit   'hyphenate-style-name': [ '1.1.0' ],
37 silly audit   ieee754: [ '1.2.1' ],
37 silly audit   'image-size': [ '1.2.1' ],
37 silly audit   'import-fresh': [ '3.3.1' ],
37 silly audit   'resolve-from': [ '4.0.0', '5.0.0' ],
37 silly audit   imurmurhash: [ '0.1.4' ],
37 silly audit   inflight: [ '1.0.6' ],
37 silly audit   inherits: [ '2.0.4' ],
37 silly audit   ini: [ '1.3.8' ],
37 silly audit   'inline-style-prefixer': [ '7.0.1' ],
37 silly audit   'internal-slot': [ '1.1.0' ],
37 silly audit   invariant: [ '2.2.4' ],
37 silly audit   'is-array-buffer': [ '3.0.5' ],
37 silly audit   'is-arrayish': [ '0.3.4' ],
37 silly audit   'is-async-function': [ '2.1.1' ],
37 silly audit   'is-bigint': [ '1.1.0' ],
37 silly audit   'is-boolean-object': [ '1.2.2' ],
37 silly audit   'is-bun-module': [ '2.0.0' ],
37 silly audit   'is-callable': [ '1.2.7' ],
37 silly audit   'is-core-module': [ '2.16.1' ],
37 silly audit   'is-data-view': [ '1.0.2' ],
37 silly audit   'is-date-object': [ '1.1.0' ],
37 silly audit   'is-docker': [ '2.2.1' ],
37 silly audit   'is-extglob': [ '2.1.1' ],
37 silly audit   'is-finalizationregistry': [ '1.1.1' ],
37 silly audit   'is-fullwidth-code-point': [ '3.0.0' ],
37 silly audit   'is-generator-function': [ '1.1.2' ],
37 silly audit   'is-glob': [ '4.0.3' ],
37 silly audit   'is-map': [ '2.0.3' ],
37 silly audit   'is-negative-zero': [ '2.0.3' ],
37 silly audit   'is-number': [ '7.0.0' ],
37 silly audit   'is-number-object': [ '1.1.1' ],
37 silly audit   'is-plain-obj': [ '2.1.0' ],
37 silly audit   'is-regex': [ '1.2.1' ],
37 silly audit   'is-set': [ '2.0.3' ],
37 silly audit   'is-shared-array-buffer': [ '1.0.4' ],
37 silly audit   'is-string': [ '1.1.1' ],
37 silly audit   'is-symbol': [ '1.1.1' ],
37 silly audit   'is-typed-array': [ '1.1.15' ],
37 silly audit   'is-weakmap': [ '2.0.2' ],
37 silly audit   'is-weakref': [ '1.1.1' ],
37 silly audit   'is-weakset': [ '2.0.4' ],
37 silly audit   'is-wsl': [ '2.2.0' ],
37 silly audit   isarray: [ '2.0.5' ],
37 silly audit   isexe: [ '2.0.0' ],
37 silly audit   'istanbul-lib-coverage': [ '3.2.2' ],
37 silly audit   'istanbul-lib-instrument': [ '5.2.1' ],
37 silly audit   'iterator.prototype': [ '1.1.5' ],
37 silly audit   'jest-environment-node': [ '29.7.0' ],
37 silly audit   'jest-get-type': [ '29.6.3' ],
37 silly audit   'jest-haste-map': [ '29.7.0' ],
37 silly audit   'jest-message-util': [ '29.7.0' ],
37 silly audit   'jest-mock': [ '29.7.0' ],
37 silly audit   'jest-regex-util': [ '29.6.3' ],
37 silly audit   'jest-util': [ '29.7.0' ],
37 silly audit   'jest-validate': [ '29.7.0' ],
37 silly audit   'jest-worker': [ '29.7.0' ],
37 silly audit   'jimp-compact': [ '0.16.1' ],
37 silly audit   'js-tokens': [ '4.0.0' ],
37 silly audit   'jsc-safe-url': [ '0.2.4' ],
37 silly audit   jsesc: [ '3.1.0' ],
37 silly audit   'json-buffer': [ '3.0.1' ],
37 silly audit   'json-schema-traverse': [ '0.4.1' ],
37 silly audit   'json-stable-stringify-without-jsonify': [ '1.0.1' ],
37 silly audit   json5: [ '2.2.3', '1.0.2' ],
37 silly audit   'jsx-ast-utils': [ '3.3.5' ],
37 silly audit   keyv: [ '4.5.4' ],
37 silly audit   kleur: [ '3.0.3' ],
37 silly audit   'lan-network': [ '0.1.7' ],
37 silly audit   leven: [ '3.1.0' ],
37 silly audit   levn: [ '0.4.1' ],
37 silly audit   'lighthouse-logger': [ '1.4.2' ],
37 silly audit   lightningcss: [ '1.30.2' ],
37 silly audit   'lightningcss-android-arm64': [ '1.30.2' ],
37 silly audit   'lightningcss-darwin-arm64': [ '1.30.2' ],
37 silly audit   'lightningcss-darwin-x64': [ '1.30.2' ],
37 silly audit   'lightningcss-freebsd-x64': [ '1.30.2' ],
37 silly audit   'lightningcss-linux-arm-gnueabihf': [ '1.30.2' ],
37 silly audit   'lightningcss-linux-arm64-gnu': [ '1.30.2' ],
37 silly audit   'lightningcss-linux-arm64-musl': [ '1.30.2' ],
37 silly audit   'lightningcss-linux-x64-gnu': [ '1.30.2' ],
37 silly audit   'lightningcss-linux-x64-musl': [ '1.30.2' ],
37 silly audit   'lightningcss-win32-arm64-msvc': [ '1.30.2' ],
37 silly audit   'lightningcss-win32-x64-msvc': [ '1.30.2' ],
37 silly audit   'lines-and-columns': [ '1.2.4' ],
37 silly audit   'lodash.debounce': [ '4.0.8' ],
37 silly audit   'lodash.merge': [ '4.6.2' ],
37 silly audit   'lodash.throttle': [ '4.1.1' ],
37 silly audit   'log-symbols': [ '2.2.0' ],
37 silly audit   'loose-envify': [ '1.4.0' ],
37 silly audit   'lottie-react-native': [ '7.3.5' ],
37 silly audit   makeerror: [ '1.0.12' ],
37 silly audit   marky: [ '1.3.0' ],
37 silly audit   'math-intrinsics': [ '1.1.0' ],
37 silly audit   'mdn-data': [ '2.0.14' ],
37 silly audit   'memoize-one': [ '5.2.1', '6.0.0' ],
37 silly audit   'merge-options': [ '3.0.4' ],
37 silly audit   'merge-stream': [ '2.0.0' ],
37 silly audit   metro: [ '0.83.2' ],
37 silly audit   'metro-babel-transformer': [ '0.83.2' ],
37 silly audit   'metro-cache': [ '0.83.2' ],
37 silly audit   'metro-cache-key': [ '0.83.2' ],
37 silly audit   'metro-config': [ '0.83.2' ],
37 silly audit   'metro-core': [ '0.83.2' ],
37 silly audit   'metro-file-map': [ '0.83.2' ],
37 silly audit   'metro-minify-terser': [ '0.83.2' ],
37 silly audit   'metro-resolver': [ '0.83.2' ],
37 silly audit   'metro-runtime': [ '0.83.2' ],
37 silly audit   'metro-source-map': [ '0.83.2' ],
37 silly audit   'metro-symbolicate': [ '0.83.2' ],
37 silly audit   'metro-transform-plugins': [ '0.83.2' ],
37 silly audit   'metro-transform-worker': [ '0.83.2' ],
37 silly audit   micromatch: [ '4.0.8' ],
37 silly audit   mime: [ '1.6.0' ],
37 silly audit   'mime-db': [ '1.52.0' ],
37 silly audit   'mime-types': [ '2.1.35' ],
37 silly audit   'mimic-fn': [ '1.2.0' ],
37 silly audit   minimist: [ '1.2.8' ],
37 silly audit   minipass: [ '7.1.2' ],
37 silly audit   minizlib: [ '3.1.0' ],
37 silly audit   mkdirp: [ '1.0.4' ],
37 silly audit   mz: [ '2.7.0' ],
37 silly audit   nanoid: [ '3.3.11' ],
37 silly audit   'napi-postinstall': [ '0.3.4' ],
37 silly audit   'natural-compare': [ '1.4.0' ],
37 silly audit   'nested-error-stacks': [ '2.0.1' ],
37 silly audit   'node-fetch': [ '2.7.0' ],
37 silly audit   'node-forge': [ '1.3.3' ],
37 silly audit   'node-int64': [ '0.4.0' ],
37 silly audit   'node-releases': [ '2.0.27' ],
37 silly audit   'normalize-path': [ '3.0.0' ],
37 silly audit   'npm-package-arg': [ '11.0.3' ],
37 silly audit   'nth-check': [ '2.1.1' ],
37 silly audit   nullthrows: [ '1.1.1' ],
37 silly audit   ob1: [ '0.83.2' ],
37 silly audit   'object-assign': [ '4.1.1' ],
37 silly audit   'object-inspect': [ '1.13.4' ],
37 silly audit   'object-keys': [ '1.1.1' ],
37 silly audit   'object.assign': [ '4.1.7' ],
37 silly audit   'object.entries': [ '1.1.9' ],
37 silly audit   'object.fromentries': [ '2.0.8' ],
37 silly audit   'object.groupby': [ '1.0.3' ],
37 silly audit   'object.values': [ '1.2.1' ],
37 silly audit   'on-finished': [ '2.3.0', '2.4.1' ],
37 silly audit   'on-headers': [ '1.1.0' ],
37 silly audit   once: [ '1.4.0' ],
37 silly audit   onetime: [ '2.0.1' ],
37 silly audit   optionator: [ '0.9.4' ],
37 silly audit   ora: [ '3.4.0' ],
37 silly audit   'strip-ansi': [ '5.2.0', '6.0.1' ],
37 silly audit   'own-keys': [ '1.0.1' ],
37 silly audit   'p-try': [ '2.2.0' ],
37 silly audit   'parent-module': [ '1.0.1' ],
37 silly audit   'parse-png': [ '2.1.0' ],
37 silly audit   parseurl: [ '1.3.3' ],
37 silly audit   'path-exists': [ '4.0.0' ],
37 silly audit   'path-is-absolute': [ '1.0.1' ],
37 silly audit   'path-key': [ '3.1.1' ],
37 silly audit   'path-parse': [ '1.0.7' ],
37 silly audit   'path-scurry': [ '2.0.1' ],
37 silly audit   picocolors: [ '1.1.1' ],
37 silly audit   pirates: [ '4.0.7' ],
37 silly audit   plist: [ '3.1.0' ],
37 silly audit   pngjs: [ '3.4.0' ],
37 silly audit   'possible-typed-array-names': [ '1.1.0' ],
37 silly audit   postcss: [ '8.4.49' ],
37 silly audit   'postcss-value-parser': [ '4.2.0' ],
37 silly audit   'prelude-ls': [ '1.2.1' ],
37 silly audit   'pretty-bytes': [ '5.6.0' ],
37 silly audit   'pretty-format': [ '29.7.0' ],
37 silly audit   'proc-log': [ '4.2.0' ],
37 silly audit   progress: [ '2.0.3' ],
37 silly audit   prompts: [ '2.4.2' ],
37 silly audit   'prop-types': [ '15.8.1' ],
37 silly audit   'proxy-from-env': [ '1.1.0' ],
37 silly audit   punycode: [ '2.3.1' ],
37 silly audit   'qrcode-terminal': [ '0.11.0' ],
37 silly audit   'query-string': [ '7.1.3' ],
37 silly audit   queue: [ '6.0.2' ],
37 silly audit   'range-parser': [ '1.2.1' ],
37 silly audit   rc: [ '1.2.8' ],
37 silly audit   'strip-json-comments': [ '2.0.1', '3.1.1' ],
37 silly audit   react: [ '19.1.0' ],
37 silly audit   'react-devtools-core': [ '6.1.5' ],
37 silly audit   'react-dom': [ '19.1.0' ],
37 silly audit   'react-fast-compare': [ '3.2.2' ],
37 silly audit   'react-freeze': [ '1.0.4' ],
37 silly audit   'react-native': [ '0.81.5' ],
37 silly audit   'react-native-dotenv': [ '3.4.11' ],
37 silly audit   'react-native-gesture-handler': [ '2.28.0' ],
37 silly audit   'react-native-is-edge-to-edge': [ '1.2.1' ],
37 silly audit   'react-native-maps': [ '1.18.0' ],
37 silly audit   'react-native-reanimated': [ '4.1.6' ],
37 silly audit   'react-native-safe-area-context': [ '5.6.2' ],
37 silly audit   'react-native-screens': [ '4.16.0' ],
37 silly audit   'react-native-svg': [ '15.12.1' ],
37 silly audit   'react-native-web': [ '0.21.2' ],
37 silly audit   'react-native-worklets': [ '0.5.1' ],
37 silly audit   '@react-native/virtualized-lists': [ '0.81.5' ],
37 silly audit   'react-refresh': [ '0.14.2' ],
37 silly audit   'react-remove-scroll': [ '2.7.2' ],
37 silly audit   'react-remove-scroll-bar': [ '2.3.8' ],
37 silly audit   'react-style-singleton': [ '2.2.3' ],
37 silly audit   'reflect.getprototypeof': [ '1.0.10' ],
37 silly audit   regenerate: [ '1.4.2' ],
37 silly audit   'regenerate-unicode-properties': [ '10.2.2' ],
37 silly audit   'regenerator-runtime': [ '0.13.11' ],
37 silly audit   'regexp.prototype.flags': [ '1.5.4' ],
37 silly audit   'regexpu-core': [ '6.4.0' ],
37 silly audit   regjsgen: [ '0.8.0' ],
37 silly audit   regjsparser: [ '0.13.0' ],
37 silly audit   'require-directory': [ '2.1.1' ],
37 silly audit   'require-from-string': [ '2.0.2' ],
37 silly audit   requireg: [ '0.2.2' ],
37 silly audit   'resolve-global': [ '1.0.0' ],
37 silly audit   'resolve-pkg-maps': [ '1.0.0' ],
37 silly audit   'resolve-workspace-root': [ '2.0.0' ],
37 silly audit   'resolve.exports': [ '2.0.3' ],
37 silly audit   'restore-cursor': [ '2.0.0' ],
37 silly audit   rimraf: [ '3.0.2' ],
37 silly audit   'safe-array-concat': [ '1.1.3' ],
37 silly audit   'safe-buffer': [ '5.2.1' ],
37 silly audit   'safe-push-apply': [ '1.0.0' ],
37 silly audit   'safe-regex-test': [ '1.1.0' ],
37 silly audit   sax: [ '1.4.3' ],
37 silly audit   scheduler: [ '0.26.0' ],
37 silly audit   send: [ '0.19.0' ],
37 silly audit   'serialize-error': [ '2.1.0' ],
37 silly audit   'serve-static': [ '1.16.2' ],
37 silly audit   'server-only': [ '0.0.1' ],
37 silly audit   'set-function-length': [ '1.2.2' ],
37 silly audit   'set-function-name': [ '2.0.2' ],
37 silly audit   'set-proto': [ '1.0.0' ],
37 silly audit   setimmediate: [ '1.0.5' ],
37 silly audit   setprototypeof: [ '1.2.0' ],
37 silly audit   'sf-symbols-typescript': [ '2.2.0' ],
37 silly audit   shallowequal: [ '1.1.0' ],
37 silly audit   'shebang-command': [ '2.0.0' ],
37 silly audit   'shebang-regex': [ '3.0.0' ],
37 silly audit   'shell-quote': [ '1.8.3' ],
37 silly audit   'side-channel': [ '1.1.0' ],
37 silly audit   'side-channel-list': [ '1.0.0' ],
37 silly audit   'side-channel-map': [ '1.0.1' ],
37 silly audit   'side-channel-weakmap': [ '1.0.2' ],
37 silly audit   'signal-exit': [ '3.0.7' ],
37 silly audit   'simple-plist': [ '1.3.1' ],
37 silly audit   'simple-swizzle': [ '0.2.4' ],
37 silly audit   sisteransi: [ '1.0.5' ],
37 silly audit   slash: [ '3.0.0' ],
37 silly audit   slugify: [ '1.6.6' ],
37 silly audit   'source-map-js': [ '1.2.1' ],
37 silly audit   'source-map-support': [ '0.5.21' ],
37 silly audit   'split-on-first': [ '1.1.0' ],
37 silly audit   'sprintf-js': [ '1.0.3' ],
37 silly audit   'stable-hash': [ '0.0.5' ],
37 silly audit   'stack-utils': [ '2.0.6' ],
37 silly audit   stackframe: [ '1.3.4' ],
37 silly audit   'stacktrace-parser': [ '0.1.11' ],
37 silly audit   'stop-iteration-iterator': [ '1.1.0' ],
37 silly audit   'stream-buffers': [ '2.2.0' ],
37 silly audit   'strict-uri-encode': [ '2.0.0' ],
37 silly audit   'string-width': [ '4.2.3' ],
37 silly audit   'string.prototype.matchall': [ '4.0.12' ],
37 silly audit   'string.prototype.repeat': [ '1.0.0' ],
37 silly audit   'string.prototype.trim': [ '1.2.10' ],
37 silly audit   'string.prototype.trimend': [ '1.0.9' ],
37 silly audit   'string.prototype.trimstart': [ '1.0.8' ],
37 silly audit   'strip-bom': [ '3.0.0' ],
37 silly audit   'structured-headers': [ '0.4.1' ],
37 silly audit   styleq: [ '0.1.3' ],
37 silly audit   sucrase: [ '3.35.1' ],
37 silly audit   'supports-hyperlinks': [ '2.3.0' ],
37 silly audit   'supports-preserve-symlinks-flag': [ '1.0.0' ],
37 silly audit   tar: [ '7.5.2' ],
37 silly audit   yallist: [ '5.0.0', '3.1.1' ],
37 silly audit   'temp-dir': [ '2.0.0' ],
37 silly audit   'terminal-link': [ '2.1.1' ],
37 silly audit   terser: [ '5.44.1' ],
37 silly audit   'test-exclude': [ '6.0.0' ],
37 silly audit   thenify: [ '3.3.1' ],
37 silly audit   'thenify-all': [ '1.6.0' ],
37 silly audit   throat: [ '5.0.0' ],
37 silly audit   tinyglobby: [ '0.2.15' ],
37 silly audit   fdir: [ '6.5.0' ],
37 silly audit   tmpl: [ '1.0.5' ],
37 silly audit   'to-regex-range': [ '5.0.1' ],
37 silly audit   toidentifier: [ '1.0.1' ],
37 silly audit   tr46: [ '0.0.3' ],
37 silly audit   'ts-api-utils': [ '2.1.0' ],
37 silly audit   'ts-interface-checker': [ '0.1.13' ],
37 silly audit   'tsconfig-paths': [ '3.15.0' ],
37 silly audit   tslib: [ '2.8.1' ],
37 silly audit   'type-check': [ '0.4.0' ],
37 silly audit   'type-detect': [ '4.0.8' ],
37 silly audit   'typed-array-buffer': [ '1.0.3' ],
37 silly audit   'typed-array-byte-length': [ '1.0.3' ],
37 silly audit   'typed-array-byte-offset': [ '1.0.4' ],
37 silly audit   'typed-array-length': [ '1.0.7' ],
37 silly audit   typescript: [ '5.9.3' ],
37 silly audit   'unbox-primitive': [ '1.1.0' ],
37 silly audit   undici: [ '6.22.0' ],
37 silly audit   'undici-types': [ '7.16.0' ],
37 silly audit   'unicode-canonical-property-names-ecmascript': [ '2.0.1' ],
37 silly audit   'unicode-match-property-ecmascript': [ '2.0.0' ],
37 silly audit   'unicode-match-property-value-ecmascript': [ '2.2.1' ],
37 silly audit   'unicode-property-aliases-ecmascript': [ '2.2.0' ],
37 silly audit   'unique-string': [ '2.0.0' ],
37 silly audit   unpipe: [ '1.0.0' ],
37 silly audit   'unrs-resolver': [ '1.11.1' ],
37 silly audit   'update-browserslist-db': [ '1.2.2' ],
37 silly audit   'uri-js': [ '4.4.1' ],
37 silly audit   'use-callback-ref': [ '1.3.3' ],
37 silly audit   'use-latest-callback': [ '0.2.6' ],
37 silly audit   'use-sidecar': [ '1.1.3' ],
37 silly audit   'use-sync-external-store': [ '1.6.0' ],
37 silly audit   'utils-merge': [ '1.0.1' ],
37 silly audit   uuid: [ '7.0.3' ],
37 silly audit   'validate-npm-package-name': [ '5.0.1' ],
37 silly audit   vary: [ '1.1.2' ],
37 silly audit   vaul: [ '1.1.2' ],
37 silly audit   '@radix-ui/react-dialog': [ '1.1.15' ],
37 silly audit   '@radix-ui/react-dismissable-layer': [ '1.1.11' ],
37 silly audit   '@radix-ui/react-focus-scope': [ '1.1.7' ],
37 silly audit   '@radix-ui/react-portal': [ '1.1.9' ],
37 silly audit   vlq: [ '1.0.1' ],
37 silly audit   walker: [ '1.0.8' ],
37 silly audit   'warn-once': [ '0.1.1' ],
37 silly audit   wcwidth: [ '1.0.1' ],
37 silly audit   'webidl-conversions': [ '3.0.1', '5.0.0' ],
37 silly audit   'whatwg-fetch': [ '3.6.20' ],
37 silly audit   'whatwg-url': [ '5.0.0' ],
37 silly audit   'whatwg-url-without-unicode': [ '8.0.0-3' ],
37 silly audit   which: [ '2.0.2' ],
37 silly audit   'which-boxed-primitive': [ '1.1.1' ],
37 silly audit   'which-builtin-type': [ '1.2.1' ],
37 silly audit   'which-collection': [ '1.0.2' ],
37 silly audit   'which-typed-array': [ '1.1.19' ],
37 silly audit   wonka: [ '6.3.5' ],
37 silly audit   'word-wrap': [ '1.2.5' ],
37 silly audit   'wrap-ansi': [ '7.0.0' ],
37 silly audit   wrappy: [ '1.0.2' ],
37 silly audit   'write-file-atomic': [ '4.0.2' ],
37 silly audit   xcode: [ '3.0.1' ],
37 silly audit   xml2js: [ '0.6.0' ],
37 silly audit   xmlbuilder: [ '11.0.1', '15.1.1' ],
37 silly audit   y18n: [ '5.0.8' ],
37 silly audit   yaml: [ '2.8.2' ],
37 silly audit   yargs: [ '17.7.2' ],
37 silly audit   'yargs-parser': [ '21.1.1' ],
37 silly audit   'yocto-queue': [ '0.1.0' ],
37 silly audit   'iconsax-react-native': [ '0.0.8' ]
37 silly audit }
38 http cache iconsax-react-native@https://registry.npmjs.org/iconsax-react-native/-/iconsax-react-native-0.0.8.tgz 0ms (cache hit)
39 silly tarball no local data for iconsax-react-native@https://registry.npmjs.org/iconsax-react-native/-/iconsax-react-native-0.0.8.tgz. Extracting by manifest.
40 http fetch POST 200 https://registry.npmjs.org/-/npm/v1/security/advisories/bulk 334ms
41 silly audit report {
41 silly audit report   minimatch: [
41 silly audit report     {
41 silly audit report       id: 1113296,
41 silly audit report       url: 'https://github.com/advisories/GHSA-3ppc-4f35-3m26',
41 silly audit report       title: 'minimatch has a ReDoS via repeated wildcards with non-matching literal in pattern',
41 silly audit report       severity: 'high',
41 silly audit report       vulnerable_versions: '<10.2.1',
41 silly audit report       cwe: [Array],
41 silly audit report       cvss: [Object]
41 silly audit report     }
41 silly audit report   ],
41 silly audit report   '@isaacs/brace-expansion': [
41 silly audit report     {
41 silly audit report       id: 1112954,
41 silly audit report       url: 'https://github.com/advisories/GHSA-7h2j-956f-4vf2',
41 silly audit report       title: '@isaacs/brace-expansion has Uncontrolled Resource Consumption',
41 silly audit report       severity: 'high',
41 silly audit report       vulnerable_versions: '<=5.0.0',
41 silly audit report       cwe: [Array],
41 silly audit report       cvss: [Object]
41 silly audit report     }
41 silly audit report   ],
41 silly audit report   ajv: [
41 silly audit report     {
41 silly audit report       id: 1113214,
41 silly audit report       url: 'https://github.com/advisories/GHSA-2g4f-4pwh-qvx6',
41 silly audit report       title: 'ajv has ReDoS when using `$data` option',
41 silly audit report       severity: 'moderate',
41 silly audit report       vulnerable_versions: '<8.18.0',
41 silly audit report       cwe: [Array],
41 silly audit report       cvss: [Object]
41 silly audit report     }
41 silly audit report   ],
41 silly audit report   axios: [
41 silly audit report     {
41 silly audit report       id: 1113275,
41 silly audit report       url: 'https://github.com/advisories/GHSA-43fc-jf86-j433',
41 silly audit report       title: 'Axios is Vulnerable to Denial of Service via __proto__ Key in mergeConfig',
41 silly audit report       severity: 'high',
41 silly audit report       vulnerable_versions: '>=1.0.0 <=1.13.4',
41 silly audit report       cwe: [Array],
41 silly audit report       cvss: [Object]
41 silly audit report     }
41 silly audit report   ],
41 silly audit report   tar: [
41 silly audit report     {
41 silly audit report       id: 1112329,
41 silly audit report       url: 'https://github.com/advisories/GHSA-r6q2-hw4h-h46w',
41 silly audit report       title: 'Race Condition in node-tar Path Reservations via Unicode Ligature Collisions on macOS APFS',
41 silly audit report       severity: 'high',
41 silly audit report       vulnerable_versions: '<=7.5.3',
41 silly audit report       cwe: [Array],
41 silly audit report       cvss: [Object]
41 silly audit report     },
41 silly audit report     {
41 silly audit report       id: 1112659,
41 silly audit report       url: 'https://github.com/advisories/GHSA-34x7-hfp2-rc4v',
41 silly audit report       title: 'node-tar Vulnerable to Arbitrary File Creation/Overwrite via Hardlink Path Traversal',
41 silly audit report       severity: 'high',
41 silly audit report       vulnerable_versions: '<7.5.7',
41 silly audit report       cwe: [Array],
41 silly audit report       cvss: [Object]
41 silly audit report     },
41 silly audit report     {
41 silly audit report       id: 1113249,
41 silly audit report       url: 'https://github.com/advisories/GHSA-83g3-92jg-28cx',
41 silly audit report       title: 'Arbitrary File Read/Write via Hardlink Target Escape Through Symlink Chain in node-tar Extraction',
41 silly audit report       severity: 'high',
41 silly audit report       vulnerable_versions: '<7.5.8',
41 silly audit report       cwe: [Array],
41 silly audit report       cvss: [Object]
41 silly audit report     },
41 silly audit report     {
41 silly audit report       id: 1113300,
41 silly audit report       url: 'https://github.com/advisories/GHSA-8qq5-rm4j-mr97',
41 silly audit report       title: 'node-tar is Vulnerable to Arbitrary File Overwrite and Symlink Poisoning via Insufficient Path Sanitization',
41 silly audit report       severity: 'high',
41 silly audit report       vulnerable_versions: '<=7.5.2',
41 silly audit report       cwe: [Array],
41 silly audit report       cvss: [Object]
41 silly audit report     }
41 silly audit report   ],
41 silly audit report   undici: [
41 silly audit report     {
41 silly audit report       id: 1112496,
41 silly audit report       url: 'https://github.com/advisories/GHSA-g9mf-h72j-4rw9',
41 silly audit report       title: 'Undici has an unbounded decompression chain in HTTP responses on Node.js Fetch API via Content-Encoding leads to resource exhaustion',
41 silly audit report       severity: 'moderate',
41 silly audit report       vulnerable_versions: '<6.23.0',
41 silly audit report       cwe: [Array],
41 silly audit report       cvss: [Object]
41 silly audit report     }
41 silly audit report   ]
41 silly audit report }
42 silly packumentCache corgi:https://registry.npmjs.org/minimatch cache-miss
43 silly packumentCache corgi:https://registry.npmjs.org/@isaacs%2fbrace-expansion cache-miss
44 silly packumentCache corgi:https://registry.npmjs.org/ajv cache-miss
45 silly packumentCache corgi:https://registry.npmjs.org/axios cache-miss
46 silly packumentCache corgi:https://registry.npmjs.org/tar cache-miss
47 silly packumentCache corgi:https://registry.npmjs.org/undici cache-miss
48 http fetch GET 200 https://registry.npmjs.org/tar 270ms (cache revalidated)
49 silly packumentCache corgi:https://registry.npmjs.org/tar set size:195519 disposed:false
50 http fetch GET 200 https://registry.npmjs.org/minimatch 273ms (cache revalidated)
51 silly packumentCache corgi:https://registry.npmjs.org/minimatch set size:148427 disposed:false
52 http fetch GET 200 https://registry.npmjs.org/axios 274ms (cache revalidated)
53 silly packumentCache corgi:https://registry.npmjs.org/axios set size:271202 disposed:false
54 http fetch GET 200 https://registry.npmjs.org/undici 585ms (cache revalidated)
55 silly packumentCache corgi:https://registry.npmjs.org/undici set size:409147 disposed:false
56 http fetch GET 200 https://registry.npmjs.org/ajv 659ms (cache revalidated)
57 silly packumentCache corgi:https://registry.npmjs.org/ajv set size:463222 disposed:false
58 http fetch GET 200 https://registry.npmjs.org/@isaacs%2fbrace-expansion 734ms (cache revalidated)
59 silly packumentCache corgi:https://registry.npmjs.org/@isaacs%2fbrace-expansion set size:1702 disposed:false
60 silly packumentCache corgi:https://registry.npmjs.org/@expo%2ffingerprint cache-miss
61 silly packumentCache corgi:https://registry.npmjs.org/@expo%2fmetro-config cache-miss
62 silly packumentCache corgi:https://registry.npmjs.org/@typescript-eslint%2ftypescript-estree cache-miss
63 silly packumentCache corgi:https://registry.npmjs.org/@expo%2fcli cache-miss
64 silly packumentCache corgi:https://registry.npmjs.org/glob cache-miss
65 silly packumentCache corgi:https://registry.npmjs.org/@eslint%2fconfig-array cache-miss
66 silly packumentCache corgi:https://registry.npmjs.org/@eslint%2feslintrc cache-miss
67 silly packumentCache corgi:https://registry.npmjs.org/eslint cache-miss
68 silly packumentCache corgi:https://registry.npmjs.org/eslint-plugin-import cache-miss
69 silly packumentCache corgi:https://registry.npmjs.org/eslint-plugin-react cache-miss
70 silly packumentCache corgi:https://registry.npmjs.org/test-exclude cache-miss
71 http fetch GET 200 https://registry.npmjs.org/@expo%2fmetro-config 77ms (cache revalidated)
72 silly packumentCache corgi:https://registry.npmjs.org/@expo%2fmetro-config set size:497489 disposed:false
73 http fetch GET 200 https://registry.npmjs.org/@eslint%2fconfig-array 80ms (cache revalidated)
74 silly packumentCache corgi:https://registry.npmjs.org/@eslint%2fconfig-array set size:14383 disposed:false
75 http fetch GET 200 https://registry.npmjs.org/@expo%2ffingerprint 81ms (cache revalidated)
76 silly packumentCache corgi:https://registry.npmjs.org/@expo%2ffingerprint set size:174980 disposed:false
77 http fetch GET 200 https://registry.npmjs.org/glob 83ms (cache revalidated)
78 silly packumentCache corgi:https://registry.npmjs.org/glob set size:198330 disposed:false
79 http fetch GET 200 https://registry.npmjs.org/eslint 85ms (cache revalidated)
80 silly packumentCache corgi:https://registry.npmjs.org/eslint set size:1126678 disposed:false
81 http fetch GET 200 https://registry.npmjs.org/@typescript-eslint%2ftypescript-estree 152ms (cache revalidated)
82 silly packumentCache corgi:https://registry.npmjs.org/@typescript-eslint%2ftypescript-estree set size:8492625 disposed:false
83 http fetch GET 200 https://registry.npmjs.org/eslint-plugin-react 261ms (cache revalidated)
84 silly packumentCache corgi:https://registry.npmjs.org/eslint-plugin-react set size:309843 disposed:false
85 http fetch GET 200 https://registry.npmjs.org/test-exclude 263ms (cache revalidated)
86 silly packumentCache corgi:https://registry.npmjs.org/test-exclude set size:41165 disposed:false
87 http fetch GET 200 https://registry.npmjs.org/eslint-plugin-import 264ms (cache revalidated)
88 silly packumentCache corgi:https://registry.npmjs.org/eslint-plugin-import set size:238396 disposed:false
89 http fetch GET 200 https://registry.npmjs.org/@eslint%2feslintrc 265ms (cache revalidated)
90 silly packumentCache corgi:https://registry.npmjs.org/@eslint%2feslintrc set size:80753 disposed:false
91 http fetch GET 200 https://registry.npmjs.org/@expo%2fcli 690ms (cache revalidated)
92 silly packumentCache corgi:https://registry.npmjs.org/@expo%2fcli set size:1387852 disposed:false
93 silly packumentCache corgi:https://registry.npmjs.org/@sentry%2fcli cache-miss
94 http fetch GET 200 https://registry.npmjs.org/@sentry%2fcli 119ms (cache revalidated)
95 silly packumentCache corgi:https://registry.npmjs.org/@sentry%2fcli set size:418292 disposed:false
96 silly packumentCache corgi:https://registry.npmjs.org/expo cache-miss
97 http fetch GET 200 https://registry.npmjs.org/expo 326ms (cache revalidated)
98 silly packumentCache corgi:https://registry.npmjs.org/expo set size:1604211 disposed:false
99 silly packumentCache corgi:https://registry.npmjs.org/@react-native%2fcodegen cache-miss
100 silly packumentCache corgi:https://registry.npmjs.org/react-native cache-miss
101 silly packumentCache corgi:https://registry.npmjs.org/rimraf cache-miss
102 http fetch GET 200 https://registry.npmjs.org/iconsax-react-native/-/iconsax-react-native-0.0.8.tgz 2237ms (cache miss)
103 http fetch GET 200 https://registry.npmjs.org/rimraf 134ms (cache revalidated)
104 silly packumentCache corgi:https://registry.npmjs.org/rimraf set size:87794 disposed:false
105 http fetch GET 200 https://registry.npmjs.org/@react-native%2fcodegen 135ms (cache revalidated)
106 silly packumentCache corgi:https://registry.npmjs.org/@react-native%2fcodegen set size:1352192 disposed:false
107 http fetch GET 200 https://registry.npmjs.org/react-native 146ms (cache revalidated)
108 silly packumentCache corgi:https://registry.npmjs.org/react-native set size:6824535 disposed:false
109 silly packumentCache corgi:https://registry.npmjs.org/@eslint-community%2feslint-utils cache-miss
110 silly packumentCache corgi:https://registry.npmjs.org/@typescript-eslint%2feslint-plugin cache-miss
111 silly packumentCache corgi:https://registry.npmjs.org/@typescript-eslint%2fparser cache-miss
112 silly packumentCache corgi:https://registry.npmjs.org/@typescript-eslint%2ftype-utils cache-miss
113 silly packumentCache corgi:https://registry.npmjs.org/@typescript-eslint%2futils cache-miss
114 silly packumentCache corgi:https://registry.npmjs.org/eslint-config-expo cache-miss
115 silly packumentCache corgi:https://registry.npmjs.org/eslint-import-resolver-typescript cache-miss
116 silly packumentCache corgi:https://registry.npmjs.org/eslint-plugin-expo cache-miss
117 silly packumentCache corgi:https://registry.npmjs.org/eslint-plugin-react-hooks cache-miss
118 http fetch GET 200 https://registry.npmjs.org/eslint-config-expo 127ms (cache revalidated)
119 silly packumentCache corgi:https://registry.npmjs.org/eslint-config-expo set size:118299 disposed:false
120 http fetch GET 200 https://registry.npmjs.org/eslint-import-resolver-typescript 131ms (cache revalidated)
121 silly packumentCache corgi:https://registry.npmjs.org/eslint-import-resolver-typescript set size:138502 disposed:false
122 http fetch GET 200 https://registry.npmjs.org/@typescript-eslint%2futils 135ms (cache revalidated)
123 silly packumentCache corgi:https://registry.npmjs.org/@typescript-eslint%2futils set size:4516674 disposed:false
124 http fetch GET 200 https://registry.npmjs.org/@typescript-eslint%2ftype-utils 160ms (cache revalidated)
125 silly packumentCache corgi:https://registry.npmjs.org/@typescript-eslint%2ftype-utils set size:4505748 disposed:false
126 http fetch GET 200 https://registry.npmjs.org/eslint-plugin-react-hooks 186ms (cache revalidated)
127 silly packumentCache corgi:https://registry.npmjs.org/eslint-plugin-react-hooks set size:4042853 disposed:false
128 http fetch GET 200 https://registry.npmjs.org/eslint-plugin-expo 199ms (cache revalidated)
129 silly packumentCache corgi:https://registry.npmjs.org/eslint-plugin-expo set size:104109 disposed:false
130 http fetch GET 200 https://registry.npmjs.org/@typescript-eslint%2fparser 204ms (cache revalidated)
131 silly packumentCache corgi:https://registry.npmjs.org/@typescript-eslint%2fparser set size:7891430 disposed:false
132 http fetch GET 200 https://registry.npmjs.org/@typescript-eslint%2feslint-plugin 255ms (cache revalidated)
133 silly packumentCache corgi:https://registry.npmjs.org/@typescript-eslint%2feslint-plugin set size:9347879 disposed:false
134 http fetch GET 200 https://registry.npmjs.org/@eslint-community%2feslint-utils 367ms (cache revalidated)
135 silly packumentCache corgi:https://registry.npmjs.org/@eslint-community%2feslint-utils set size:44347 disposed:false
136 silly packumentCache corgi:https://registry.npmjs.org/babel-plugin-istanbul cache-miss
137 http fetch GET 200 https://registry.npmjs.org/babel-plugin-istanbul 178ms (cache revalidated)
138 silly packumentCache corgi:https://registry.npmjs.org/babel-plugin-istanbul set size:48319 disposed:false
139 silly packumentCache corgi:https://registry.npmjs.org/@expo%2fmetro-runtime cache-miss
140 silly packumentCache corgi:https://registry.npmjs.org/@expo%2fprebuild-config cache-miss
141 silly packumentCache corgi:https://registry.npmjs.org/@sentry%2freact-native cache-miss
142 silly packumentCache corgi:https://registry.npmjs.org/babel-preset-expo cache-miss
143 silly packumentCache corgi:https://registry.npmjs.org/expo-application cache-miss
144 silly packumentCache corgi:https://registry.npmjs.org/expo-asset cache-miss
145 silly packumentCache corgi:https://registry.npmjs.org/expo-camera cache-miss
146 silly packumentCache corgi:https://registry.npmjs.org/expo-constants cache-miss
147 silly packumentCache corgi:https://registry.npmjs.org/expo-device cache-miss
148 silly packumentCache corgi:https://registry.npmjs.org/expo-file-system cache-miss
149 silly packumentCache corgi:https://registry.npmjs.org/expo-font cache-miss
150 silly packumentCache corgi:https://registry.npmjs.org/expo-haptics cache-miss
151 silly packumentCache corgi:https://registry.npmjs.org/expo-image cache-miss
152 silly packumentCache corgi:https://registry.npmjs.org/expo-keep-awake cache-miss
153 silly packumentCache corgi:https://registry.npmjs.org/expo-linear-gradient cache-miss
154 silly packumentCache corgi:https://registry.npmjs.org/expo-location cache-miss
155 silly packumentCache corgi:https://registry.npmjs.org/expo-router cache-miss
156 silly packumentCache corgi:https://registry.npmjs.org/expo-secure-store cache-miss
157 silly packumentCache corgi:https://registry.npmjs.org/expo-sensors cache-miss
158 silly packumentCache corgi:https://registry.npmjs.org/expo-splash-screen cache-miss
159 silly packumentCache corgi:https://registry.npmjs.org/expo-symbols cache-miss
160 silly packumentCache corgi:https://registry.npmjs.org/expo-system-ui cache-miss
161 silly packumentCache corgi:https://registry.npmjs.org/expo-web-browser cache-miss
162 http fetch GET 200 https://registry.npmjs.org/expo-device 101ms (cache revalidated)
163 silly packumentCache corgi:https://registry.npmjs.org/expo-device set size:150697 disposed:false
164 http fetch GET 200 https://registry.npmjs.org/babel-preset-expo 129ms (cache revalidated)
165 silly packumentCache corgi:https://registry.npmjs.org/babel-preset-expo set size:391426 disposed:false
166 http fetch GET 200 https://registry.npmjs.org/expo-camera 135ms (cache revalidated)
167 silly packumentCache corgi:https://registry.npmjs.org/expo-camera set size:264253 disposed:false
168 http fetch GET 200 https://registry.npmjs.org/expo-location 149ms (cache revalidated)
169 silly packumentCache corgi:https://registry.npmjs.org/expo-location set size:199428 disposed:false
170 http fetch GET 200 https://registry.npmjs.org/expo-font 164ms (cache revalidated)
171 silly packumentCache corgi:https://registry.npmjs.org/expo-font set size:208084 disposed:false
172 http fetch GET 200 https://registry.npmjs.org/expo-linear-gradient 174ms (cache revalidated)
173 silly packumentCache corgi:https://registry.npmjs.org/expo-linear-gradient set size:190062 disposed:false
174 http fetch GET 200 https://registry.npmjs.org/@expo%2fmetro-runtime 178ms (cache revalidated)
175 silly packumentCache corgi:https://registry.npmjs.org/@expo%2fmetro-runtime set size:148914 disposed:false
176 http fetch GET 200 https://registry.npmjs.org/expo-asset 179ms (cache revalidated)
177 silly packumentCache corgi:https://registry.npmjs.org/expo-asset set size:255210 disposed:false
178 http fetch GET 200 https://registry.npmjs.org/expo-application 191ms (cache revalidated)
179 silly packumentCache corgi:https://registry.npmjs.org/expo-application set size:145504 disposed:false
180 http fetch GET 200 https://registry.npmjs.org/expo-constants 199ms (cache revalidated)
181 silly packumentCache corgi:https://registry.npmjs.org/expo-constants set size:244654 disposed:false
182 http fetch GET 200 https://registry.npmjs.org/expo-symbols 204ms (cache revalidated)
183 silly packumentCache corgi:https://registry.npmjs.org/expo-symbols set size:110553 disposed:false
184 http fetch GET 200 https://registry.npmjs.org/expo-sensors 208ms (cache revalidated)
185 silly packumentCache corgi:https://registry.npmjs.org/expo-sensors set size:198582 disposed:false
186 http fetch GET 200 https://registry.npmjs.org/expo-image 212ms (cache revalidated)
187 silly packumentCache corgi:https://registry.npmjs.org/expo-image set size:190360 disposed:false
188 http fetch GET 200 https://registry.npmjs.org/@sentry%2freact-native 217ms (cache revalidated)
189 silly packumentCache corgi:https://registry.npmjs.org/@sentry%2freact-native set size:621743 disposed:false
190 http fetch GET 200 https://registry.npmjs.org/expo-keep-awake 219ms (cache revalidated)
191 silly packumentCache corgi:https://registry.npmjs.org/expo-keep-awake set size:162212 disposed:false
192 http fetch GET 200 https://registry.npmjs.org/@expo%2fprebuild-config 223ms (cache revalidated)
193 silly packumentCache corgi:https://registry.npmjs.org/@expo%2fprebuild-config set size:323938 disposed:false
194 http fetch GET 200 https://registry.npmjs.org/expo-haptics 230ms (cache revalidated)
195 silly packumentCache corgi:https://registry.npmjs.org/expo-haptics set size:149121 disposed:false
196 http fetch GET 200 https://registry.npmjs.org/expo-system-ui 232ms (cache revalidated)
197 silly packumentCache corgi:https://registry.npmjs.org/expo-system-ui set size:162231 disposed:false
198 http fetch GET 200 https://registry.npmjs.org/expo-secure-store 236ms (cache revalidated)
199 silly packumentCache corgi:https://registry.npmjs.org/expo-secure-store set size:152359 disposed:false
200 http fetch GET 200 https://registry.npmjs.org/expo-web-browser 239ms (cache revalidated)
201 silly packumentCache corgi:https://registry.npmjs.org/expo-web-browser set size:175184 disposed:false
202 http fetch GET 200 https://registry.npmjs.org/expo-file-system 431ms (cache revalidated)
203 silly packumentCache corgi:https://registry.npmjs.org/expo-file-system set size:251596 disposed:false
204 http fetch GET 200 https://registry.npmjs.org/expo-splash-screen 436ms (cache revalidated)
205 silly packumentCache corgi:https://registry.npmjs.org/expo-splash-screen set size:233597 disposed:false
206 http fetch GET 200 https://registry.npmjs.org/expo-router 444ms (cache revalidated)
207 silly packumentCache corgi:https://registry.npmjs.org/expo-router set size:742824 disposed:false
208 silly packumentCache corgi:https://registry.npmjs.org/chromium-edge-launcher cache-miss
209 http fetch GET 200 https://registry.npmjs.org/chromium-edge-launcher 61ms (cache revalidated)
210 silly packumentCache corgi:https://registry.npmjs.org/chromium-edge-launcher set size:7395 disposed:false
211 silly packumentCache corgi:https://registry.npmjs.org/@react-native%2fbabel-plugin-codegen cache-miss
212 http fetch GET 200 https://registry.npmjs.org/@react-native%2fbabel-plugin-codegen 95ms (cache revalidated)
213 silly packumentCache corgi:https://registry.npmjs.org/@react-native%2fbabel-plugin-codegen set size:777034 disposed:false
214 silly packumentCache corgi:https://registry.npmjs.org/@expo%2fdevtools cache-miss
215 silly packumentCache corgi:https://registry.npmjs.org/@expo%2fvector-icons cache-miss
216 silly packumentCache corgi:https://registry.npmjs.org/@gorhom%2fbottom-sheet cache-miss
217 silly packumentCache corgi:https://registry.npmjs.org/@gorhom%2fportal cache-miss
218 silly packumentCache corgi:https://registry.npmjs.org/@react-native-async-storage%2fasync-storage cache-miss
219 silly packumentCache corgi:https://registry.npmjs.org/@react-navigation%2fbottom-tabs cache-miss
220 silly packumentCache corgi:https://registry.npmjs.org/@react-navigation%2felements cache-miss
221 silly packumentCache corgi:https://registry.npmjs.org/@react-navigation%2fnative cache-miss
222 silly packumentCache corgi:https://registry.npmjs.org/@react-navigation%2fnative-stack cache-miss
223 silly packumentCache corgi:https://registry.npmjs.org/expo-linking cache-miss
224 silly packumentCache corgi:https://registry.npmjs.org/expo-modules-core cache-miss
225 silly packumentCache corgi:https://registry.npmjs.org/expo-status-bar cache-miss
226 silly packumentCache corgi:https://registry.npmjs.org/lottie-react-native cache-miss
227 silly packumentCache corgi:https://registry.npmjs.org/react-native-gesture-handler cache-miss
228 silly packumentCache corgi:https://registry.npmjs.org/react-native-is-edge-to-edge cache-miss
229 silly packumentCache corgi:https://registry.npmjs.org/react-native-maps cache-miss
230 silly packumentCache corgi:https://registry.npmjs.org/react-native-reanimated cache-miss
231 silly packumentCache corgi:https://registry.npmjs.org/react-native-safe-area-context cache-miss
232 silly packumentCache corgi:https://registry.npmjs.org/react-native-screens cache-miss
233 silly packumentCache corgi:https://registry.npmjs.org/react-native-svg cache-miss
234 silly packumentCache corgi:https://registry.npmjs.org/react-native-worklets cache-miss
235 silly packumentCache corgi:https://registry.npmjs.org/@react-native%2fvirtualized-lists cache-miss
236 silly packumentCache corgi:https://registry.npmjs.org/iconsax-react-native cache-miss
237 http fetch GET 200 https://registry.npmjs.org/expo-linking 85ms (cache revalidated)
238 silly packumentCache corgi:https://registry.npmjs.org/expo-linking set size:171569 disposed:false
239 http fetch GET 200 https://registry.npmjs.org/@react-native-async-storage%2fasync-storage 85ms (cache revalidated)
240 silly packumentCache corgi:https://registry.npmjs.org/@react-native-async-storage%2fasync-storage set size:146316 disposed:false
241 http fetch GET 200 https://registry.npmjs.org/@react-navigation%2fnative-stack 86ms (cache revalidated)
242 silly packumentCache corgi:https://registry.npmjs.org/@react-navigation%2fnative-stack set size:345458 disposed:false
243 http fetch GET 200 https://registry.npmjs.org/react-native-svg 86ms (cache revalidated)
244 silly packumentCache corgi:https://registry.npmjs.org/react-native-svg set size:377680 disposed:false
245 http fetch GET 200 https://registry.npmjs.org/expo-status-bar 87ms (cache revalidated)
246 silly packumentCache corgi:https://registry.npmjs.org/expo-status-bar set size:160294 disposed:false
247 http fetch GET 200 https://registry.npmjs.org/@expo%2fdevtools 88ms (cache revalidated)
248 silly packumentCache corgi:https://registry.npmjs.org/@expo%2fdevtools set size:39656 disposed:false
249 http fetch GET 200 https://registry.npmjs.org/lottie-react-native 88ms (cache revalidated)
250 silly packumentCache corgi:https://registry.npmjs.org/lottie-react-native set size:169349 disposed:false
251 http fetch GET 200 https://registry.npmjs.org/expo-modules-core 91ms (cache revalidated)
252 silly packumentCache corgi:https://registry.npmjs.org/expo-modules-core set size:292768 disposed:false
253 http fetch GET 200 https://registry.npmjs.org/react-native-gesture-handler 91ms (cache revalidated)
254 silly packumentCache corgi:https://registry.npmjs.org/react-native-gesture-handler set size:322152 disposed:false
255 http fetch GET 200 https://registry.npmjs.org/@react-navigation%2felements 93ms (cache revalidated)
256 silly packumentCache corgi:https://registry.npmjs.org/@react-navigation%2felements set size:250965 disposed:false
257 http fetch GET 200 https://registry.npmjs.org/@react-navigation%2fbottom-tabs 94ms (cache revalidated)
258 silly packumentCache corgi:https://registry.npmjs.org/@react-navigation%2fbottom-tabs set size:537074 disposed:false
259 http fetch GET 200 https://registry.npmjs.org/@react-navigation%2fnative 105ms (cache revalidated)
260 silly packumentCache corgi:https://registry.npmjs.org/@react-navigation%2fnative set size:513130 disposed:false
261 http fetch GET 200 https://registry.npmjs.org/react-native-screens 174ms (cache revalidated)
262 silly packumentCache corgi:https://registry.npmjs.org/react-native-screens set size:1165371 disposed:false
263 http fetch GET 200 https://registry.npmjs.org/react-native-is-edge-to-edge 176ms (cache revalidated)
264 silly packumentCache corgi:https://registry.npmjs.org/react-native-is-edge-to-edge set size:11033 disposed:false
265 http fetch GET 200 https://registry.npmjs.org/react-native-worklets 177ms (cache revalidated)
266 silly packumentCache corgi:https://registry.npmjs.org/react-native-worklets set size:665583 disposed:false
267 http fetch GET 200 https://registry.npmjs.org/react-native-safe-area-context 178ms (cache revalidated)
268 silly packumentCache corgi:https://registry.npmjs.org/react-native-safe-area-context set size:302074 disposed:false
269 http fetch GET 200 https://registry.npmjs.org/react-native-reanimated 181ms (cache revalidated)
270 silly packumentCache corgi:https://registry.npmjs.org/react-native-reanimated set size:4066871 disposed:false
271 http fetch GET 200 https://registry.npmjs.org/@gorhom%2fportal 191ms (cache revalidated)
272 silly packumentCache corgi:https://registry.npmjs.org/@gorhom%2fportal set size:40579 disposed:false
273 http fetch GET 200 https://registry.npmjs.org/@expo%2fvector-icons 191ms (cache revalidated)
274 silly packumentCache corgi:https://registry.npmjs.org/@expo%2fvector-icons set size:72958 disposed:false
275 http fetch GET 200 https://registry.npmjs.org/@react-native%2fvirtualized-lists 191ms (cache revalidated)
276 silly packumentCache corgi:https://registry.npmjs.org/@react-native%2fvirtualized-lists set size:867679 disposed:false
277 http fetch GET 200 https://registry.npmjs.org/@gorhom%2fbottom-sheet 195ms (cache revalidated)
278 silly packumentCache corgi:https://registry.npmjs.org/@gorhom%2fbottom-sheet set size:375145 disposed:false
279 http fetch GET 200 https://registry.npmjs.org/iconsax-react-native 398ms (cache miss)
280 silly packumentCache corgi:https://registry.npmjs.org/iconsax-react-native set size:undefined disposed:false
281 http fetch GET 200 https://registry.npmjs.org/react-native-maps 784ms (cache revalidated)
282 silly packumentCache corgi:https://registry.npmjs.org/react-native-maps set size:659641 disposed:false
283 silly packumentCache corgi:https://registry.npmjs.org/@jest%2ftransform cache-miss
284 silly packumentCache corgi:https://registry.npmjs.org/babel-jest cache-miss
285 http fetch GET 200 https://registry.npmjs.org/babel-jest 74ms (cache revalidated)
286 silly packumentCache corgi:https://registry.npmjs.org/babel-jest set size:366602 disposed:false
287 http fetch GET 200 https://registry.npmjs.org/@jest%2ftransform 76ms (cache revalidated)
288 silly packumentCache corgi:https://registry.npmjs.org/@jest%2ftransform set size:288734 disposed:false
289 silly packumentCache corgi:https://registry.npmjs.org/@react-native%2fdev-middleware cache-miss
290 http fetch GET 200 https://registry.npmjs.org/@react-native%2fdev-middleware 65ms (cache revalidated)
291 silly packumentCache corgi:https://registry.npmjs.org/@react-native%2fdev-middleware set size:1026791 disposed:false
292 silly packumentCache corgi:https://registry.npmjs.org/@react-native%2fbabel-preset cache-miss
293 http fetch GET 200 https://registry.npmjs.org/@react-native%2fbabel-preset 92ms (cache revalidated)
294 silly packumentCache corgi:https://registry.npmjs.org/@react-native%2fbabel-preset set size:2804720 disposed:false
295 silly packumentCache corgi:https://registry.npmjs.org/@react-native%2fcommunity-cli-plugin cache-miss
296 http fetch GET 200 https://registry.npmjs.org/@react-native%2fcommunity-cli-plugin 124ms (cache revalidated)
297 silly packumentCache corgi:https://registry.npmjs.org/@react-native%2fcommunity-cli-plugin set size:1086531 disposed:false
298 silly ADD node_modules/iconsax-react-native
299 verbose cwd /Users/abdulbakibilici/Projects/efish
300 verbose os Darwin 25.3.0
301 verbose node v25.2.1
302 verbose npm  v11.6.2
303 verbose exit 0
304 info ok
