0 verbose cli /usr/local/bin/node /usr/local/bin/npm
1 info using npm@11.6.2
2 info using node@v25.2.1
3 silly config load:file:/usr/local/lib/node_modules/npm/npmrc
4 silly config load:file:/Users/abdulbakibilici/Projects/efish/.npmrc
5 silly config load:file:/Users/abdulbakibilici/.npmrc
6 silly config load:file:/usr/local/etc/npmrc
7 verbose title npm install react-native-map-clustering
8 verbose argv "install" "--save" "react-native-map-clustering"
9 verbose logfile logs-max:10 dir:/Users/abdulbakibilici/Projects/efish/.npm-cache/_logs/2026-04-06T12_44_09_015Z-
10 verbose logfile /Users/abdulbakibilici/Projects/efish/.npm-cache/_logs/2026-04-06T12_44_09_015Z-debug-0.log
11 silly logfile start cleaning logs, removing 1 files
12 silly packumentCache heap:4496293888 maxSize:1124073472 maxEntrySize:562036736
13 silly logfile done cleaning log files
14 silly idealTree buildDeps
15 silly fetch manifest react-native-map-clustering@*
16 silly packumentCache full:https://registry.npmjs.org/react-native-map-clustering cache-miss
17 verbose shrinkwrap failed to load node_modules/.package-lock.json out of date, updated: node_modules/@react-native/gradle-plugin
18 http fetch GET 200 https://registry.npmjs.org/react-native-map-clustering 1272ms (cache miss)
19 silly packumentCache full:https://registry.npmjs.org/react-native-map-clustering set size:undefined disposed:false
20 silly fetch manifest react-native@0.81.5
21 silly packumentCache full:https://registry.npmjs.org/react-native cache-miss
22 http fetch GET 200 https://registry.npmjs.org/react-native 1579ms (cache miss)
23 silly packumentCache full:https://registry.npmjs.org/react-native set size:undefined disposed:false
24 silly fetch manifest @types/react@~19.1.0
25 silly packumentCache full:https://registry.npmjs.org/@types%2freact cache-miss
26 http fetch GET 200 https://registry.npmjs.org/@types%2freact 591ms (cache miss)
27 silly packumentCache full:https://registry.npmjs.org/@types%2freact set size:undefined disposed:false
28 silly fetch manifest react@19.1.0
29 silly packumentCache full:https://registry.npmjs.org/react cache-miss
30 http fetch GET 200 https://registry.npmjs.org/react 1945ms (cache miss)
31 silly packumentCache full:https://registry.npmjs.org/react set size:undefined disposed:false
32 silly fetch manifest react-native-maps@^1.18.0
33 silly packumentCache full:https://registry.npmjs.org/react-native-maps cache-miss
34 http fetch GET 200 https://registry.npmjs.org/react-native-maps 402ms (cache miss)
35 silly packumentCache full:https://registry.npmjs.org/react-native-maps set size:undefined disposed:false
36 silly fetch manifest react-native-web@~0.21.0
37 silly packumentCache full:https://registry.npmjs.org/react-native-web cache-miss
38 http fetch GET 200 https://registry.npmjs.org/react-native-web 225ms (cache miss)
39 silly packumentCache full:https://registry.npmjs.org/react-native-web set size:undefined disposed:false
40 silly fetch manifest react-dom@19.1.0
41 silly packumentCache full:https://registry.npmjs.org/react-dom cache-miss
42 http fetch GET 200 https://registry.npmjs.org/react-dom 1683ms (cache miss)
43 silly packumentCache full:https://registry.npmjs.org/react-dom set size:undefined disposed:false
44 silly placeDep ROOT react-native-map-clustering@4.0.0 OK for: efish@1.0.0 want: *
45 silly fetch manifest @mapbox/geo-viewport@^0.4.1
46 silly packumentCache full:https://registry.npmjs.org/@mapbox%2fgeo-viewport cache-miss
47 silly fetch manifest supercluster@^8.0.0
48 silly packumentCache full:https://registry.npmjs.org/supercluster cache-miss
49 http fetch GET 200 https://registry.npmjs.org/supercluster 219ms (cache miss)
50 silly packumentCache full:https://registry.npmjs.org/supercluster set size:undefined disposed:false
51 http fetch GET 200 https://registry.npmjs.org/@mapbox%2fgeo-viewport 886ms (cache miss)
52 silly packumentCache full:https://registry.npmjs.org/@mapbox%2fgeo-viewport set size:undefined disposed:false
53 silly placeDep ROOT @mapbox/geo-viewport@0.4.1 OK for: react-native-map-clustering@4.0.0 want: ^0.4.1
54 silly placeDep ROOT supercluster@8.0.1 OK for: react-native-map-clustering@4.0.0 want: ^8.0.0
55 silly fetch manifest @mapbox/sphericalmercator@~1.1.0
56 silly packumentCache full:https://registry.npmjs.org/@mapbox%2fsphericalmercator cache-miss
57 silly fetch manifest kdbush@^4.0.2
58 silly packumentCache full:https://registry.npmjs.org/kdbush cache-miss
59 http fetch GET 200 https://registry.npmjs.org/kdbush 121ms (cache miss)
60 silly packumentCache full:https://registry.npmjs.org/kdbush set size:undefined disposed:false
61 http fetch GET 200 https://registry.npmjs.org/@mapbox%2fsphericalmercator 651ms (cache miss)
62 silly packumentCache full:https://registry.npmjs.org/@mapbox%2fsphericalmercator set size:undefined disposed:false
63 silly placeDep ROOT @mapbox/sphericalmercator@1.1.0 OK for: @mapbox/geo-viewport@0.4.1 want: ~1.1.0
64 silly placeDep ROOT kdbush@4.0.2 OK for: supercluster@8.0.1 want: ^4.0.2
65 silly reify moves {}
66 silly audit bulk request {
66 silly audit   '@0no-co/graphql.web': [ '1.2.0' ],
66 silly audit   '@babel/code-frame': [ '7.27.1', '7.10.4' ],
66 silly audit   '@babel/compat-data': [ '7.28.5' ],
66 silly audit   '@babel/core': [ '7.28.5' ],
66 silly audit   '@babel/generator': [ '7.28.5' ],
66 silly audit   '@babel/helper-annotate-as-pure': [ '7.27.3' ],
66 silly audit   '@babel/helper-compilation-targets': [ '7.27.2' ],
66 silly audit   '@babel/helper-create-class-features-plugin': [ '7.28.5' ],
66 silly audit   '@babel/helper-create-regexp-features-plugin': [ '7.28.5' ],
66 silly audit   '@babel/helper-define-polyfill-provider': [ '0.6.5' ],
66 silly audit   '@babel/helper-globals': [ '7.28.0' ],
66 silly audit   '@babel/helper-member-expression-to-functions': [ '7.28.5' ],
66 silly audit   '@babel/helper-module-imports': [ '7.27.1' ],
66 silly audit   '@babel/helper-module-transforms': [ '7.28.3' ],
66 silly audit   '@babel/helper-optimise-call-expression': [ '7.27.1' ],
66 silly audit   '@babel/helper-plugin-utils': [ '7.27.1' ],
66 silly audit   '@babel/helper-remap-async-to-generator': [ '7.27.1' ],
66 silly audit   '@babel/helper-replace-supers': [ '7.27.1' ],
66 silly audit   '@babel/helper-skip-transparent-expression-wrappers': [ '7.27.1' ],
66 silly audit   '@babel/helper-string-parser': [ '7.27.1' ],
66 silly audit   '@babel/helper-validator-identifier': [ '7.28.5' ],
66 silly audit   '@babel/helper-validator-option': [ '7.27.1' ],
66 silly audit   '@babel/helper-wrap-function': [ '7.28.3' ],
66 silly audit   '@babel/helpers': [ '7.28.4' ],
66 silly audit   '@babel/highlight': [ '7.25.9' ],
66 silly audit   'ansi-styles': [ '3.2.1', '4.3.0', '5.2.0' ],
66 silly audit   chalk: [ '2.4.2', '4.1.2' ],
66 silly audit   'color-convert': [ '1.9.3', '2.0.1' ],
66 silly audit   'color-name': [ '1.1.3', '1.1.4' ],
66 silly audit   'escape-string-regexp': [ '1.0.5', '4.0.0', '2.0.0' ],
66 silly audit   'has-flag': [ '3.0.0', '4.0.0' ],
66 silly audit   'supports-color': [ '5.5.0', '8.1.1', '7.2.0' ],
66 silly audit   '@babel/parser': [ '7.28.5' ],
66 silly audit   '@babel/plugin-proposal-decorators': [ '7.28.0' ],
66 silly audit   '@babel/plugin-proposal-export-default-from': [ '7.27.1' ],
66 silly audit   '@babel/plugin-syntax-async-generators': [ '7.8.4' ],
66 silly audit   '@babel/plugin-syntax-bigint': [ '7.8.3' ],
66 silly audit   '@babel/plugin-syntax-class-properties': [ '7.12.13' ],
66 silly audit   '@babel/plugin-syntax-class-static-block': [ '7.14.5' ],
66 silly audit   '@babel/plugin-syntax-decorators': [ '7.27.1' ],
66 silly audit   '@babel/plugin-syntax-dynamic-import': [ '7.8.3' ],
66 silly audit   '@babel/plugin-syntax-export-default-from': [ '7.27.1' ],
66 silly audit   '@babel/plugin-syntax-flow': [ '7.27.1' ],
66 silly audit   '@babel/plugin-syntax-import-attributes': [ '7.27.1' ],
66 silly audit   '@babel/plugin-syntax-import-meta': [ '7.10.4' ],
66 silly audit   '@babel/plugin-syntax-json-strings': [ '7.8.3' ],
66 silly audit   '@babel/plugin-syntax-jsx': [ '7.27.1' ],
66 silly audit   '@babel/plugin-syntax-logical-assignment-operators': [ '7.10.4' ],
66 silly audit   '@babel/plugin-syntax-nullish-coalescing-operator': [ '7.8.3' ],
66 silly audit   '@babel/plugin-syntax-numeric-separator': [ '7.10.4' ],
66 silly audit   '@babel/plugin-syntax-object-rest-spread': [ '7.8.3' ],
66 silly audit   '@babel/plugin-syntax-optional-catch-binding': [ '7.8.3' ],
66 silly audit   '@babel/plugin-syntax-optional-chaining': [ '7.8.3' ],
66 silly audit   '@babel/plugin-syntax-private-property-in-object': [ '7.14.5' ],
66 silly audit   '@babel/plugin-syntax-top-level-await': [ '7.14.5' ],
66 silly audit   '@babel/plugin-syntax-typescript': [ '7.27.1' ],
66 silly audit   '@babel/plugin-transform-arrow-functions': [ '7.27.1' ],
66 silly audit   '@babel/plugin-transform-async-generator-functions': [ '7.28.0' ],
66 silly audit   '@babel/plugin-transform-async-to-generator': [ '7.27.1' ],
66 silly audit   '@babel/plugin-transform-block-scoping': [ '7.28.5' ],
66 silly audit   '@babel/plugin-transform-class-properties': [ '7.27.1' ],
66 silly audit   '@babel/plugin-transform-class-static-block': [ '7.28.3' ],
66 silly audit   '@babel/plugin-transform-classes': [ '7.28.4' ],
66 silly audit   '@babel/plugin-transform-computed-properties': [ '7.27.1' ],
66 silly audit   '@babel/plugin-transform-destructuring': [ '7.28.5' ],
66 silly audit   '@babel/plugin-transform-export-namespace-from': [ '7.27.1' ],
66 silly audit   '@babel/plugin-transform-flow-strip-types': [ '7.27.1' ],
66 silly audit   '@babel/plugin-transform-for-of': [ '7.27.1' ],
66 silly audit   '@babel/plugin-transform-function-name': [ '7.27.1' ],
66 silly audit   '@babel/plugin-transform-literals': [ '7.27.1' ],
66 silly audit   '@babel/plugin-transform-logical-assignment-operators': [ '7.28.5' ],
66 silly audit   '@babel/plugin-transform-modules-commonjs': [ '7.27.1' ],
66 silly audit   '@babel/plugin-transform-named-capturing-groups-regex': [ '7.27.1' ],
66 silly audit   '@babel/plugin-transform-nullish-coalescing-operator': [ '7.27.1' ],
66 silly audit   '@babel/plugin-transform-numeric-separator': [ '7.27.1' ],
66 silly audit   '@babel/plugin-transform-object-rest-spread': [ '7.28.4' ],
66 silly audit   '@babel/plugin-transform-optional-catch-binding': [ '7.27.1' ],
66 silly audit   '@babel/plugin-transform-optional-chaining': [ '7.28.5' ],
66 silly audit   '@babel/plugin-transform-parameters': [ '7.27.7' ],
66 silly audit   '@babel/plugin-transform-private-methods': [ '7.27.1' ],
66 silly audit   '@babel/plugin-transform-private-property-in-object': [ '7.27.1' ],
66 silly audit   '@babel/plugin-transform-react-display-name': [ '7.28.0' ],
66 silly audit   '@babel/plugin-transform-react-jsx': [ '7.27.1' ],
66 silly audit   '@babel/plugin-transform-react-jsx-development': [ '7.27.1' ],
66 silly audit   '@babel/plugin-transform-react-jsx-self': [ '7.27.1' ],
66 silly audit   '@babel/plugin-transform-react-jsx-source': [ '7.27.1' ],
66 silly audit   '@babel/plugin-transform-react-pure-annotations': [ '7.27.1' ],
66 silly audit   '@babel/plugin-transform-regenerator': [ '7.28.4' ],
66 silly audit   '@babel/plugin-transform-runtime': [ '7.28.5' ],
66 silly audit   '@babel/plugin-transform-shorthand-properties': [ '7.27.1' ],
66 silly audit   '@babel/plugin-transform-spread': [ '7.27.1' ],
66 silly audit   '@babel/plugin-transform-sticky-regex': [ '7.27.1' ],
66 silly audit   '@babel/plugin-transform-template-literals': [ '7.27.1' ],
66 silly audit   '@babel/plugin-transform-typescript': [ '7.28.5' ],
66 silly audit   '@babel/plugin-transform-unicode-regex': [ '7.27.1' ],
66 silly audit   '@babel/preset-react': [ '7.28.5' ],
66 silly audit   '@babel/preset-typescript': [ '7.28.5' ],
66 silly audit   '@babel/runtime': [ '7.28.4' ],
66 silly audit   '@babel/template': [ '7.27.2' ],
66 silly audit   '@babel/traverse': [ '7.28.5' ],
66 silly audit   '@babel/types': [ '7.28.5' ],
66 silly audit   '@egjs/hammerjs': [ '2.0.17' ],
66 silly audit   '@emnapi/core': [ '1.7.1' ],
66 silly audit   '@emnapi/runtime': [ '1.7.1' ],
66 silly audit   '@emnapi/wasi-threads': [ '1.1.0' ],
66 silly audit   '@eslint-community/eslint-utils': [ '4.9.0' ],
66 silly audit   'eslint-visitor-keys': [ '3.4.3', '4.2.1' ],
66 silly audit   '@eslint-community/regexpp': [ '4.12.2' ],
66 silly audit   '@eslint/config-array': [ '0.21.1' ],
66 silly audit   '@eslint/config-helpers': [ '0.4.2' ],
66 silly audit   '@eslint/core': [ '0.17.0' ],
66 silly audit   '@eslint/eslintrc': [ '3.3.3' ],
66 silly audit   '@eslint/js': [ '9.39.1' ],
66 silly audit   '@eslint/object-schema': [ '2.1.7' ],
66 silly audit   '@eslint/plugin-kit': [ '0.4.1' ],
66 silly audit   '@expo/code-signing-certificates': [ '0.0.5' ],
66 silly audit   '@expo/config': [ '12.0.12' ],
66 silly audit   '@expo/config-plugins': [ '54.0.4', '2.0.4' ],
66 silly audit   semver: [ '7.7.3', '7.7.4', '7.6.3', '7.7.2', '6.3.1' ],
66 silly audit   '@expo/config-types': [ '54.0.10', '41.0.0' ],
66 silly audit   '@expo/devcert': [ '1.2.1' ],
66 silly audit   debug: [ '3.2.7', '2.6.9', '4.4.3' ],
66 silly audit   '@expo/devtools': [ '0.1.8' ],
66 silly audit   '@expo/env': [ '2.0.8' ],
66 silly audit   '@expo/fingerprint': [ '0.15.4' ],
66 silly audit   'brace-expansion': [ '2.0.2', '1.1.12' ],
66 silly audit   minimatch: [ '9.0.5', '10.1.1', '3.1.2' ],
66 silly audit   '@expo/image-utils': [ '0.8.8' ],
66 silly audit   '@expo/json-file': [ '10.0.8', '8.2.30' ],
66 silly audit   '@expo/metro': [ '54.1.0' ],
66 silly audit   '@expo/metro-config': [ '54.0.11' ],
66 silly audit   '@expo/metro-runtime': [ '6.1.2' ],
66 silly audit   '@expo/osascript': [ '2.3.8' ],
66 silly audit   '@expo/package-manager': [ '1.9.9' ],
66 silly audit   '@expo/plist': [ '0.4.8', '0.0.13' ],
66 silly audit   '@expo/prebuild-config': [ '54.0.7' ],
66 silly audit   '@expo/schema-utils': [ '0.1.8' ],
66 silly audit   '@expo/sdk-runtime-versions': [ '1.0.0' ],
66 silly audit   '@expo/spawn-async': [ '1.7.2' ],
66 silly audit   '@expo/sudo-prompt': [ '9.3.2' ],
66 silly audit   '@expo/vector-icons': [ '15.0.3' ],
66 silly audit   '@expo/ws-tunnel': [ '1.0.6' ],
66 silly audit   '@expo/xcpretty': [ '4.3.2' ],
66 silly audit   '@gorhom/bottom-sheet': [ '5.2.8' ],
66 silly audit   '@gorhom/portal': [ '1.0.14' ],
66 silly audit   '@humanfs/core': [ '0.19.1' ],
66 silly audit   '@humanfs/node': [ '0.16.7' ],
66 silly audit   '@humanwhocodes/module-importer': [ '1.0.1' ],
66 silly audit   '@humanwhocodes/retry': [ '0.4.3' ],
66 silly audit   '@isaacs/balanced-match': [ '4.0.1' ],
66 silly audit   '@isaacs/brace-expansion': [ '5.0.0' ],
66 silly audit   '@isaacs/fs-minipass': [ '4.0.1' ],
66 silly audit   '@isaacs/ttlcache': [ '1.4.1' ],
66 silly audit   '@istanbuljs/load-nyc-config': [ '1.1.0' ],
66 silly audit   argparse: [ '1.0.10', '2.0.1' ],
66 silly audit   camelcase: [ '5.3.1', '6.3.0' ],
66 silly audit   'find-up': [ '4.1.0', '5.0.0' ],
66 silly audit   'js-yaml': [ '3.14.2', '4.1.1' ],
66 silly audit   'locate-path': [ '5.0.0', '6.0.0' ],
66 silly audit   'p-limit': [ '2.3.0', '3.1.0' ],
66 silly audit   'p-locate': [ '4.1.0', '5.0.0' ],
66 silly audit   '@istanbuljs/schema': [ '0.1.3' ],
66 silly audit   '@jest/create-cache-key-function': [ '29.7.0' ],
66 silly audit   '@jest/environment': [ '29.7.0' ],
66 silly audit   '@jest/fake-timers': [ '29.7.0' ],
66 silly audit   '@jest/schemas': [ '29.6.3' ],
66 silly audit   '@jest/transform': [ '29.7.0' ],
66 silly audit   '@jest/types': [ '29.6.3' ],
66 silly audit   '@jridgewell/gen-mapping': [ '0.3.13' ],
66 silly audit   '@jridgewell/remapping': [ '2.3.5' ],
66 silly audit   '@jridgewell/resolve-uri': [ '3.1.2' ],
66 silly audit   '@jridgewell/source-map': [ '0.3.11' ],
66 silly audit   '@jridgewell/sourcemap-codec': [ '1.5.5' ],
66 silly audit   '@jridgewell/trace-mapping': [ '0.3.31' ],
66 silly audit   '@napi-rs/wasm-runtime': [ '0.2.12' ],
66 silly audit   '@nolyfill/is-core-module': [ '1.0.39' ],
66 silly audit   '@radix-ui/primitive': [ '1.1.3' ],
66 silly audit   '@radix-ui/react-compose-refs': [ '1.1.2' ],
66 silly audit   '@radix-ui/react-context': [ '1.1.2' ],
66 silly audit   '@radix-ui/react-direction': [ '1.1.1' ],
66 silly audit   '@radix-ui/react-focus-guards': [ '1.1.3' ],
66 silly audit   '@radix-ui/react-id': [ '1.1.1' ],
66 silly audit   '@radix-ui/react-slot': [ '1.2.0', '1.2.3' ],
66 silly audit   '@radix-ui/react-use-callback-ref': [ '1.1.1' ],
66 silly audit   '@radix-ui/react-use-controllable-state': [ '1.2.2' ],
66 silly audit   '@radix-ui/react-use-effect-event': [ '0.0.2' ],
66 silly audit   '@radix-ui/react-use-escape-keydown': [ '1.1.1' ],
66 silly audit   '@radix-ui/react-use-layout-effect': [ '1.1.1' ],
66 silly audit   '@react-native-async-storage/async-storage': [ '2.2.0' ],
66 silly audit   '@react-native-voice/voice': [ '3.2.4' ],
66 silly audit   getenv: [ '1.0.0', '2.0.0' ],
66 silly audit   glob: [ '7.1.6', '7.2.3', '13.0.0' ],
66 silly audit   json5: [ '1.0.2', '2.2.3' ],
66 silly audit   'write-file-atomic': [ '2.4.3', '4.0.2' ],
66 silly audit   xml2js: [ '0.4.23', '0.6.0' ],
66 silly audit   xmlbuilder: [ '11.0.1', '14.0.0', '15.1.1' ],
66 silly audit   '@react-native/assets-registry': [ '0.81.5' ],
66 silly audit   '@react-native/babel-plugin-codegen': [ '0.81.5' ],
66 silly audit   '@react-native/babel-preset': [ '0.81.5' ],
66 silly audit   '@react-native/codegen': [ '0.81.5' ],
66 silly audit   '@react-native/community-cli-plugin': [ '0.81.5' ],
66 silly audit   '@react-native/debugger-frontend': [ '0.81.5' ],
66 silly audit   '@react-native/dev-middleware': [ '0.81.5' ],
66 silly audit   ws: [ '6.2.3', '8.18.3', '7.5.10' ],
66 silly audit   '@react-native/gradle-plugin': [ '0.81.5' ],
66 silly audit   '@react-native/js-polyfills': [ '0.81.5' ],
66 silly audit   '@react-native/normalize-colors': [ '0.81.5', '0.74.89' ],
66 silly audit   '@react-navigation/bottom-tabs': [ '7.8.12' ],
66 silly audit   '@react-navigation/core': [ '7.13.6' ],
66 silly audit   '@react-navigation/elements': [ '2.9.2' ],
66 silly audit   '@react-navigation/native': [ '7.1.25' ],
66 silly audit   '@react-navigation/native-stack': [ '7.8.6' ],
66 silly audit   '@react-navigation/routers': [ '7.5.2' ],
66 silly audit   '@rtsao/scc': [ '1.1.0' ],
66 silly audit   '@sentry-internal/browser-utils': [ '10.38.0' ],
66 silly audit   '@sentry-internal/feedback': [ '10.38.0' ],
66 silly audit   '@sentry-internal/replay': [ '10.38.0' ],
66 silly audit   '@sentry-internal/replay-canvas': [ '10.38.0' ],
66 silly audit   '@sentry/babel-plugin-component-annotate': [ '4.9.1' ],
66 silly audit   '@sentry/browser': [ '10.38.0' ],
66 silly audit   '@sentry/cli': [ '3.2.0' ],
66 silly audit   '@sentry/cli-darwin': [ '3.2.0' ],
66 silly audit   '@sentry/cli-linux-arm': [ '3.2.0' ],
66 silly audit   '@sentry/cli-linux-arm64': [ '3.2.0' ],
66 silly audit   '@sentry/cli-linux-i686': [ '3.2.0' ],
66 silly audit   '@sentry/cli-linux-x64': [ '3.2.0' ],
66 silly audit   '@sentry/cli-win32-arm64': [ '3.2.0' ],
66 silly audit   '@sentry/cli-win32-i686': [ '3.2.0' ],
66 silly audit   '@sentry/cli-win32-x64': [ '3.2.0' ],
66 silly audit   '@sentry/core': [ '10.38.0' ],
66 silly audit   '@sentry/react': [ '10.38.0' ],
66 silly audit   '@sentry/react-native': [ '8.0.0' ],
66 silly audit   '@sentry/types': [ '10.38.0' ],
66 silly audit   '@sinclair/typebox': [ '0.27.8' ],
66 silly audit   '@sinonjs/commons': [ '3.0.1' ],
66 silly audit   '@sinonjs/fake-timers': [ '10.3.0' ],
66 silly audit   '@tybys/wasm-util': [ '0.10.1' ],
66 silly audit   '@types/babel__core': [ '7.20.5' ],
66 silly audit   '@types/babel__generator': [ '7.27.0' ],
66 silly audit   '@types/babel__template': [ '7.4.4' ],
66 silly audit   '@types/babel__traverse': [ '7.28.0' ],
66 silly audit   '@types/estree': [ '1.0.8' ],
66 silly audit   '@types/geojson': [ '7946.0.16' ],
66 silly audit   '@types/graceful-fs': [ '4.1.9' ],
66 silly audit   '@types/hammerjs': [ '2.0.46' ],
66 silly audit   '@types/istanbul-lib-coverage': [ '2.0.6' ],
66 silly audit   '@types/istanbul-lib-report': [ '3.0.3' ],
66 silly audit   '@types/istanbul-reports': [ '3.0.4' ],
66 silly audit   '@types/json-schema': [ '7.0.15' ],
66 silly audit   '@types/json5': [ '0.0.29' ],
66 silly audit   '@types/node': [ '25.0.1' ],
66 silly audit   '@types/react': [ '19.1.17' ],
66 silly audit   '@types/stack-utils': [ '2.0.3' ],
66 silly audit   '@types/yargs': [ '17.0.35' ],
66 silly audit   '@types/yargs-parser': [ '21.0.3' ],
66 silly audit   '@typescript-eslint/eslint-plugin': [ '8.49.0' ],
66 silly audit   ignore: [ '7.0.5', '5.3.2' ],
66 silly audit   '@typescript-eslint/parser': [ '8.49.0' ],
66 silly audit   '@typescript-eslint/project-service': [ '8.49.0' ],
66 silly audit   '@typescript-eslint/scope-manager': [ '8.49.0' ],
66 silly audit   '@typescript-eslint/tsconfig-utils': [ '8.49.0' ],
66 silly audit   '@typescript-eslint/type-utils': [ '8.49.0' ],
66 silly audit   '@typescript-eslint/types': [ '8.49.0' ],
66 silly audit   '@typescript-eslint/typescript-estree': [ '8.49.0' ],
66 silly audit   '@typescript-eslint/utils': [ '8.49.0' ],
66 silly audit   '@typescript-eslint/visitor-keys': [ '8.49.0' ],
66 silly audit   '@ungap/structured-clone': [ '1.3.0' ],
66 silly audit   '@unrs/resolver-binding-android-arm-eabi': [ '1.11.1' ],
66 silly audit   '@unrs/resolver-binding-android-arm64': [ '1.11.1' ],
66 silly audit   '@unrs/resolver-binding-darwin-arm64': [ '1.11.1' ],
66 silly audit   '@unrs/resolver-binding-darwin-x64': [ '1.11.1' ],
66 silly audit   '@unrs/resolver-binding-freebsd-x64': [ '1.11.1' ],
66 silly audit   '@unrs/resolver-binding-linux-arm-gnueabihf': [ '1.11.1' ],
66 silly audit   '@unrs/resolver-binding-linux-arm-musleabihf': [ '1.11.1' ],
66 silly audit   '@unrs/resolver-binding-linux-arm64-gnu': [ '1.11.1' ],
66 silly audit   '@unrs/resolver-binding-linux-arm64-musl': [ '1.11.1' ],
66 silly audit   '@unrs/resolver-binding-linux-ppc64-gnu': [ '1.11.1' ],
66 silly audit   '@unrs/resolver-binding-linux-riscv64-gnu': [ '1.11.1' ],
66 silly audit   '@unrs/resolver-binding-linux-riscv64-musl': [ '1.11.1' ],
66 silly audit   '@unrs/resolver-binding-linux-s390x-gnu': [ '1.11.1' ],
66 silly audit   '@unrs/resolver-binding-linux-x64-gnu': [ '1.11.1' ],
66 silly audit   '@unrs/resolver-binding-linux-x64-musl': [ '1.11.1' ],
66 silly audit   '@unrs/resolver-binding-wasm32-wasi': [ '1.11.1' ],
66 silly audit   '@unrs/resolver-binding-win32-arm64-msvc': [ '1.11.1' ],
66 silly audit   '@unrs/resolver-binding-win32-ia32-msvc': [ '1.11.1' ],
66 silly audit   '@unrs/resolver-binding-win32-x64-msvc': [ '1.11.1' ],
66 silly audit   '@urql/core': [ '5.2.0' ],
66 silly audit   '@urql/exchange-retry': [ '1.3.2' ],
66 silly audit   '@xmldom/xmldom': [ '0.8.11' ],
66 silly audit   'abort-controller': [ '3.0.0' ],
66 silly audit   accepts: [ '1.3.8' ],
66 silly audit   acorn: [ '8.15.0' ],
66 silly audit   'acorn-jsx': [ '5.3.2' ],
66 silly audit   'agent-base': [ '7.1.4' ],
66 silly audit   ajv: [ '6.12.6', '8.18.0' ],
66 silly audit   anser: [ '1.4.10' ],
66 silly audit   'ansi-escapes': [ '4.3.2' ],
66 silly audit   'type-fest': [ '0.21.3', '0.7.1' ],
66 silly audit   'ansi-regex': [ '5.0.1', '4.1.1' ],
66 silly audit   'any-promise': [ '1.3.0' ],
66 silly audit   anymatch: [ '3.1.3' ],
66 silly audit   arg: [ '5.0.2' ],
66 silly audit   'aria-hidden': [ '1.2.6' ],
66 silly audit   'array-buffer-byte-length': [ '1.0.2' ],
66 silly audit   'array-includes': [ '3.1.9' ],
66 silly audit   'array.prototype.findlast': [ '1.2.5' ],
66 silly audit   'array.prototype.findlastindex': [ '1.2.6' ],
66 silly audit   'array.prototype.flat': [ '1.3.3' ],
66 silly audit   'array.prototype.flatmap': [ '1.3.3' ],
66 silly audit   'array.prototype.tosorted': [ '1.1.4' ],
66 silly audit   'arraybuffer.prototype.slice': [ '1.0.4' ],
66 silly audit   asap: [ '2.0.6' ],
66 silly audit   'async-function': [ '1.0.0' ],
66 silly audit   'async-limiter': [ '1.0.1' ],
66 silly audit   asynckit: [ '0.4.0' ],
66 silly audit   'at-least-node': [ '1.0.0' ],
66 silly audit   'available-typed-arrays': [ '1.0.7' ],
66 silly audit   axios: [ '1.13.2' ],
66 silly audit   'babel-jest': [ '29.7.0' ],
66 silly audit   'babel-plugin-istanbul': [ '6.1.1' ],
66 silly audit   'babel-plugin-jest-hoist': [ '29.6.3' ],
66 silly audit   'babel-plugin-polyfill-corejs2': [ '0.4.14' ],
66 silly audit   'babel-plugin-polyfill-corejs3': [ '0.13.0' ],
66 silly audit   'babel-plugin-polyfill-regenerator': [ '0.6.5' ],
66 silly audit   'babel-plugin-react-compiler': [ '1.0.0' ],
66 silly audit   'babel-plugin-react-native-web': [ '0.21.2' ],
66 silly audit   'babel-plugin-syntax-hermes-parser': [ '0.29.1' ],
66 silly audit   'babel-plugin-transform-flow-enums': [ '0.0.2' ],
66 silly audit   'babel-preset-current-node-syntax': [ '1.2.0' ],
66 silly audit   'babel-preset-expo': [ '54.0.8' ],
66 silly audit   'babel-preset-jest': [ '29.6.3' ],
66 silly audit   'balanced-match': [ '1.0.2' ],
66 silly audit   'base64-js': [ '1.5.1' ],
66 silly audit   'baseline-browser-mapping': [ '2.9.6' ],
66 silly audit   'better-opn': [ '3.0.2' ],
66 silly audit   open: [ '8.4.2', '7.4.2' ],
66 silly audit   'big-integer': [ '1.6.52' ],
66 silly audit   boolbase: [ '1.0.0' ],
66 silly audit   'bplist-creator': [ '0.1.0' ],
66 silly audit   'bplist-parser': [ '0.3.1' ],
66 silly audit   braces: [ '3.0.3' ],
66 silly audit   browserslist: [ '4.28.1' ],
66 silly audit   bser: [ '2.1.1' ],
66 silly audit   buffer: [ '5.7.1' ],
66 silly audit   'buffer-from': [ '1.1.2' ],
66 silly audit   bytes: [ '3.1.2' ],
66 silly audit   'call-bind': [ '1.0.8' ],
66 silly audit   'call-bind-apply-helpers': [ '1.0.2' ],
66 silly audit   'call-bound': [ '1.0.4' ],
66 silly audit   callsites: [ '3.1.0' ],
66 silly audit   'caniuse-lite': [ '1.0.30001760' ],
66 silly audit   chownr: [ '3.0.0' ],
66 silly audit   'chrome-launcher': [ '0.15.2' ],
66 silly audit   'chromium-edge-launcher': [ '0.2.0' ],
66 silly audit   'ci-info': [ '2.0.0', '3.9.0' ],
66 silly audit   'cli-cursor': [ '2.1.0' ],
66 silly audit   'cli-spinners': [ '2.9.2' ],
66 silly audit   'client-only': [ '0.0.1' ],
66 silly audit   cliui: [ '8.0.1' ],
66 silly audit   clone: [ '1.0.4' ],
66 silly audit   color: [ '4.2.3' ],
66 silly audit   'color-string': [ '1.9.1' ],
66 silly audit   'combined-stream': [ '1.0.8' ],
66 silly audit   commander: [ '7.2.0', '12.1.0', '4.1.1', '2.20.3' ],
66 silly audit   compressible: [ '2.0.18' ],
66 silly audit   compression: [ '1.8.1' ],
66 silly audit   ms: [ '2.0.0', '2.1.3' ],
66 silly audit   negotiator: [ '0.6.4', '0.6.3' ],
66 silly audit   'concat-map': [ '0.0.1' ],
66 silly audit   connect: [ '3.7.0' ],
66 silly audit   'convert-source-map': [ '2.0.0' ],
66 silly audit   'core-js-compat': [ '3.47.0' ],
66 silly audit   'cross-fetch': [ '3.2.0' ],
66 silly audit   'cross-spawn': [ '7.0.6' ],
66 silly audit   'crypto-random-string': [ '2.0.0' ],
66 silly audit   'css-in-js-utils': [ '3.1.0' ],
66 silly audit   'css-select': [ '5.2.2' ],
66 silly audit   'css-tree': [ '1.1.3' ],
66 silly audit   'source-map': [ '0.6.1', '0.5.7' ],
66 silly audit   'css-what': [ '6.2.2' ],
66 silly audit   csstype: [ '3.2.3' ],
66 silly audit   'data-view-buffer': [ '1.0.2' ],
66 silly audit   'data-view-byte-length': [ '1.0.2' ],
66 silly audit   'data-view-byte-offset': [ '1.0.1' ],
66 silly audit   'decode-uri-component': [ '0.2.2' ],
66 silly audit   'deep-extend': [ '0.6.0' ],
66 silly audit   'deep-is': [ '0.1.4' ],
66 silly audit   deepmerge: [ '4.3.1' ],
66 silly audit   defaults: [ '1.0.4' ],
66 silly audit   'define-data-property': [ '1.1.4' ],
66 silly audit   'define-lazy-prop': [ '2.0.0' ],
66 silly audit   'define-properties': [ '1.2.1' ],
66 silly audit   'delayed-stream': [ '1.0.0' ],
66 silly audit   depd: [ '2.0.0' ],
66 silly audit   destroy: [ '1.2.0' ],
66 silly audit   'detect-libc': [ '2.1.2' ],
66 silly audit   'detect-node-es': [ '1.1.0' ],
66 silly audit   doctrine: [ '2.1.0' ],
66 silly audit   'dom-serializer': [ '2.0.0' ],
66 silly audit   domelementtype: [ '2.3.0' ],
66 silly audit   domhandler: [ '5.0.3' ],
66 silly audit   domutils: [ '3.2.2' ],
66 silly audit   dotenv: [ '16.4.7' ],
66 silly audit   'dotenv-expand': [ '11.0.7' ],
66 silly audit   'dunder-proto': [ '1.0.1' ],
66 silly audit   'ee-first': [ '1.1.1' ],
66 silly audit   'electron-to-chromium': [ '1.5.267' ],
66 silly audit   'emoji-regex': [ '8.0.0' ],
66 silly audit   encodeurl: [ '1.0.2', '2.0.0' ],
66 silly audit   entities: [ '4.5.0' ],
66 silly audit   'env-editor': [ '0.4.2' ],
66 silly audit   'error-stack-parser': [ '2.1.4' ],
66 silly audit   'es-abstract': [ '1.24.0' ],
66 silly audit   'es-define-property': [ '1.0.1' ],
66 silly audit   'es-errors': [ '1.3.0' ],
66 silly audit   'es-iterator-helpers': [ '1.2.1' ],
66 silly audit   'es-object-atoms': [ '1.1.1' ],
66 silly audit   'es-set-tostringtag': [ '2.1.0' ],
66 silly audit   'es-shim-unscopables': [ '1.1.0' ],
66 silly audit   'es-to-primitive': [ '1.3.0' ],
66 silly audit   escalade: [ '3.2.0' ],
66 silly audit   'escape-html': [ '1.0.3' ],
66 silly audit   eslint: [ '9.39.1' ],
66 silly audit   'eslint-config-expo': [ '10.0.0' ],
66 silly audit   globals: [ '16.5.0', '14.0.0' ],
66 silly audit   'eslint-import-resolver-node': [ '0.3.9' ],
66 silly audit   'eslint-import-resolver-typescript': [ '3.10.1' ],
66 silly audit   'eslint-module-utils': [ '2.12.1' ],
66 silly audit   'eslint-plugin-expo': [ '1.0.0' ],
66 silly audit   'eslint-plugin-import': [ '2.32.0' ],
66 silly audit   'eslint-plugin-react': [ '7.37.5' ],
66 silly audit   'eslint-plugin-react-hooks': [ '5.2.0' ],
66 silly audit   resolve: [ '2.0.0-next.5', '1.7.1', '1.22.11' ],
66 silly audit   'eslint-scope': [ '8.4.0' ],
66 silly audit   espree: [ '10.4.0' ],
66 silly audit   esprima: [ '4.0.1' ],
66 silly audit   esquery: [ '1.6.0' ],
66 silly audit   esrecurse: [ '4.3.0' ],
66 silly audit   estraverse: [ '5.3.0' ],
66 silly audit   esutils: [ '2.0.3' ],
66 silly audit   etag: [ '1.8.1' ],
66 silly audit   'event-target-shim': [ '5.0.1' ],
66 silly audit   'exec-async': [ '2.2.0' ],
66 silly audit   expo: [ '54.0.29' ],
66 silly audit   'expo-application': [ '7.0.8' ],
66 silly audit   'expo-asset': [ '12.0.11' ],
66 silly audit   'expo-build-properties': [ '1.0.10' ],
66 silly audit   'json-schema-traverse': [ '1.0.0', '0.4.1' ],
66 silly audit   'expo-camera': [ '17.0.10' ],
66 silly audit   'expo-constants': [ '18.0.12' ],
66 silly audit   'expo-dev-client': [ '6.0.20' ],
66 silly audit   'expo-dev-launcher': [ '6.0.20' ],
66 silly audit   'expo-dev-menu': [ '7.0.18' ],
66 silly audit   'expo-dev-menu-interface': [ '2.0.0' ],
66 silly audit   'expo-device': [ '8.0.10' ],
66 silly audit   'ua-parser-js': [ '0.7.41', '1.0.41' ],
66 silly audit   'expo-file-system': [ '19.0.21' ],
66 silly audit   'expo-font': [ '14.0.10' ],
66 silly audit   'expo-haptics': [ '15.0.8' ],
66 silly audit   'expo-image': [ '3.0.11' ],
66 silly audit   'expo-json-utils': [ '0.15.0' ],
66 silly audit   'expo-keep-awake': [ '15.0.8' ],
66 silly audit   'expo-linear-gradient': [ '15.0.8' ],
66 silly audit   'expo-linking': [ '8.0.10' ],
66 silly audit   'expo-localization': [ '17.0.8' ],
66 silly audit   'expo-location': [ '19.0.8' ],
66 silly audit   'expo-manifests': [ '1.0.10' ],
66 silly audit   'expo-modules-autolinking': [ '3.0.23' ],
66 silly audit   'expo-modules-core': [ '3.0.29' ],
66 silly audit   'expo-router': [ '6.0.19' ],
66 silly audit   '@radix-ui/react-collection': [ '1.1.7' ],
66 silly audit   '@radix-ui/react-presence': [ '1.1.5' ],
66 silly audit   '@radix-ui/react-primitive': [ '2.1.3' ],
66 silly audit   '@radix-ui/react-roving-focus': [ '1.1.11' ],
66 silly audit   '@radix-ui/react-tabs': [ '1.1.13' ],
66 silly audit   'expo-secure-store': [ '15.0.8' ],
66 silly audit   'expo-sensors': [ '15.0.8' ],
66 silly audit   'expo-server': [ '1.0.5' ],
66 silly audit   'expo-splash-screen': [ '31.0.12' ],
66 silly audit   'expo-status-bar': [ '3.0.9' ],
66 silly audit   'expo-symbols': [ '1.0.8' ],
66 silly audit   'expo-system-ui': [ '6.0.9' ],
66 silly audit   'expo-updates-interface': [ '2.0.0' ],
66 silly audit   'expo-web-browser': [ '15.0.10' ],
66 silly audit   '@expo/cli': [ '54.0.19' ],
66 silly audit   picomatch: [ '3.0.1', '2.3.1', '4.0.3' ],
66 silly audit   'exponential-backoff': [ '3.1.3' ],
66 silly audit   'fast-deep-equal': [ '3.1.3' ],
66 silly audit   'fast-json-stable-stringify': [ '2.1.0' ],
66 silly audit   'fast-levenshtein': [ '2.0.6' ],
66 silly audit   'fast-uri': [ '3.1.0' ],
66 silly audit   'fb-watchman': [ '2.0.2' ],
66 silly audit   fbjs: [ '3.0.5' ],
66 silly audit   'fbjs-css-vars': [ '1.0.2' ],
66 silly audit   promise: [ '7.3.1', '8.3.0' ],
66 silly audit   'file-entry-cache': [ '8.0.0' ],
66 silly audit   'fill-range': [ '7.1.1' ],
66 silly audit   'filter-obj': [ '1.1.0' ],
66 silly audit   finalhandler: [ '1.1.2' ],
66 silly audit   'flat-cache': [ '4.0.1' ],
66 silly audit   flatted: [ '3.3.3' ],
66 silly audit   'flow-enums-runtime': [ '0.0.6' ],
66 silly audit   'follow-redirects': [ '1.15.11' ],
66 silly audit   fontfaceobserver: [ '2.3.0' ],
66 silly audit   'for-each': [ '0.3.5' ],
66 silly audit   'form-data': [ '4.0.5' ],
66 silly audit   'freeport-async': [ '2.0.0' ],
66 silly audit   fresh: [ '0.5.2' ],
66 silly audit   'fs-extra': [ '9.0.0' ],
66 silly audit   'fs.realpath': [ '1.0.0' ],
66 silly audit   fsevents: [ '2.3.3' ],
66 silly audit   'function-bind': [ '1.1.2' ],
66 silly audit   'function.prototype.name': [ '1.1.8' ],
66 silly audit   'functions-have-names': [ '1.2.3' ],
66 silly audit   'generator-function': [ '2.0.1' ],
66 silly audit   gensync: [ '1.0.0-beta.2' ],
66 silly audit   'get-caller-file': [ '2.0.5' ],
66 silly audit   'get-intrinsic': [ '1.3.0' ],
66 silly audit   'get-nonce': [ '1.0.1' ],
66 silly audit   'get-package-type': [ '0.1.0' ],
66 silly audit   'get-proto': [ '1.0.1' ],
66 silly audit   'get-symbol-description': [ '1.1.0' ],
66 silly audit   'get-tsconfig': [ '4.13.0' ],
66 silly audit   'glob-parent': [ '6.0.2' ],
66 silly audit   'global-dirs': [ '0.1.1' ],
66 silly audit   globalthis: [ '1.0.4' ],
66 silly audit   gopd: [ '1.2.0' ],
66 silly audit   'graceful-fs': [ '4.2.11' ],
66 silly audit   'has-bigints': [ '1.1.0' ],
66 silly audit   'has-property-descriptors': [ '1.0.2' ],
66 silly audit   'has-proto': [ '1.2.0' ],
66 silly audit   'has-symbols': [ '1.1.0' ],
66 silly audit   'has-tostringtag': [ '1.0.2' ],
66 silly audit   hasown: [ '2.0.2' ],
66 silly audit   'hermes-estree': [ '0.29.1', '0.32.0' ],
66 silly audit   'hermes-parser': [ '0.29.1', '0.32.0' ],
66 silly audit   'hoist-non-react-statics': [ '3.3.2' ],
66 silly audit   'react-is': [ '16.13.1', '18.3.1', '19.2.3' ],
66 silly audit   'hosted-git-info': [ '7.0.2' ],
66 silly audit   'lru-cache': [ '10.4.3', '5.1.1', '11.2.4' ],
66 silly audit   'http-errors': [ '2.0.0' ],
66 silly audit   statuses: [ '2.0.1', '1.5.0' ],
66 silly audit   'https-proxy-agent': [ '7.0.6' ],
66 silly audit   'hyphenate-style-name': [ '1.1.0' ],
66 silly audit   'iconsax-react-native': [ '0.0.8' ],
66 silly audit   ieee754: [ '1.2.1' ],
66 silly audit   'image-size': [ '1.2.1' ],
66 silly audit   'import-fresh': [ '3.3.1' ],
66 silly audit   'resolve-from': [ '4.0.0', '5.0.0' ],
66 silly audit   imurmurhash: [ '0.1.4' ],
66 silly audit   inflight: [ '1.0.6' ],
66 silly audit   inherits: [ '2.0.4' ],
66 silly audit   ini: [ '1.3.8' ],
66 silly audit   'inline-style-prefixer': [ '7.0.1' ],
66 silly audit   'internal-slot': [ '1.1.0' ],
66 silly audit   invariant: [ '2.2.4' ],
66 silly audit   'is-array-buffer': [ '3.0.5' ],
66 silly audit   'is-arrayish': [ '0.3.4' ],
66 silly audit   'is-async-function': [ '2.1.1' ],
66 silly audit   'is-bigint': [ '1.1.0' ],
66 silly audit   'is-boolean-object': [ '1.2.2' ],
66 silly audit   'is-bun-module': [ '2.0.0' ],
66 silly audit   'is-callable': [ '1.2.7' ],
66 silly audit   'is-core-module': [ '2.16.1' ],
66 silly audit   'is-data-view': [ '1.0.2' ],
66 silly audit   'is-date-object': [ '1.1.0' ],
66 silly audit   'is-docker': [ '2.2.1' ],
66 silly audit   'is-extglob': [ '2.1.1' ],
66 silly audit   'is-finalizationregistry': [ '1.1.1' ],
66 silly audit   'is-fullwidth-code-point': [ '3.0.0' ],
66 silly audit   'is-generator-function': [ '1.1.2' ],
66 silly audit   'is-glob': [ '4.0.3' ],
66 silly audit   'is-map': [ '2.0.3' ],
66 silly audit   'is-negative-zero': [ '2.0.3' ],
66 silly audit   'is-number': [ '7.0.0' ],
66 silly audit   'is-number-object': [ '1.1.1' ],
66 silly audit   'is-plain-obj': [ '2.1.0' ],
66 silly audit   'is-regex': [ '1.2.1' ],
66 silly audit   'is-set': [ '2.0.3' ],
66 silly audit   'is-shared-array-buffer': [ '1.0.4' ],
66 silly audit   'is-string': [ '1.1.1' ],
66 silly audit   'is-symbol': [ '1.1.1' ],
66 silly audit   'is-typed-array': [ '1.1.15' ],
66 silly audit   'is-weakmap': [ '2.0.2' ],
66 silly audit   'is-weakref': [ '1.1.1' ],
66 silly audit   'is-weakset': [ '2.0.4' ],
66 silly audit   'is-wsl': [ '2.2.0' ],
66 silly audit   isarray: [ '2.0.5' ],
66 silly audit   isexe: [ '2.0.0' ],
66 silly audit   'istanbul-lib-coverage': [ '3.2.2' ],
66 silly audit   'istanbul-lib-instrument': [ '5.2.1' ],
66 silly audit   'iterator.prototype': [ '1.1.5' ],
66 silly audit   'jest-environment-node': [ '29.7.0' ],
66 silly audit   'jest-get-type': [ '29.6.3' ],
66 silly audit   'jest-haste-map': [ '29.7.0' ],
66 silly audit   'jest-message-util': [ '29.7.0' ],
66 silly audit   'jest-mock': [ '29.7.0' ],
66 silly audit   'jest-regex-util': [ '29.6.3' ],
66 silly audit   'jest-util': [ '29.7.0' ],
66 silly audit   'jest-validate': [ '29.7.0' ],
66 silly audit   'jest-worker': [ '29.7.0' ],
66 silly audit   'jimp-compact': [ '0.16.1' ],
66 silly audit   'js-tokens': [ '4.0.0' ],
66 silly audit   'jsc-safe-url': [ '0.2.4' ],
66 silly audit   jsesc: [ '3.1.0' ],
66 silly audit   'json-buffer': [ '3.0.1' ],
66 silly audit   'json-stable-stringify-without-jsonify': [ '1.0.1' ],
66 silly audit   jsonfile: [ '6.2.0' ],
66 silly audit   universalify: [ '2.0.1', '1.0.0' ],
66 silly audit   'jsx-ast-utils': [ '3.3.5' ],
66 silly audit   keyv: [ '4.5.4' ],
66 silly audit   kleur: [ '3.0.3' ],
66 silly audit   'lan-network': [ '0.1.7' ],
66 silly audit   leven: [ '3.1.0' ],
66 silly audit   levn: [ '0.4.1' ],
66 silly audit   'lighthouse-logger': [ '1.4.2' ],
66 silly audit   lightningcss: [ '1.30.2' ],
66 silly audit   'lightningcss-android-arm64': [ '1.30.2' ],
66 silly audit   'lightningcss-darwin-arm64': [ '1.30.2' ],
66 silly audit   'lightningcss-darwin-x64': [ '1.30.2' ],
66 silly audit   'lightningcss-freebsd-x64': [ '1.30.2' ],
66 silly audit   'lightningcss-linux-arm-gnueabihf': [ '1.30.2' ],
66 silly audit   'lightningcss-linux-arm64-gnu': [ '1.30.2' ],
66 silly audit   'lightningcss-linux-arm64-musl': [ '1.30.2' ],
66 silly audit   'lightningcss-linux-x64-gnu': [ '1.30.2' ],
66 silly audit   'lightningcss-linux-x64-musl': [ '1.30.2' ],
66 silly audit   'lightningcss-win32-arm64-msvc': [ '1.30.2' ],
66 silly audit   'lightningcss-win32-x64-msvc': [ '1.30.2' ],
66 silly audit   'lines-and-columns': [ '1.2.4' ],
66 silly audit   'lodash.debounce': [ '4.0.8' ],
66 silly audit   'lodash.merge': [ '4.6.2' ],
66 silly audit   'lodash.throttle': [ '4.1.1' ],
66 silly audit   'log-symbols': [ '2.2.0' ],
66 silly audit   'loose-envify': [ '1.4.0' ],
66 silly audit   'lottie-react-native': [ '7.3.5' ],
66 silly audit   makeerror: [ '1.0.12' ],
66 silly audit   marky: [ '1.3.0' ],
66 silly audit   'math-intrinsics': [ '1.1.0' ],
66 silly audit   'mdn-data': [ '2.0.14' ],
66 silly audit   'memoize-one': [ '5.2.1', '6.0.0' ],
66 silly audit   'merge-options': [ '3.0.4' ],
66 silly audit   'merge-stream': [ '2.0.0' ],
66 silly audit   metro: [ '0.83.2' ],
66 silly audit   'metro-babel-transformer': [ '0.83.2' ],
66 silly audit   'metro-cache': [ '0.83.2' ],
66 silly audit   'metro-cache-key': [ '0.83.2' ],
66 silly audit   'metro-config': [ '0.83.2' ],
66 silly audit   'metro-core': [ '0.83.2' ],
66 silly audit   'metro-file-map': [ '0.83.2' ],
66 silly audit   'metro-minify-terser': [ '0.83.2' ],
66 silly audit   'metro-resolver': [ '0.83.2' ],
66 silly audit   'metro-runtime': [ '0.83.2' ],
66 silly audit   'metro-source-map': [ '0.83.2' ],
66 silly audit   'metro-symbolicate': [ '0.83.2' ],
66 silly audit   'metro-transform-plugins': [ '0.83.2' ],
66 silly audit   'metro-transform-worker': [ '0.83.2' ],
66 silly audit   micromatch: [ '4.0.8' ],
66 silly audit   mime: [ '1.6.0' ],
66 silly audit   'mime-db': [ '1.52.0' ],
66 silly audit   'mime-types': [ '2.1.35' ],
66 silly audit   'mimic-fn': [ '1.2.0' ],
66 silly audit   minimist: [ '1.2.8' ],
66 silly audit   minipass: [ '7.1.2' ],
66 silly audit   minizlib: [ '3.1.0' ],
66 silly audit   mkdirp: [ '1.0.4' ],
66 silly audit   mz: [ '2.7.0' ],
66 silly audit   nanoid: [ '3.3.11' ],
66 silly audit   'napi-postinstall': [ '0.3.4' ],
66 silly audit   'natural-compare': [ '1.4.0' ],
66 silly audit   'nested-error-stacks': [ '2.0.1' ],
66 silly audit   'node-fetch': [ '2.7.0' ],
66 silly audit   'node-forge': [ '1.3.3' ],
66 silly audit   'node-int64': [ '0.4.0' ],
66 silly audit   'node-releases': [ '2.0.27' ],
66 silly audit   'normalize-path': [ '3.0.0' ],
66 silly audit   'npm-package-arg': [ '11.0.3' ],
66 silly audit   'nth-check': [ '2.1.1' ],
66 silly audit   nullthrows: [ '1.1.1' ],
66 silly audit   ob1: [ '0.83.2' ],
66 silly audit   'object-assign': [ '4.1.1' ],
66 silly audit   'object-inspect': [ '1.13.4' ],
66 silly audit   'object-keys': [ '1.1.1' ],
66 silly audit   'object.assign': [ '4.1.7' ],
66 silly audit   'object.entries': [ '1.1.9' ],
66 silly audit   'object.fromentries': [ '2.0.8' ],
66 silly audit   'object.groupby': [ '1.0.3' ],
66 silly audit   'object.values': [ '1.2.1' ],
66 silly audit   'on-finished': [ '2.3.0', '2.4.1' ],
66 silly audit   'on-headers': [ '1.1.0' ],
66 silly audit   once: [ '1.4.0' ],
66 silly audit   onetime: [ '2.0.1' ],
66 silly audit   optionator: [ '0.9.4' ],
66 silly audit   ora: [ '3.4.0' ],
66 silly audit   'strip-ansi': [ '5.2.0', '6.0.1' ],
66 silly audit   'own-keys': [ '1.0.1' ],
66 silly audit   'p-try': [ '2.2.0' ],
66 silly audit   'parent-module': [ '1.0.1' ],
66 silly audit   'parse-png': [ '2.1.0' ],
66 silly audit   parseurl: [ '1.3.3' ],
66 silly audit   'path-exists': [ '4.0.0' ],
66 silly audit   'path-is-absolute': [ '1.0.1' ],
66 silly audit   'path-key': [ '3.1.1' ],
66 silly audit   'path-parse': [ '1.0.7' ],
66 silly audit   'path-scurry': [ '2.0.1' ],
66 silly audit   picocolors: [ '1.1.1' ],
66 silly audit   pirates: [ '4.0.7' ],
66 silly audit   plist: [ '3.1.0' ],
66 silly audit   pngjs: [ '3.4.0' ],
66 silly audit   'possible-typed-array-names': [ '1.1.0' ],
66 silly audit   postcss: [ '8.4.49' ],
66 silly audit   'postcss-value-parser': [ '4.2.0' ],
66 silly audit   'prelude-ls': [ '1.2.1' ],
66 silly audit   'pretty-bytes': [ '5.6.0' ],
66 silly audit   'pretty-format': [ '29.7.0' ],
66 silly audit   'proc-log': [ '4.2.0' ],
66 silly audit   progress: [ '2.0.3' ],
66 silly audit   prompts: [ '2.4.2' ],
66 silly audit   'prop-types': [ '15.8.1' ],
66 silly audit   'proxy-from-env': [ '1.1.0' ],
66 silly audit   punycode: [ '2.3.1' ],
66 silly audit   'qrcode-terminal': [ '0.11.0' ],
66 silly audit   'query-string': [ '7.1.3' ],
66 silly audit   queue: [ '6.0.2' ],
66 silly audit   'range-parser': [ '1.2.1' ],
66 silly audit   rc: [ '1.2.8' ],
66 silly audit   'strip-json-comments': [ '2.0.1', '3.1.1' ],
66 silly audit   react: [ '19.1.0' ],
66 silly audit   'react-devtools-core': [ '6.1.5' ],
66 silly audit   'react-dom': [ '19.1.0' ],
66 silly audit   'react-fast-compare': [ '3.2.2' ],
66 silly audit   'react-freeze': [ '1.0.4' ],
66 silly audit   'react-native': [ '0.81.5' ],
66 silly audit   'react-native-dotenv': [ '3.4.11' ],
66 silly audit   'react-native-gesture-handler': [ '2.28.0' ],
66 silly audit   'react-native-is-edge-to-edge': [ '1.2.1' ],
66 silly audit   'react-native-maps': [ '1.18.0' ],
66 silly audit   'react-native-network-logger': [ '2.0.1' ],
66 silly audit   'react-native-reanimated': [ '4.1.6' ],
66 silly audit   'react-native-safe-area-context': [ '5.6.2' ],
66 silly audit   'react-native-screens': [ '4.16.0' ],
66 silly audit   'react-native-svg': [ '15.12.1' ],
66 silly audit   'react-native-web': [ '0.21.2' ],
66 silly audit   'react-native-worklets': [ '0.5.1' ],
66 silly audit   '@react-native/virtualized-lists': [ '0.81.5' ],
66 silly audit   'react-refresh': [ '0.14.2' ],
66 silly audit   'react-remove-scroll': [ '2.7.2' ],
66 silly audit   'react-remove-scroll-bar': [ '2.3.8' ],
66 silly audit   'react-style-singleton': [ '2.2.3' ],
66 silly audit   'reflect.getprototypeof': [ '1.0.10' ],
66 silly audit   regenerate: [ '1.4.2' ],
66 silly audit   'regenerate-unicode-properties': [ '10.2.2' ],
66 silly audit   'regenerator-runtime': [ '0.13.11' ],
66 silly audit   'regexp.prototype.flags': [ '1.5.4' ],
66 silly audit   'regexpu-core': [ '6.4.0' ],
66 silly audit   regjsgen: [ '0.8.0' ],
66 silly audit   regjsparser: [ '0.13.0' ],
66 silly audit   'require-directory': [ '2.1.1' ],
66 silly audit   'require-from-string': [ '2.0.2' ],
66 silly audit   requireg: [ '0.2.2' ],
66 silly audit   'resolve-global': [ '1.0.0' ],
66 silly audit   'resolve-pkg-maps': [ '1.0.0' ],
66 silly audit   'resolve-workspace-root': [ '2.0.0' ],
66 silly audit   'resolve.exports': [ '2.0.3' ],
66 silly audit   'restore-cursor': [ '2.0.0' ],
66 silly audit   rimraf: [ '3.0.2' ],
66 silly audit   'rtl-detect': [ '1.1.2' ],
66 silly audit   'safe-array-concat': [ '1.1.3' ],
66 silly audit   'safe-buffer': [ '5.2.1' ],
66 silly audit   'safe-push-apply': [ '1.0.0' ],
66 silly audit   'safe-regex-test': [ '1.1.0' ],
66 silly audit   sax: [ '1.4.3' ],
66 silly audit   scheduler: [ '0.26.0' ],
66 silly audit   send: [ '0.19.0' ],
66 silly audit   'serialize-error': [ '2.1.0' ],
66 silly audit   'serve-static': [ '1.16.2' ],
66 silly audit   'server-only': [ '0.0.1' ],
66 silly audit   'set-function-length': [ '1.2.2' ],
66 silly audit   'set-function-name': [ '2.0.2' ],
66 silly audit   'set-proto': [ '1.0.0' ],
66 silly audit   setimmediate: [ '1.0.5' ],
66 silly audit   setprototypeof: [ '1.2.0' ],
66 silly audit   'sf-symbols-typescript': [ '2.2.0' ],
66 silly audit   shallowequal: [ '1.1.0' ],
66 silly audit   'shebang-command': [ '2.0.0' ],
66 silly audit   'shebang-regex': [ '3.0.0' ],
66 silly audit   'shell-quote': [ '1.8.3' ],
66 silly audit   'side-channel': [ '1.1.0' ],
66 silly audit   'side-channel-list': [ '1.0.0' ],
66 silly audit   'side-channel-map': [ '1.0.1' ],
66 silly audit   'side-channel-weakmap': [ '1.0.2' ],
66 silly audit   'signal-exit': [ '3.0.7' ],
66 silly audit   'simple-plist': [ '1.3.1' ],
66 silly audit   'simple-swizzle': [ '0.2.4' ],
66 silly audit   sisteransi: [ '1.0.5' ],
66 silly audit   slash: [ '3.0.0' ],
66 silly audit   slugify: [ '1.6.6' ],
66 silly audit   'source-map-js': [ '1.2.1' ],
66 silly audit   'source-map-support': [ '0.5.21' ],
66 silly audit   'split-on-first': [ '1.1.0' ],
66 silly audit   'sprintf-js': [ '1.0.3' ],
66 silly audit   'stable-hash': [ '0.0.5' ],
66 silly audit   'stack-utils': [ '2.0.6' ],
66 silly audit   stackframe: [ '1.3.4' ],
66 silly audit   'stacktrace-parser': [ '0.1.11' ],
66 silly audit   'stop-iteration-iterator': [ '1.1.0' ],
66 silly audit   'stream-buffers': [ '2.2.0' ],
66 silly audit   'strict-uri-encode': [ '2.0.0' ],
66 silly audit   'string-width': [ '4.2.3' ],
66 silly audit   'string.prototype.matchall': [ '4.0.12' ],
66 silly audit   'string.prototype.repeat': [ '1.0.0' ],
66 silly audit   'string.prototype.trim': [ '1.2.10' ],
66 silly audit   'string.prototype.trimend': [ '1.0.9' ],
66 silly audit   'string.prototype.trimstart': [ '1.0.8' ],
66 silly audit   'strip-bom': [ '3.0.0' ],
66 silly audit   'structured-headers': [ '0.4.1' ],
66 silly audit   styleq: [ '0.1.3' ],
66 silly audit   sucrase: [ '3.35.1' ],
66 silly audit   'supports-hyperlinks': [ '2.3.0' ],
66 silly audit   'supports-preserve-symlinks-flag': [ '1.0.0' ],
66 silly audit   tar: [ '7.5.2' ],
66 silly audit   yallist: [ '5.0.0', '3.1.1' ],
66 silly audit   'temp-dir': [ '2.0.0' ],
66 silly audit   'terminal-link': [ '2.1.1' ],
66 silly audit   terser: [ '5.44.1' ],
66 silly audit   'test-exclude': [ '6.0.0' ],
66 silly audit   thenify: [ '3.3.1' ],
66 silly audit   'thenify-all': [ '1.6.0' ],
66 silly audit   throat: [ '5.0.0' ],
66 silly audit   tinyglobby: [ '0.2.15' ],
66 silly audit   fdir: [ '6.5.0' ],
66 silly audit   tmpl: [ '1.0.5' ],
66 silly audit   'to-regex-range': [ '5.0.1' ],
66 silly audit   toidentifier: [ '1.0.1' ],
66 silly audit   tr46: [ '0.0.3' ],
66 silly audit   'ts-api-utils': [ '2.1.0' ],
66 silly audit   'ts-interface-checker': [ '0.1.13' ],
66 silly audit   'tsconfig-paths': [ '3.15.0' ],
66 silly audit   tslib: [ '2.8.1' ],
66 silly audit   'type-check': [ '0.4.0' ],
66 silly audit   'type-detect': [ '4.0.8' ],
66 silly audit   'typed-array-buffer': [ '1.0.3' ],
66 silly audit   'typed-array-byte-length': [ '1.0.3' ],
66 silly audit   'typed-array-byte-offset': [ '1.0.4' ],
66 silly audit   'typed-array-length': [ '1.0.7' ],
66 silly audit   typescript: [ '5.9.3' ],
66 silly audit   'unbox-primitive': [ '1.1.0' ],
66 silly audit   undici: [ '6.22.0' ],
66 silly audit   'undici-types': [ '7.16.0' ],
66 silly audit   'unicode-canonical-property-names-ecmascript': [ '2.0.1' ],
66 silly audit   'unicode-match-property-ecmascript': [ '2.0.0' ],
66 silly audit   'unicode-match-property-value-ecmascript': [ '2.2.1' ],
66 silly audit   'unicode-property-aliases-ecmascript': [ '2.2.0' ],
66 silly audit   'unique-string': [ '2.0.0' ],
66 silly audit   unpipe: [ '1.0.0' ],
66 silly audit   'unrs-resolver': [ '1.11.1' ],
66 silly audit   'update-browserslist-db': [ '1.2.2' ],
66 silly audit   'uri-js': [ '4.4.1' ],
66 silly audit   'use-callback-ref': [ '1.3.3' ],
66 silly audit   'use-latest-callback': [ '0.2.6' ],
66 silly audit   'use-sidecar': [ '1.1.3' ],
66 silly audit   'use-sync-external-store': [ '1.6.0' ],
66 silly audit   'utils-merge': [ '1.0.1' ],
66 silly audit   uuid: [ '7.0.3' ],
66 silly audit   'validate-npm-package-name': [ '5.0.1' ],
66 silly audit   vary: [ '1.1.2' ],
66 silly audit   vaul: [ '1.1.2' ],
66 silly audit   '@radix-ui/react-dialog': [ '1.1.15' ],
66 silly audit   '@radix-ui/react-dismissable-layer': [ '1.1.11' ],
66 silly audit   '@radix-ui/react-focus-scope': [ '1.1.7' ],
66 silly audit   '@radix-ui/react-portal': [ '1.1.9' ],
66 silly audit   vlq: [ '1.0.1' ],
66 silly audit   walker: [ '1.0.8' ],
66 silly audit   'warn-once': [ '0.1.1' ],
66 silly audit   wcwidth: [ '1.0.1' ],
66 silly audit   'webidl-conversions': [ '3.0.1', '5.0.0' ],
66 silly audit   'whatwg-fetch': [ '3.6.20' ],
66 silly audit   'whatwg-url': [ '5.0.0' ],
66 silly audit   'whatwg-url-without-unicode': [ '8.0.0-3' ],
66 silly audit   which: [ '2.0.2' ],
66 silly audit   'which-boxed-primitive': [ '1.1.1' ],
66 silly audit   'which-builtin-type': [ '1.2.1' ],
66 silly audit   'which-collection': [ '1.0.2' ],
66 silly audit   'which-typed-array': [ '1.1.19' ],
66 silly audit   wonka: [ '6.3.5' ],
66 silly audit   'word-wrap': [ '1.2.5' ],
66 silly audit   'wrap-ansi': [ '7.0.0' ],
66 silly audit   wrappy: [ '1.0.2' ],
66 silly audit   xcode: [ '3.0.1' ],
66 silly audit   xmldom: [ '0.5.0' ],
66 silly audit   y18n: [ '5.0.8' ],
66 silly audit   yaml: [ '2.8.2' ],
66 silly audit   yargs: [ '17.7.2' ],
66 silly audit   'yargs-parser': [ '21.1.1' ],
66 silly audit   'yocto-queue': [ '0.1.0' ],
66 silly audit   'react-native-map-clustering': [ '4.0.0' ],
66 silly audit   '@mapbox/geo-viewport': [ '0.4.1' ],
66 silly audit   supercluster: [ '8.0.1' ],
66 silly audit   '@mapbox/sphericalmercator': [ '1.1.0' ],
66 silly audit   kdbush: [ '4.0.2' ]
66 silly audit }
67 http cache @mapbox/sphericalmercator@https://registry.npmjs.org/@mapbox/sphericalmercator/-/sphericalmercator-1.1.0.tgz 0ms (cache hit)
68 http cache kdbush@https://registry.npmjs.org/kdbush/-/kdbush-4.0.2.tgz 0ms (cache hit)
69 http cache supercluster@https://registry.npmjs.org/supercluster/-/supercluster-8.0.1.tgz 0ms (cache hit)
70 http cache @mapbox/geo-viewport@https://registry.npmjs.org/@mapbox/geo-viewport/-/geo-viewport-0.4.1.tgz 0ms (cache hit)
71 http cache react-native-map-clustering@https://registry.npmjs.org/react-native-map-clustering/-/react-native-map-clustering-4.0.0.tgz 0ms (cache hit)
72 silly tarball no local data for @mapbox/sphericalmercator@https://registry.npmjs.org/@mapbox/sphericalmercator/-/sphericalmercator-1.1.0.tgz. Extracting by manifest.
73 silly tarball no local data for kdbush@https://registry.npmjs.org/kdbush/-/kdbush-4.0.2.tgz. Extracting by manifest.
74 silly tarball no local data for supercluster@https://registry.npmjs.org/supercluster/-/supercluster-8.0.1.tgz. Extracting by manifest.
75 silly tarball no local data for @mapbox/geo-viewport@https://registry.npmjs.org/@mapbox/geo-viewport/-/geo-viewport-0.4.1.tgz. Extracting by manifest.
76 silly tarball no local data for react-native-map-clustering@https://registry.npmjs.org/react-native-map-clustering/-/react-native-map-clustering-4.0.0.tgz. Extracting by manifest.
77 http fetch POST 200 https://registry.npmjs.org/-/npm/v1/security/advisories/bulk 247ms
78 silly audit report {
78 silly audit report   'brace-expansion': [
78 silly audit report     {
78 silly audit report       id: 1115540,
78 silly audit report       url: 'https://github.com/advisories/GHSA-f886-m6hf-6m8v',
78 silly audit report       title: 'brace-expansion: Zero-step sequence causes process hang and memory exhaustion',
78 silly audit report       severity: 'moderate',
78 silly audit report       vulnerable_versions: '<1.1.13',
78 silly audit report       cwe: [Array],
78 silly audit report       cvss: [Object]
78 silly audit report     },
78 silly audit report     {
78 silly audit report       id: 1115541,
78 silly audit report       url: 'https://github.com/advisories/GHSA-f886-m6hf-6m8v',
78 silly audit report       title: 'brace-expansion: Zero-step sequence causes process hang and memory exhaustion',
78 silly audit report       severity: 'moderate',
78 silly audit report       vulnerable_versions: '>=2.0.0 <2.0.3',
78 silly audit report       cwe: [Array],
78 silly audit report       cvss: [Object]
78 silly audit report     }
78 silly audit report   ],
78 silly audit report   minimatch: [
78 silly audit report     {
78 silly audit report       id: 1113459,
78 silly audit report       url: 'https://github.com/advisories/GHSA-3ppc-4f35-3m26',
78 silly audit report       title: 'minimatch has a ReDoS via repeated wildcards with non-matching literal in pattern',
78 silly audit report       severity: 'high',
78 silly audit report       vulnerable_versions: '<3.1.3',
78 silly audit report       cwe: [Array],
78 silly audit report       cvss: [Object]
78 silly audit report     },
78 silly audit report     {
78 silly audit report       id: 1113465,
78 silly audit report       url: 'https://github.com/advisories/GHSA-3ppc-4f35-3m26',
78 silly audit report       title: 'minimatch has a ReDoS via repeated wildcards with non-matching literal in pattern',
78 silly audit report       severity: 'high',
78 silly audit report       vulnerable_versions: '>=9.0.0 <9.0.6',
78 silly audit report       cwe: [Array],
78 silly audit report       cvss: [Object]
78 silly audit report     },
78 silly audit report     {
78 silly audit report       id: 1113466,
78 silly audit report       url: 'https://github.com/advisories/GHSA-3ppc-4f35-3m26',
78 silly audit report       title: 'minimatch has a ReDoS via repeated wildcards with non-matching literal in pattern',
78 silly audit report       severity: 'high',
78 silly audit report       vulnerable_versions: '>=10.0.0 <10.2.1',
78 silly audit report       cwe: [Array],
78 silly audit report       cvss: [Object]
78 silly audit report     },
78 silly audit report     {
78 silly audit report       id: 1113538,
78 silly audit report       url: 'https://github.com/advisories/GHSA-7r86-cg39-jmmj',
78 silly audit report       title: 'minimatch has ReDoS: matchOne() combinatorial backtracking via multiple non-adjacent GLOBSTAR segments',
78 silly audit report       severity: 'high',
78 silly audit report       vulnerable_versions: '<3.1.3',
78 silly audit report       cwe: [Array],
78 silly audit report       cvss: [Object]
78 silly audit report     },
78 silly audit report     {
78 silly audit report       id: 1113544,
78 silly audit report       url: 'https://github.com/advisories/GHSA-7r86-cg39-jmmj',
78 silly audit report       title: 'minimatch has ReDoS: matchOne() combinatorial backtracking via multiple non-adjacent GLOBSTAR segments',
78 silly audit report       severity: 'high',
78 silly audit report       vulnerable_versions: '>=9.0.0 <9.0.7',
78 silly audit report       cwe: [Array],
78 silly audit report       cvss: [Object]
78 silly audit report     },
78 silly audit report     {
78 silly audit report       id: 1113545,
78 silly audit report       url: 'https://github.com/advisories/GHSA-7r86-cg39-jmmj',
78 silly audit report       title: 'minimatch has ReDoS: matchOne() combinatorial backtracking via multiple non-adjacent GLOBSTAR segments',
78 silly audit report       severity: 'high',
78 silly audit report       vulnerable_versions: '>=10.0.0 <10.2.3',
78 silly audit report       cwe: [Array],
78 silly audit report       cvss: [Object]
78 silly audit report     },
78 silly audit report     {
78 silly audit report       id: 1113546,
78 silly audit report       url: 'https://github.com/advisories/GHSA-23c5-xmqv-rm74',
78 silly audit report       title: 'minimatch ReDoS: nested *() extglobs generate catastrophically backtracking regular expressions',
78 silly audit report       severity: 'high',
78 silly audit report       vulnerable_versions: '<3.1.4',
78 silly audit report       cwe: [Array],
78 silly audit report       cvss: [Object]
78 silly audit report     },
78 silly audit report     {
78 silly audit report       id: 1113552,
78 silly audit report       url: 'https://github.com/advisories/GHSA-23c5-xmqv-rm74',
78 silly audit report       title: 'minimatch ReDoS: nested *() extglobs generate catastrophically backtracking regular expressions',
78 silly audit report       severity: 'high',
78 silly audit report       vulnerable_versions: '>=9.0.0 <9.0.7',
78 silly audit report       cwe: [Array],
78 silly audit report       cvss: [Object]
78 silly audit report     },
78 silly audit report     {
78 silly audit report       id: 1113553,
78 silly audit report       url: 'https://github.com/advisories/GHSA-23c5-xmqv-rm74',
78 silly audit report       title: 'minimatch ReDoS: nested *() extglobs generate catastrophically backtracking regular expressions',
78 silly audit report       severity: 'high',
78 silly audit report       vulnerable_versions: '>=10.0.0 <10.2.3',
78 silly audit report       cwe: [Array],
78 silly audit report       cvss: [Object]
78 silly audit report     }
78 silly audit report   ],
78 silly audit report   '@isaacs/brace-expansion': [
78 silly audit report     {
78 silly audit report       id: 1112954,
78 silly audit report       url: 'https://github.com/advisories/GHSA-7h2j-956f-4vf2',
78 silly audit report       title: '@isaacs/brace-expansion has Uncontrolled Resource Consumption',
78 silly audit report       severity: 'high',
78 silly audit report       vulnerable_versions: '<=5.0.0',
78 silly audit report       cwe: [Array],
78 silly audit report       cvss: [Object]
78 silly audit report     }
78 silly audit report   ],
78 silly audit report   xml2js: [
78 silly audit report     {
78 silly audit report       id: 1096693,
78 silly audit report       url: 'https://github.com/advisories/GHSA-776f-qx25-q3cc',
78 silly audit report       title: 'xml2js is vulnerable to prototype pollution',
78 silly audit report       severity: 'moderate',
78 silly audit report       vulnerable_versions: '<0.5.0',
78 silly audit report       cwe: [Array],
78 silly audit report       cvss: [Object]
78 silly audit report     }
78 silly audit report   ],
78 silly audit report   '@xmldom/xmldom': [
78 silly audit report     {
78 silly audit report       id: 1115765,
78 silly audit report       url: 'https://github.com/advisories/GHSA-wh4c-j3r5-mjhp',
78 silly audit report       title: 'xmldom: XML injection via unsafe CDATA serialization allows attacker-controlled markup insertion',
78 silly audit report       severity: 'high',
78 silly audit report       vulnerable_versions: '<0.8.12',
78 silly audit report       cwe: [Array],
78 silly audit report       cvss: [Object]
78 silly audit report     }
78 silly audit report   ],
78 silly audit report   ajv: [
78 silly audit report     {
78 silly audit report       id: 1113714,
78 silly audit report       url: 'https://github.com/advisories/GHSA-2g4f-4pwh-qvx6',
78 silly audit report       title: 'ajv has ReDoS when using `$data` option',
78 silly audit report       severity: 'moderate',
78 silly audit report       vulnerable_versions: '<6.14.0',
78 silly audit report       cwe: [Array],
78 silly audit report       cvss: [Object]
78 silly audit report     }
78 silly audit report   ],
78 silly audit report   axios: [
78 silly audit report     {
78 silly audit report       id: 1113275,
78 silly audit report       url: 'https://github.com/advisories/GHSA-43fc-jf86-j433',
78 silly audit report       title: 'Axios is Vulnerable to Denial of Service via __proto__ Key in mergeConfig',
78 silly audit report       severity: 'high',
78 silly audit report       vulnerable_versions: '>=1.0.0 <=1.13.4',
78 silly audit report       cwe: [Array],
78 silly audit report       cvss: [Object]
78 silly audit report     }
78 silly audit report   ],
78 silly audit report   picomatch: [
78 silly audit report     {
78 silly audit report       id: 1115549,
78 silly audit report       url: 'https://github.com/advisories/GHSA-3v7f-55p6-f55p',
78 silly audit report       title: 'Picomatch: Method Injection in POSIX Character Classes causes incorrect Glob Matching',
78 silly audit report       severity: 'moderate',
78 silly audit report       vulnerable_versions: '<2.3.2',
78 silly audit report       cwe: [Array],
78 silly audit report       cvss: [Object]
78 silly audit report     },
78 silly audit report     {
78 silly audit report       id: 1115550,
78 silly audit report       url: 'https://github.com/advisories/GHSA-3v7f-55p6-f55p',
78 silly audit report       title: 'Picomatch: Method Injection in POSIX Character Classes causes incorrect Glob Matching',
78 silly audit report       severity: 'moderate',
78 silly audit report       vulnerable_versions: '>=3.0.0 <3.0.2',
78 silly audit report       cwe: [Array],
78 silly audit report       cvss: [Object]
78 silly audit report     },
78 silly audit report     {
78 silly audit report       id: 1115551,
78 silly audit report       url: 'https://github.com/advisories/GHSA-3v7f-55p6-f55p',
78 silly audit report       title: 'Picomatch: Method Injection in POSIX Character Classes causes incorrect Glob Matching',
78 silly audit report       severity: 'moderate',
78 silly audit report       vulnerable_versions: '>=4.0.0 <4.0.4',
78 silly audit report       cwe: [Array],
78 silly audit report       cvss: [Object]
78 silly audit report     },
78 silly audit report     {
78 silly audit report       id: 1115552,
78 silly audit report       url: 'https://github.com/advisories/GHSA-c2c7-rcm5-vvqj',
78 silly audit report       title: 'Picomatch has a ReDoS vulnerability via extglob quantifiers',
78 silly audit report       severity: 'high',
78 silly audit report       vulnerable_versions: '<2.3.2',
78 silly audit report       cwe: [Array],
78 silly audit report       cvss: [Object]
78 silly audit report     },
78 silly audit report     {
78 silly audit report       id: 1115553,
78 silly audit report       url: 'https://github.com/advisories/GHSA-c2c7-rcm5-vvqj',
78 silly audit report       title: 'Picomatch has a ReDoS vulnerability via extglob quantifiers',
78 silly audit report       severity: 'high',
78 silly audit report       vulnerable_versions: '>=3.0.0 <3.0.2',
78 silly audit report       cwe: [Array],
78 silly audit report       cvss: [Object]
78 silly audit report     },
78 silly audit report     {
78 silly audit report       id: 1115554,
78 silly audit report       url: 'https://github.com/advisories/GHSA-c2c7-rcm5-vvqj',
78 silly audit report       title: 'Picomatch has a ReDoS vulnerability via extglob quantifiers',
78 silly audit report       severity: 'high',
78 silly audit report       vulnerable_versions: '>=4.0.0 <4.0.4',
78 silly audit report       cwe: [Array],
78 silly audit report       cvss: [Object]
78 silly audit report     }
78 silly audit report   ],
78 silly audit report   flatted: [
78 silly audit report     {
78 silly audit report       id: 1114526,
78 silly audit report       url: 'https://github.com/advisories/GHSA-25h7-pfq9-p65f',
78 silly audit report       title: 'flatted vulnerable to unbounded recursion DoS in parse() revive phase',
78 silly audit report       severity: 'high',
78 silly audit report       vulnerable_versions: '<3.4.0',
78 silly audit report       cwe: [Array],
78 silly audit report       cvss: [Object]
78 silly audit report     },
78 silly audit report     {
78 silly audit report       id: 1115357,
78 silly audit report       url: 'https://github.com/advisories/GHSA-rf6f-7fwh-wjgh',
78 silly audit report       title: 'Prototype Pollution via parse() in NodeJS flatted',
78 silly audit report       severity: 'high',
78 silly audit report       vulnerable_versions: '<=3.4.1',
78 silly audit report       cwe: [Array],
78 silly audit report       cvss: [Object]
78 silly audit report     }
78 silly audit report   ],
78 silly audit report   'node-forge': [
78 silly audit report     {
78 silly audit report       id: 1115545,
78 silly audit report       url: 'https://github.com/advisories/GHSA-2328-f5f3-gj25',
78 silly audit report       title: 'Forge has a basicConstraints bypass in its certificate chain verification (RFC 5280 violation)',
78 silly audit report       severity: 'high',
78 silly audit report       vulnerable_versions: '<=1.3.3',
78 silly audit report       cwe: [Array],
78 silly audit report       cvss: [Object]
78 silly audit report     },
78 silly audit report     {
78 silly audit report       id: 1115546,
78 silly audit report       url: 'https://github.com/advisories/GHSA-q67f-28xg-22rw',
78 silly audit report       title: 'Forge has signature forgery in Ed25519 due to missing S > L check',
78 silly audit report       severity: 'high',
78 silly audit report       vulnerable_versions: '<1.4.0',
78 silly audit report       cwe: [Array],
78 silly audit report       cvss: [Object]
78 silly audit report     },
78 silly audit report     {
78 silly audit report       id: 1115548,
78 silly audit report       url: 'https://github.com/advisories/GHSA-5m6q-g25r-mvwx',
78 silly audit report       title: 'Forge has Denial of Service via Infinite Loop in BigInteger.modInverse() with Zero Input',
78 silly audit report       severity: 'high',
78 silly audit report       vulnerable_versions: '<1.4.0',
78 silly audit report       cwe: [Array],
78 silly audit report       cvss: [Object]
78 silly audit report     },
78 silly audit report     {
78 silly audit report       id: 1115612,
78 silly audit report       url: 'https://github.com/advisories/GHSA-ppp5-5v6c-4jwp',
78 silly audit report       title: 'Forge has signature forgery in RSA-PKCS due to ASN.1 extra field  ',
78 silly audit report       severity: 'high',
78 silly audit report       vulnerable_versions: '<1.4.0',
78 silly audit report       cwe: [Array],
78 silly audit report       cvss: [Object]
78 silly audit report     }
78 silly audit report   ],
78 silly audit report   tar: [
78 silly audit report     {
78 silly audit report       id: 1112659,
78 silly audit report       url: 'https://github.com/advisories/GHSA-34x7-hfp2-rc4v',
78 silly audit report       title: 'node-tar Vulnerable to Arbitrary File Creation/Overwrite via Hardlink Path Traversal',
78 silly audit report       severity: 'high',
78 silly audit report       vulnerable_versions: '<7.5.7',
78 silly audit report       cwe: [Array],
78 silly audit report       cvss: [Object]
78 silly audit report     },
78 silly audit report     {
78 silly audit report       id: 1113300,
78 silly audit report       url: 'https://github.com/advisories/GHSA-8qq5-rm4j-mr97',
78 silly audit report       title: 'node-tar is Vulnerable to Arbitrary File Overwrite and Symlink Poisoning via Insufficient Path Sanitization',
78 silly audit report       severity: 'high',
78 silly audit report       vulnerable_versions: '<=7.5.2',
78 silly audit report       cwe: [Array],
78 silly audit report       cvss: [Object]
78 silly audit report     },
78 silly audit report     {
78 silly audit report       id: 1113375,
78 silly audit report       url: 'https://github.com/advisories/GHSA-83g3-92jg-28cx',
78 silly audit report       title: 'Arbitrary File Read/Write via Hardlink Target Escape Through Symlink Chain in node-tar Extraction',
78 silly audit report       severity: 'high',
78 silly audit report       vulnerable_versions: '<7.5.8',
78 silly audit report       cwe: [Array],
78 silly audit report       cvss: [Object]
78 silly audit report     },
78 silly audit report     {
78 silly audit report       id: 1114200,
78 silly audit report       url: 'https://github.com/advisories/GHSA-qffp-2rhf-9h96',
78 silly audit report       title: 'tar has Hardlink Path Traversal via Drive-Relative Linkpath',
78 silly audit report       severity: 'high',
78 silly audit report       vulnerable_versions: '<=7.5.9',
78 silly audit report       cwe: [Array],
78 silly audit report       cvss: [Object]
78 silly audit report     },
78 silly audit report     {
78 silly audit report       id: 1114302,
78 silly audit report       url: 'https://github.com/advisories/GHSA-9ppj-qmqm-q256',
78 silly audit report       title: 'node-tar Symlink Path Traversal via Drive-Relative Linkpath',
78 silly audit report       severity: 'high',
78 silly audit report       vulnerable_versions: '<=7.5.10',
78 silly audit report       cwe: [Array],
78 silly audit report       cvss: [Object]
78 silly audit report     },
78 silly audit report     {
78 silly audit report       id: 1114680,
78 silly audit report       url: 'https://github.com/advisories/GHSA-r6q2-hw4h-h46w',
78 silly audit report       title: 'Race Condition in node-tar Path Reservations via Unicode Ligature Collisions on macOS APFS',
78 silly audit report       severity: 'high',
78 silly audit report       vulnerable_versions: '<=7.5.3',
78 silly audit report       cwe: [Array],
78 silly audit report       cvss: [Object]
78 silly audit report     }
78 silly audit report   ],
78 silly audit report   undici: [
78 silly audit report     {
78 silly audit report       id: 1112496,
78 silly audit report       url: 'https://github.com/advisories/GHSA-g9mf-h72j-4rw9',
78 silly audit report       title: 'Undici has an unbounded decompression chain in HTTP responses on Node.js Fetch API via Content-Encoding leads to resource exhaustion',
78 silly audit report       severity: 'moderate',
78 silly audit report       vulnerable_versions: '<6.23.0',
78 silly audit report       cwe: [Array],
78 silly audit report       cvss: [Object]
78 silly audit report     },
78 silly audit report     {
78 silly audit report       id: 1114592,
78 silly audit report       url: 'https://github.com/advisories/GHSA-f269-vfmq-vjvj',
78 silly audit report       title: 'Undici: Malicious WebSocket 64-bit length overflows parser and crashes the client',
78 silly audit report       severity: 'high',
78 silly audit report       vulnerable_versions: '>=6.0.0 <6.24.0',
78 silly audit report       cwe: [Array],
78 silly audit report       cvss: [Object]
78 silly audit report     },
78 silly audit report     {
78 silly audit report       id: 1114594,
78 silly audit report       url: 'https://github.com/advisories/GHSA-2mjp-6q6p-2qxm',
78 silly audit report       title: 'Undici has an HTTP Request/Response Smuggling issue',
78 silly audit report       severity: 'moderate',
78 silly audit report       vulnerable_versions: '<6.24.0',
78 silly audit report       cwe: [Array],
78 silly audit report       cvss: [Object]
78 silly audit report     },
78 silly audit report     {
78 silly audit report       id: 1114638,
78 silly audit report       url: 'https://github.com/advisories/GHSA-vrm6-8vpv-qv8q',
78 silly audit report       title: 'Undici has Unbounded Memory Consumption in WebSocket permessage-deflate Decompression',
78 silly audit report       severity: 'high',
78 silly audit report       vulnerable_versions: '<6.24.0',
78 silly audit report       cwe: [Array],
78 silly audit report       cvss: [Object]
78 silly audit report     },
78 silly audit report     {
78 silly audit report       id: 1114640,
78 silly audit report       url: 'https://github.com/advisories/GHSA-v9p9-hfj2-hcw8',
78 silly audit report       title: 'Undici has Unhandled Exception in WebSocket Client Due to Invalid server_max_window_bits Validation',
78 silly audit report       severity: 'high',
78 silly audit report       vulnerable_versions: '<6.24.0',
78 silly audit report       cwe: [Array],
78 silly audit report       cvss: [Object]
78 silly audit report     },
78 silly audit report     {
78 silly audit report       id: 1114642,
78 silly audit report       url: 'https://github.com/advisories/GHSA-4992-7rv2-5pvq',
78 silly audit report       title: 'Undici has CRLF Injection in undici via `upgrade` option',
78 silly audit report       severity: 'moderate',
78 silly audit report       vulnerable_versions: '<6.24.0',
78 silly audit report       cwe: [Array],
78 silly audit report       cvss: [Object]
78 silly audit report     }
78 silly audit report   ],
78 silly audit report   xmldom: [
78 silly audit report     {
78 silly audit report       id: 1096547,
78 silly audit report       url: 'https://github.com/advisories/GHSA-5fg8-2547-mr8q',
78 silly audit report       title: 'Misinterpretation of malicious XML input',
78 silly audit report       severity: 'moderate',
78 silly audit report       vulnerable_versions: '<=0.6.0',
78 silly audit report       cwe: [Array],
78 silly audit report       cvss: [Object]
78 silly audit report     },
78 silly audit report     {
78 silly audit report       id: 1115766,
78 silly audit report       url: 'https://github.com/advisories/GHSA-wh4c-j3r5-mjhp',
78 silly audit report       title: 'xmldom: XML injection via unsafe CDATA serialization allows attacker-controlled markup insertion',
78 silly audit report       severity: 'high',
78 silly audit report       vulnerable_versions: '<=0.6.0',
78 silly audit report       cwe: [Array],
78 silly audit report       cvss: [Object]
78 silly audit report     },
78 silly audit report     {
78 silly audit report       id: 1091573,
78 silly audit report       url: 'https://github.com/advisories/GHSA-crh6-fp67-6883',
78 silly audit report       title: 'xmldom allows multiple root nodes in a DOM',
78 silly audit report       severity: 'critical',
78 silly audit report       vulnerable_versions: '<=0.6.0',
78 silly audit report       cwe: [Array],
78 silly audit report       cvss: [Object]
78 silly audit report     }
78 silly audit report   ],
78 silly audit report   yaml: [
78 silly audit report     {
78 silly audit report       id: 1115556,
78 silly audit report       url: 'https://github.com/advisories/GHSA-48c2-rrv3-qjmp',
78 silly audit report       title: 'yaml is vulnerable to Stack Overflow via deeply nested YAML collections',
78 silly audit report       severity: 'moderate',
78 silly audit report       vulnerable_versions: '>=2.0.0 <2.8.3',
78 silly audit report       cwe: [Array],
78 silly audit report       cvss: [Object]
78 silly audit report     }
78 silly audit report   ]
78 silly audit report }
79 silly packumentCache corgi:https://registry.npmjs.org/brace-expansion cache-miss
80 silly packumentCache corgi:https://registry.npmjs.org/minimatch cache-miss
81 silly packumentCache corgi:https://registry.npmjs.org/@isaacs%2fbrace-expansion cache-miss
82 silly packumentCache corgi:https://registry.npmjs.org/xml2js cache-miss
83 silly packumentCache corgi:https://registry.npmjs.org/@xmldom%2fxmldom cache-miss
84 silly packumentCache corgi:https://registry.npmjs.org/ajv cache-miss
85 silly packumentCache corgi:https://registry.npmjs.org/axios cache-miss
86 silly packumentCache corgi:https://registry.npmjs.org/picomatch cache-miss
87 silly packumentCache corgi:https://registry.npmjs.org/flatted cache-miss
88 silly packumentCache corgi:https://registry.npmjs.org/node-forge cache-miss
89 silly packumentCache corgi:https://registry.npmjs.org/tar cache-miss
90 silly packumentCache corgi:https://registry.npmjs.org/undici cache-miss
91 silly packumentCache corgi:https://registry.npmjs.org/xmldom cache-miss
92 silly packumentCache corgi:https://registry.npmjs.org/yaml cache-miss
93 http fetch GET 200 https://registry.npmjs.org/kdbush/-/kdbush-4.0.2.tgz 255ms (cache miss)
94 http fetch GET 200 https://registry.npmjs.org/supercluster/-/supercluster-8.0.1.tgz 256ms (cache miss)
95 http fetch GET 200 https://registry.npmjs.org/@mapbox/sphericalmercator/-/sphericalmercator-1.1.0.tgz 259ms (cache miss)
96 http fetch GET 200 https://registry.npmjs.org/react-native-map-clustering/-/react-native-map-clustering-4.0.0.tgz 259ms (cache miss)
97 http fetch GET 200 https://registry.npmjs.org/brace-expansion 47ms (cache miss)
98 silly packumentCache corgi:https://registry.npmjs.org/brace-expansion set size:undefined disposed:false
99 http fetch GET 200 https://registry.npmjs.org/@isaacs%2fbrace-expansion 92ms (cache miss)
100 silly packumentCache corgi:https://registry.npmjs.org/@isaacs%2fbrace-expansion set size:undefined disposed:false
101 http fetch GET 200 https://registry.npmjs.org/yaml 91ms (cache miss)
102 silly packumentCache corgi:https://registry.npmjs.org/yaml set size:undefined disposed:false
103 http fetch GET 200 https://registry.npmjs.org/minimatch 95ms (cache miss)
104 silly packumentCache corgi:https://registry.npmjs.org/minimatch set size:undefined disposed:false
105 http fetch GET 200 https://registry.npmjs.org/@mapbox/geo-viewport/-/geo-viewport-0.4.1.tgz 474ms (cache miss)
106 http fetch GET 200 https://registry.npmjs.org/xml2js 390ms (cache miss)
107 silly packumentCache corgi:https://registry.npmjs.org/xml2js set size:undefined disposed:false
108 http fetch GET 200 https://registry.npmjs.org/picomatch 391ms (cache miss)
109 silly packumentCache corgi:https://registry.npmjs.org/picomatch set size:undefined disposed:false
110 http fetch GET 200 https://registry.npmjs.org/flatted 393ms (cache miss)
111 silly packumentCache corgi:https://registry.npmjs.org/flatted set size:undefined disposed:false
112 http fetch GET 200 https://registry.npmjs.org/@xmldom%2fxmldom 394ms (cache miss)
113 silly packumentCache corgi:https://registry.npmjs.org/@xmldom%2fxmldom set size:undefined disposed:false
114 http fetch GET 200 https://registry.npmjs.org/node-forge 397ms (cache miss)
115 silly packumentCache corgi:https://registry.npmjs.org/node-forge set size:undefined disposed:false
116 http fetch GET 200 https://registry.npmjs.org/tar 405ms (cache miss)
117 silly packumentCache corgi:https://registry.npmjs.org/tar set size:undefined disposed:false
118 http fetch GET 200 https://registry.npmjs.org/axios 409ms (cache miss)
119 silly packumentCache corgi:https://registry.npmjs.org/axios set size:undefined disposed:false
120 http fetch GET 200 https://registry.npmjs.org/ajv 412ms (cache miss)
121 silly packumentCache corgi:https://registry.npmjs.org/ajv set size:undefined disposed:false
122 http fetch GET 200 https://registry.npmjs.org/undici 413ms (cache miss)
123 silly packumentCache corgi:https://registry.npmjs.org/undici set size:undefined disposed:false
124 http fetch GET 200 https://registry.npmjs.org/xmldom 746ms (cache miss)
125 silly packumentCache corgi:https://registry.npmjs.org/xmldom set size:undefined disposed:false
126 silly packumentCache corgi:https://registry.npmjs.org/@eslint%2fconfig-array cache-miss
127 silly packumentCache corgi:https://registry.npmjs.org/@eslint%2feslintrc cache-miss
128 silly packumentCache corgi:https://registry.npmjs.org/glob cache-miss
129 silly packumentCache corgi:https://registry.npmjs.org/eslint cache-miss
130 silly packumentCache corgi:https://registry.npmjs.org/eslint-plugin-import cache-miss
131 silly packumentCache corgi:https://registry.npmjs.org/eslint-plugin-react cache-miss
132 silly packumentCache corgi:https://registry.npmjs.org/test-exclude cache-miss
133 http fetch GET 200 https://registry.npmjs.org/@eslint%2fconfig-array 92ms (cache miss)
134 silly packumentCache corgi:https://registry.npmjs.org/@eslint%2fconfig-array set size:undefined disposed:false
135 http fetch GET 200 https://registry.npmjs.org/@eslint%2feslintrc 101ms (cache miss)
136 silly packumentCache corgi:https://registry.npmjs.org/@eslint%2feslintrc set size:undefined disposed:false
137 http fetch GET 200 https://registry.npmjs.org/test-exclude 109ms (cache miss)
138 silly packumentCache corgi:https://registry.npmjs.org/test-exclude set size:undefined disposed:false
139 http fetch GET 200 https://registry.npmjs.org/glob 119ms (cache miss)
140 silly packumentCache corgi:https://registry.npmjs.org/glob set size:undefined disposed:false
141 http fetch GET 200 https://registry.npmjs.org/eslint-plugin-import 123ms (cache miss)
142 silly packumentCache corgi:https://registry.npmjs.org/eslint-plugin-import set size:undefined disposed:false
143 http fetch GET 200 https://registry.npmjs.org/eslint-plugin-react 125ms (cache miss)
144 silly packumentCache corgi:https://registry.npmjs.org/eslint-plugin-react set size:undefined disposed:false
145 http fetch GET 200 https://registry.npmjs.org/eslint 140ms (cache miss)
146 silly packumentCache corgi:https://registry.npmjs.org/eslint set size:undefined disposed:false
147 silly packumentCache corgi:https://registry.npmjs.org/@expo%2ffingerprint cache-miss
148 silly packumentCache corgi:https://registry.npmjs.org/@expo%2fmetro-config cache-miss
149 silly packumentCache corgi:https://registry.npmjs.org/@typescript-eslint%2ftypescript-estree cache-miss
150 silly packumentCache corgi:https://registry.npmjs.org/@expo%2fcli cache-miss
151 http fetch GET 200 https://registry.npmjs.org/@expo%2ffingerprint 145ms (cache miss)
152 silly packumentCache corgi:https://registry.npmjs.org/@expo%2ffingerprint set size:undefined disposed:false
153 http fetch GET 200 https://registry.npmjs.org/@expo%2fcli 166ms (cache miss)
154 silly packumentCache corgi:https://registry.npmjs.org/@expo%2fcli set size:undefined disposed:false
155 http fetch GET 200 https://registry.npmjs.org/@expo%2fmetro-config 415ms (cache miss)
156 silly packumentCache corgi:https://registry.npmjs.org/@expo%2fmetro-config set size:undefined disposed:false
157 http fetch GET 200 https://registry.npmjs.org/@typescript-eslint%2ftypescript-estree 702ms (cache miss)
158 silly packumentCache corgi:https://registry.npmjs.org/@typescript-eslint%2ftypescript-estree set size:undefined disposed:false
159 silly packumentCache corgi:https://registry.npmjs.org/@expo%2fconfig-plugins cache-miss
160 http fetch GET 200 https://registry.npmjs.org/@expo%2fconfig-plugins 173ms (cache miss)
161 silly packumentCache corgi:https://registry.npmjs.org/@expo%2fconfig-plugins set size:undefined disposed:false
162 silly packumentCache corgi:https://registry.npmjs.org/@expo%2fplist cache-miss
163 silly packumentCache corgi:https://registry.npmjs.org/plist cache-miss
164 http fetch GET 200 https://registry.npmjs.org/plist 64ms (cache miss)
165 silly packumentCache corgi:https://registry.npmjs.org/plist set size:undefined disposed:false
166 http fetch GET 200 https://registry.npmjs.org/@expo%2fplist 111ms (cache miss)
167 silly packumentCache corgi:https://registry.npmjs.org/@expo%2fplist set size:undefined disposed:false
168 silly packumentCache corgi:https://registry.npmjs.org/anymatch cache-miss
169 silly packumentCache corgi:https://registry.npmjs.org/jest-util cache-miss
170 silly packumentCache corgi:https://registry.npmjs.org/micromatch cache-miss
171 http fetch GET 200 https://registry.npmjs.org/anymatch 70ms (cache miss)
172 silly packumentCache corgi:https://registry.npmjs.org/anymatch set size:undefined disposed:false
173 http fetch GET 200 https://registry.npmjs.org/micromatch 71ms (cache miss)
174 silly packumentCache corgi:https://registry.npmjs.org/micromatch set size:undefined disposed:false
175 http fetch GET 200 https://registry.npmjs.org/jest-util 99ms (cache miss)
176 silly packumentCache corgi:https://registry.npmjs.org/jest-util set size:undefined disposed:false
177 silly packumentCache corgi:https://registry.npmjs.org/tinyglobby cache-miss
178 silly packumentCache corgi:https://registry.npmjs.org/fdir cache-miss
179 http fetch GET 200 https://registry.npmjs.org/tinyglobby 109ms (cache miss)
180 silly packumentCache corgi:https://registry.npmjs.org/tinyglobby set size:undefined disposed:false
181 http fetch GET 200 https://registry.npmjs.org/fdir 109ms (cache miss)
182 silly packumentCache corgi:https://registry.npmjs.org/fdir set size:undefined disposed:false
183 silly packumentCache corgi:https://registry.npmjs.org/flat-cache cache-miss
184 http fetch GET 200 https://registry.npmjs.org/flat-cache 108ms (cache miss)
185 silly packumentCache corgi:https://registry.npmjs.org/flat-cache set size:undefined disposed:false
186 silly packumentCache corgi:https://registry.npmjs.org/@expo%2fcode-signing-certificates cache-miss
187 http fetch GET 200 https://registry.npmjs.org/@expo%2fcode-signing-certificates 99ms (cache miss)
188 silly packumentCache corgi:https://registry.npmjs.org/@expo%2fcode-signing-certificates set size:undefined disposed:false
189 silly packumentCache corgi:https://registry.npmjs.org/@sentry%2fcli cache-miss
190 http fetch GET 200 https://registry.npmjs.org/@sentry%2fcli 946ms (cache miss)
191 silly packumentCache corgi:https://registry.npmjs.org/@sentry%2fcli set size:undefined disposed:false
192 silly packumentCache corgi:https://registry.npmjs.org/metro-config cache-miss
193 http fetch GET 200 https://registry.npmjs.org/metro-config 282ms (cache miss)
194 silly packumentCache corgi:https://registry.npmjs.org/metro-config set size:undefined disposed:false
195 silly packumentCache corgi:https://registry.npmjs.org/@react-native-voice%2fvoice cache-miss
196 http fetch GET 200 https://registry.npmjs.org/@react-native-voice%2fvoice 890ms (cache miss)
197 silly packumentCache corgi:https://registry.npmjs.org/@react-native-voice%2fvoice set size:undefined disposed:false
198 silly ADD node_modules/kdbush
199 silly ADD node_modules/@mapbox/sphericalmercator
200 silly ADD node_modules/supercluster
201 silly ADD node_modules/@mapbox/geo-viewport
202 silly ADD node_modules/react-native-map-clustering
203 verbose cwd /Users/abdulbakibilici/Projects/efish
204 verbose os Darwin 25.3.0
205 verbose node v25.2.1
206 verbose npm  v11.6.2
207 verbose exit 0
208 info ok
