0 verbose cli /usr/local/bin/node /usr/local/lib/node_modules/npm/bin/npm-cli.js
1 info using npm@11.6.2
2 info using node@v25.2.1
3 silly config load:file:/usr/local/lib/node_modules/npm/npmrc
4 silly config load:file:/Users/abdulbakibilici/Projects/efish/.npmrc
5 silly config load:file:/Users/abdulbakibilici/.npmrc
6 silly config load:file:/usr/local/etc/npmrc
7 verbose title npm exec expo config --json
8 verbose argv "exec" "--" "expo" "config" "--json"
9 verbose logfile logs-max:10 dir:/Users/abdulbakibilici/Projects/efish/.npm-cache/_logs/2026-02-25T19_14_30_884Z-
10 verbose logfile /Users/abdulbakibilici/Projects/efish/.npm-cache/_logs/2026-02-25T19_14_30_884Z-debug-0.log
11 silly logfile done cleaning log files
12 http fetch GET 200 https://registry.npmjs.org/npm 398ms
13 verbose cwd /Users/abdulbakibilici/Projects/efish
14 verbose os Darwin 25.3.0
15 verbose node v25.2.1
16 verbose npm  v11.6.2
17 notice
17 notice New minor version of npm available! 11.6.2 -> 11.10.1
17 notice Changelog: https://github.com/npm/cli/releases/tag/v11.10.1
17 notice To update run: npm install -g npm@11.10.1
17 notice  { force: true, Symbol(proc-log.meta): true }
18 verbose exit 0
19 info ok
