0 verbose cli /usr/local/bin/node /usr/local/bin/npm
1 info using npm@11.6.2
2 info using node@v25.2.1
3 silly config load:file:/usr/local/lib/node_modules/npm/npmrc
4 silly config load:file:/Users/abdulbakibilici/Projects/efish/.npmrc
5 silly config load:file:/Users/abdulbakibilici/.npmrc
6 silly config load:file:/usr/local/etc/npmrc
7 verbose title npm i @sentry/react-native/expo
8 verbose argv "i" "@sentry/react-native/expo"
9 verbose logfile logs-max:10 dir:/Users/abdulbakibilici/Projects/efish/.npm-cache/_logs/2026-02-19T08_58_10_642Z-
10 verbose logfile /Users/abdulbakibilici/Projects/efish/.npm-cache/_logs/2026-02-19T08_58_10_642Z-debug-0.log
11 silly logfile done cleaning log files
12 silly packumentCache heap:4496293888 maxSize:1124073472 maxEntrySize:562036736
13 verbose stack Error: Could not read package.json: Error: ENOENT: no such file or directory, open '/Users/abdulbakibilici/Projects/efish/@sentry/react-native/expo/package.json'
13 verbose stack     at async open (node:internal/fs/promises:641:25)
13 verbose stack     at async readFile (node:internal/fs/promises:1279:14)
13 verbose stack     at async read (/usr/local/lib/node_modules/npm/node_modules/@npmcli/package-json/lib/read-package.js:9:18)
13 verbose stack     at async PackageJson.load (/usr/local/lib/node_modules/npm/node_modules/@npmcli/package-json/lib/index.js:131:31)
13 verbose stack     at async PackageJson.normalize (/usr/local/lib/node_modules/npm/node_modules/@npmcli/package-json/lib/index.js:117:5)
13 verbose stack     at async /usr/local/lib/node_modules/npm/node_modules/@npmcli/arborist/lib/arborist/build-ideal-tree.js:539:22
13 verbose stack     at async Promise.all (index 0)
13 verbose stack     at async #add (/usr/local/lib/node_modules/npm/node_modules/@npmcli/arborist/lib/arborist/build-ideal-tree.js:528:5)
13 verbose stack     at async #applyUserRequestsToNode (/usr/local/lib/node_modules/npm/node_modules/@npmcli/arborist/lib/arborist/build-ideal-tree.js:497:7)
13 verbose stack     at async #applyUserRequests (/usr/local/lib/node_modules/npm/node_modules/@npmcli/arborist/lib/arborist/build-ideal-tree.js:433:7)
14 error code ENOENT
15 error syscall open
16 error path /Users/abdulbakibilici/Projects/efish/@sentry/react-native/expo/package.json
17 error errno -2
18 error enoent Could not read package.json: Error: ENOENT: no such file or directory, open '/Users/abdulbakibilici/Projects/efish/@sentry/react-native/expo/package.json'
19 error enoent This is related to npm not being able to find a file.
19 error enoent
20 silly unfinished npm timer reify 1771491490812
21 silly unfinished npm timer reify:loadTrees 1771491490813
22 silly unfinished npm timer idealTree:userRequests 1771491490922
23 verbose cwd /Users/abdulbakibilici/Projects/efish
24 verbose os Darwin 25.3.0
25 verbose node v25.2.1
26 verbose npm  v11.6.2
27 verbose exit -2
28 verbose code -2
29 error A complete log of this run can be found in: /Users/abdulbakibilici/Projects/efish/.npm-cache/_logs/2026-02-19T08_58_10_642Z-debug-0.log
